ARM GAS  C:\Users\mewin\AppData\Local\Temp\ccp9i4q0.s 			page 1


   1              		.syntax unified
   2              		.cpu cortex-m0
   3              		.fpu softvfp
   4              		.eabi_attribute 20, 1
   5              		.eabi_attribute 21, 1
   6              		.eabi_attribute 23, 3
   7              		.eabi_attribute 24, 1
   8              		.eabi_attribute 25, 1
   9              		.eabi_attribute 26, 1
  10              		.eabi_attribute 30, 1
  11              		.eabi_attribute 34, 0
  12              		.eabi_attribute 18, 4
  13              		.thumb
  14              		.syntax unified
  15              		.file	"I2C_I2C.c"
  16              		.text
  17              	.Ltext0:
  18              		.cfi_sections	.debug_frame
  19              		.section	.text.I2C_I2CInit,"ax",%progbits
  20              		.align	2
  21              		.global	I2C_I2CInit
  22              		.code	16
  23              		.thumb_func
  24              		.type	I2C_I2CInit, %function
  25              	I2C_I2CInit:
  26              	.LFB1:
  27              		.file 1 "Generated_Source\\PSoC4\\I2C_I2C.c"
   1:Generated_Source\PSoC4/I2C_I2C.c **** /***************************************************************************//**
   2:Generated_Source\PSoC4/I2C_I2C.c **** * \file I2C_I2C.c
   3:Generated_Source\PSoC4/I2C_I2C.c **** * \version 4.0
   4:Generated_Source\PSoC4/I2C_I2C.c **** *
   5:Generated_Source\PSoC4/I2C_I2C.c **** * \brief
   6:Generated_Source\PSoC4/I2C_I2C.c **** *  This file provides the source code to the API for the SCB Component in
   7:Generated_Source\PSoC4/I2C_I2C.c **** *  I2C mode.
   8:Generated_Source\PSoC4/I2C_I2C.c **** *
   9:Generated_Source\PSoC4/I2C_I2C.c **** * Note:
  10:Generated_Source\PSoC4/I2C_I2C.c **** *
  11:Generated_Source\PSoC4/I2C_I2C.c **** *******************************************************************************
  12:Generated_Source\PSoC4/I2C_I2C.c **** * \copyright
  13:Generated_Source\PSoC4/I2C_I2C.c **** * Copyright 2013-2017, Cypress Semiconductor Corporation.  All rights reserved.
  14:Generated_Source\PSoC4/I2C_I2C.c **** * You may use this file only in accordance with the license, terms, conditions,
  15:Generated_Source\PSoC4/I2C_I2C.c **** * disclaimers, and limitations in the end user license agreement accompanying
  16:Generated_Source\PSoC4/I2C_I2C.c **** * the software package with which this file was provided.
  17:Generated_Source\PSoC4/I2C_I2C.c **** *******************************************************************************/
  18:Generated_Source\PSoC4/I2C_I2C.c **** 
  19:Generated_Source\PSoC4/I2C_I2C.c **** #include "I2C_PVT.h"
  20:Generated_Source\PSoC4/I2C_I2C.c **** #include "I2C_I2C_PVT.h"
  21:Generated_Source\PSoC4/I2C_I2C.c **** 
  22:Generated_Source\PSoC4/I2C_I2C.c **** 
  23:Generated_Source\PSoC4/I2C_I2C.c **** /***************************************
  24:Generated_Source\PSoC4/I2C_I2C.c **** *      I2C Private Vars
  25:Generated_Source\PSoC4/I2C_I2C.c **** ***************************************/
  26:Generated_Source\PSoC4/I2C_I2C.c **** 
  27:Generated_Source\PSoC4/I2C_I2C.c **** volatile uint8 I2C_state;  /* Current state of I2C FSM */
  28:Generated_Source\PSoC4/I2C_I2C.c **** 
  29:Generated_Source\PSoC4/I2C_I2C.c **** #if(I2C_SCB_MODE_UNCONFIG_CONST_CFG)
  30:Generated_Source\PSoC4/I2C_I2C.c **** 
ARM GAS  C:\Users\mewin\AppData\Local\Temp\ccp9i4q0.s 			page 2


  31:Generated_Source\PSoC4/I2C_I2C.c ****     /***************************************
  32:Generated_Source\PSoC4/I2C_I2C.c ****     *  Configuration Structure Initialization
  33:Generated_Source\PSoC4/I2C_I2C.c ****     ***************************************/
  34:Generated_Source\PSoC4/I2C_I2C.c **** 
  35:Generated_Source\PSoC4/I2C_I2C.c ****     /* Constant configuration of I2C */
  36:Generated_Source\PSoC4/I2C_I2C.c ****     const I2C_I2C_INIT_STRUCT I2C_configI2C =
  37:Generated_Source\PSoC4/I2C_I2C.c ****     {
  38:Generated_Source\PSoC4/I2C_I2C.c ****         I2C_I2C_MODE,
  39:Generated_Source\PSoC4/I2C_I2C.c ****         I2C_I2C_OVS_FACTOR_LOW,
  40:Generated_Source\PSoC4/I2C_I2C.c ****         I2C_I2C_OVS_FACTOR_HIGH,
  41:Generated_Source\PSoC4/I2C_I2C.c ****         I2C_I2C_MEDIAN_FILTER_ENABLE,
  42:Generated_Source\PSoC4/I2C_I2C.c ****         I2C_I2C_SLAVE_ADDRESS,
  43:Generated_Source\PSoC4/I2C_I2C.c ****         I2C_I2C_SLAVE_ADDRESS_MASK,
  44:Generated_Source\PSoC4/I2C_I2C.c ****         I2C_I2C_ACCEPT_ADDRESS,
  45:Generated_Source\PSoC4/I2C_I2C.c ****         I2C_I2C_WAKE_ENABLE,
  46:Generated_Source\PSoC4/I2C_I2C.c ****         I2C_I2C_BYTE_MODE_ENABLE,
  47:Generated_Source\PSoC4/I2C_I2C.c ****         I2C_I2C_DATA_RATE,
  48:Generated_Source\PSoC4/I2C_I2C.c ****         I2C_I2C_ACCEPT_GENERAL_CALL,
  49:Generated_Source\PSoC4/I2C_I2C.c ****     };
  50:Generated_Source\PSoC4/I2C_I2C.c **** 
  51:Generated_Source\PSoC4/I2C_I2C.c ****     /*******************************************************************************
  52:Generated_Source\PSoC4/I2C_I2C.c ****     * Function Name: I2C_I2CInit
  53:Generated_Source\PSoC4/I2C_I2C.c ****     ****************************************************************************//**
  54:Generated_Source\PSoC4/I2C_I2C.c ****     *
  55:Generated_Source\PSoC4/I2C_I2C.c ****     *
  56:Generated_Source\PSoC4/I2C_I2C.c ****     *  Configures the I2C for I2C operation.
  57:Generated_Source\PSoC4/I2C_I2C.c ****     *
  58:Generated_Source\PSoC4/I2C_I2C.c ****     *  This function is intended specifically to be used when the I2C 
  59:Generated_Source\PSoC4/I2C_I2C.c ****     *  configuration is set to “Unconfigured I2C” in the customizer. 
  60:Generated_Source\PSoC4/I2C_I2C.c ****     *  After initializing the I2C in I2C mode using this function, 
  61:Generated_Source\PSoC4/I2C_I2C.c ****     *  the component can be enabled using the I2C_Start() or 
  62:Generated_Source\PSoC4/I2C_I2C.c ****     * I2C_Enable() function.
  63:Generated_Source\PSoC4/I2C_I2C.c ****     *  This function uses a pointer to a structure that provides the configuration 
  64:Generated_Source\PSoC4/I2C_I2C.c ****     *  settings. This structure contains the same information that would otherwise 
  65:Generated_Source\PSoC4/I2C_I2C.c ****     *  be provided by the customizer settings.
  66:Generated_Source\PSoC4/I2C_I2C.c ****     *
  67:Generated_Source\PSoC4/I2C_I2C.c ****     *  \param config: pointer to a structure that contains the following list of 
  68:Generated_Source\PSoC4/I2C_I2C.c ****     *   fields. These fields match the selections available in the customizer. 
  69:Generated_Source\PSoC4/I2C_I2C.c ****     *   Refer to the customizer for further description of the settings.
  70:Generated_Source\PSoC4/I2C_I2C.c ****     *
  71:Generated_Source\PSoC4/I2C_I2C.c ****     *******************************************************************************/
  72:Generated_Source\PSoC4/I2C_I2C.c ****     void I2C_I2CInit(const I2C_I2C_INIT_STRUCT *config)
  73:Generated_Source\PSoC4/I2C_I2C.c ****     {
  74:Generated_Source\PSoC4/I2C_I2C.c ****         uint32 medianFilter;
  75:Generated_Source\PSoC4/I2C_I2C.c ****         uint32 locEnableWake;
  76:Generated_Source\PSoC4/I2C_I2C.c **** 
  77:Generated_Source\PSoC4/I2C_I2C.c ****         if(NULL == config)
  78:Generated_Source\PSoC4/I2C_I2C.c ****         {
  79:Generated_Source\PSoC4/I2C_I2C.c ****             CYASSERT(0u != 0u); /* Halt execution due to bad function parameter */
  80:Generated_Source\PSoC4/I2C_I2C.c ****         }
  81:Generated_Source\PSoC4/I2C_I2C.c ****         else
  82:Generated_Source\PSoC4/I2C_I2C.c ****         {
  83:Generated_Source\PSoC4/I2C_I2C.c ****             /* Configure pins */
  84:Generated_Source\PSoC4/I2C_I2C.c ****             I2C_SetPins(I2C_SCB_MODE_I2C, I2C_DUMMY_PARAM,
  85:Generated_Source\PSoC4/I2C_I2C.c ****                                      I2C_DUMMY_PARAM);
  86:Generated_Source\PSoC4/I2C_I2C.c **** 
  87:Generated_Source\PSoC4/I2C_I2C.c ****             /* Store internal configuration */
ARM GAS  C:\Users\mewin\AppData\Local\Temp\ccp9i4q0.s 			page 3


  88:Generated_Source\PSoC4/I2C_I2C.c ****             I2C_scbMode       = (uint8) I2C_SCB_MODE_I2C;
  89:Generated_Source\PSoC4/I2C_I2C.c ****             I2C_scbEnableWake = (uint8) config->enableWake;
  90:Generated_Source\PSoC4/I2C_I2C.c ****             I2C_scbEnableIntr = (uint8) I2C_SCB_IRQ_INTERNAL;
  91:Generated_Source\PSoC4/I2C_I2C.c **** 
  92:Generated_Source\PSoC4/I2C_I2C.c ****             I2C_mode          = (uint8) config->mode;
  93:Generated_Source\PSoC4/I2C_I2C.c ****             I2C_acceptAddr    = (uint8) config->acceptAddr;
  94:Generated_Source\PSoC4/I2C_I2C.c **** 
  95:Generated_Source\PSoC4/I2C_I2C.c ****         #if (I2C_CY_SCBIP_V0)
  96:Generated_Source\PSoC4/I2C_I2C.c ****             /* Adjust SDA filter settings. Ticket ID#150521 */
  97:Generated_Source\PSoC4/I2C_I2C.c ****             I2C_SET_I2C_CFG_SDA_FILT_TRIM(I2C_EC_AM_I2C_CFG_SDA_FILT_TRIM);
  98:Generated_Source\PSoC4/I2C_I2C.c ****         #endif /* (I2C_CY_SCBIP_V0) */
  99:Generated_Source\PSoC4/I2C_I2C.c **** 
 100:Generated_Source\PSoC4/I2C_I2C.c ****             /* Adjust AF and DF filter settings. Ticket ID#176179 */
 101:Generated_Source\PSoC4/I2C_I2C.c ****             if (((I2C_I2C_MODE_SLAVE != config->mode) &&
 102:Generated_Source\PSoC4/I2C_I2C.c ****                  (config->dataRate <= I2C_I2C_DATA_RATE_FS_MODE_MAX)) ||
 103:Generated_Source\PSoC4/I2C_I2C.c ****                  (I2C_I2C_MODE_SLAVE == config->mode))
 104:Generated_Source\PSoC4/I2C_I2C.c ****             {
 105:Generated_Source\PSoC4/I2C_I2C.c ****                 /* AF = 1, DF = 0 */
 106:Generated_Source\PSoC4/I2C_I2C.c ****                 I2C_I2C_CFG_ANALOG_FITER_ENABLE;
 107:Generated_Source\PSoC4/I2C_I2C.c ****                 medianFilter = I2C_DIGITAL_FILTER_DISABLE;
 108:Generated_Source\PSoC4/I2C_I2C.c ****             }
 109:Generated_Source\PSoC4/I2C_I2C.c ****             else
 110:Generated_Source\PSoC4/I2C_I2C.c ****             {
 111:Generated_Source\PSoC4/I2C_I2C.c ****                 /* AF = 0, DF = 1 */
 112:Generated_Source\PSoC4/I2C_I2C.c ****                 I2C_I2C_CFG_ANALOG_FITER_DISABLE;
 113:Generated_Source\PSoC4/I2C_I2C.c ****                 medianFilter = I2C_DIGITAL_FILTER_ENABLE;
 114:Generated_Source\PSoC4/I2C_I2C.c ****             }
 115:Generated_Source\PSoC4/I2C_I2C.c **** 
 116:Generated_Source\PSoC4/I2C_I2C.c ****         #if (!I2C_CY_SCBIP_V0)
 117:Generated_Source\PSoC4/I2C_I2C.c ****             locEnableWake = (I2C_I2C_MULTI_MASTER_SLAVE) ? (0u) : (config->enableWake);
 118:Generated_Source\PSoC4/I2C_I2C.c ****         #else
 119:Generated_Source\PSoC4/I2C_I2C.c ****             locEnableWake = config->enableWake;
 120:Generated_Source\PSoC4/I2C_I2C.c ****         #endif /* (!I2C_CY_SCBIP_V0) */
 121:Generated_Source\PSoC4/I2C_I2C.c **** 
 122:Generated_Source\PSoC4/I2C_I2C.c ****             /* Configure I2C interface */
 123:Generated_Source\PSoC4/I2C_I2C.c ****             I2C_CTRL_REG     = I2C_GET_CTRL_BYTE_MODE  (config->enableByteMode) |
 124:Generated_Source\PSoC4/I2C_I2C.c ****                                             I2C_GET_CTRL_ADDR_ACCEPT(config->acceptAddr)     |
 125:Generated_Source\PSoC4/I2C_I2C.c ****                                             I2C_GET_CTRL_EC_AM_MODE (locEnableWake);
 126:Generated_Source\PSoC4/I2C_I2C.c **** 
 127:Generated_Source\PSoC4/I2C_I2C.c ****             I2C_I2C_CTRL_REG = I2C_GET_I2C_CTRL_HIGH_PHASE_OVS(config->oversampleHigh) |
 128:Generated_Source\PSoC4/I2C_I2C.c ****                     I2C_GET_I2C_CTRL_LOW_PHASE_OVS (config->oversampleLow)                         
 129:Generated_Source\PSoC4/I2C_I2C.c ****                     I2C_GET_I2C_CTRL_S_GENERAL_IGNORE((uint32)(0u == config->acceptGeneralAddr))   
 130:Generated_Source\PSoC4/I2C_I2C.c ****                     I2C_GET_I2C_CTRL_SL_MSTR_MODE  (config->mode);
 131:Generated_Source\PSoC4/I2C_I2C.c **** 
 132:Generated_Source\PSoC4/I2C_I2C.c ****             /* Configure RX direction */
 133:Generated_Source\PSoC4/I2C_I2C.c ****             I2C_RX_CTRL_REG      = I2C_GET_RX_CTRL_MEDIAN(medianFilter) |
 134:Generated_Source\PSoC4/I2C_I2C.c ****                                                 I2C_I2C_RX_CTRL;
 135:Generated_Source\PSoC4/I2C_I2C.c ****             I2C_RX_FIFO_CTRL_REG = I2C_CLEAR_REG;
 136:Generated_Source\PSoC4/I2C_I2C.c **** 
 137:Generated_Source\PSoC4/I2C_I2C.c ****             /* Set default address and mask */
 138:Generated_Source\PSoC4/I2C_I2C.c ****             I2C_RX_MATCH_REG    = ((I2C_I2C_SLAVE) ?
 139:Generated_Source\PSoC4/I2C_I2C.c ****                                                 (I2C_GET_I2C_8BIT_ADDRESS(config->slaveAddr) |
 140:Generated_Source\PSoC4/I2C_I2C.c ****                                                  I2C_GET_RX_MATCH_MASK(config->slaveAddrMask)) :
 141:Generated_Source\PSoC4/I2C_I2C.c ****                                                 (I2C_CLEAR_REG));
 142:Generated_Source\PSoC4/I2C_I2C.c **** 
 143:Generated_Source\PSoC4/I2C_I2C.c **** 
 144:Generated_Source\PSoC4/I2C_I2C.c ****             /* Configure TX direction */
ARM GAS  C:\Users\mewin\AppData\Local\Temp\ccp9i4q0.s 			page 4


 145:Generated_Source\PSoC4/I2C_I2C.c ****             I2C_TX_CTRL_REG      = I2C_I2C_TX_CTRL;
 146:Generated_Source\PSoC4/I2C_I2C.c ****             I2C_TX_FIFO_CTRL_REG = I2C_CLEAR_REG;
 147:Generated_Source\PSoC4/I2C_I2C.c **** 
 148:Generated_Source\PSoC4/I2C_I2C.c ****             /* Configure interrupt with I2C handler but do not enable it */
 149:Generated_Source\PSoC4/I2C_I2C.c ****             CyIntDisable    (I2C_ISR_NUMBER);
 150:Generated_Source\PSoC4/I2C_I2C.c ****             CyIntSetPriority(I2C_ISR_NUMBER, I2C_ISR_PRIORITY);
 151:Generated_Source\PSoC4/I2C_I2C.c ****             (void) CyIntSetVector(I2C_ISR_NUMBER, &I2C_I2C_ISR);
 152:Generated_Source\PSoC4/I2C_I2C.c **** 
 153:Generated_Source\PSoC4/I2C_I2C.c ****             /* Configure interrupt sources */
 154:Generated_Source\PSoC4/I2C_I2C.c ****         #if(!I2C_CY_SCBIP_V1)
 155:Generated_Source\PSoC4/I2C_I2C.c ****             I2C_INTR_SPI_EC_MASK_REG = I2C_NO_INTR_SOURCES;
 156:Generated_Source\PSoC4/I2C_I2C.c ****         #endif /* (!I2C_CY_SCBIP_V1) */
 157:Generated_Source\PSoC4/I2C_I2C.c **** 
 158:Generated_Source\PSoC4/I2C_I2C.c ****             I2C_INTR_I2C_EC_MASK_REG = I2C_NO_INTR_SOURCES;
 159:Generated_Source\PSoC4/I2C_I2C.c ****             I2C_INTR_RX_MASK_REG     = I2C_NO_INTR_SOURCES;
 160:Generated_Source\PSoC4/I2C_I2C.c ****             I2C_INTR_TX_MASK_REG     = I2C_NO_INTR_SOURCES;
 161:Generated_Source\PSoC4/I2C_I2C.c **** 
 162:Generated_Source\PSoC4/I2C_I2C.c ****             I2C_INTR_SLAVE_MASK_REG  = ((I2C_I2C_SLAVE) ?
 163:Generated_Source\PSoC4/I2C_I2C.c ****                             (I2C_GET_INTR_SLAVE_I2C_GENERAL(config->acceptGeneralAddr) |
 164:Generated_Source\PSoC4/I2C_I2C.c ****                              I2C_I2C_INTR_SLAVE_MASK) : (I2C_CLEAR_REG));
 165:Generated_Source\PSoC4/I2C_I2C.c **** 
 166:Generated_Source\PSoC4/I2C_I2C.c ****             I2C_INTR_MASTER_MASK_REG = I2C_NO_INTR_SOURCES;
 167:Generated_Source\PSoC4/I2C_I2C.c **** 
 168:Generated_Source\PSoC4/I2C_I2C.c ****             /* Configure global variables */
 169:Generated_Source\PSoC4/I2C_I2C.c ****             I2C_state = I2C_I2C_FSM_IDLE;
 170:Generated_Source\PSoC4/I2C_I2C.c **** 
 171:Generated_Source\PSoC4/I2C_I2C.c ****             /* Internal slave variables */
 172:Generated_Source\PSoC4/I2C_I2C.c ****             I2C_slStatus        = 0u;
 173:Generated_Source\PSoC4/I2C_I2C.c ****             I2C_slRdBufIndex    = 0u;
 174:Generated_Source\PSoC4/I2C_I2C.c ****             I2C_slWrBufIndex    = 0u;
 175:Generated_Source\PSoC4/I2C_I2C.c ****             I2C_slOverFlowCount = 0u;
 176:Generated_Source\PSoC4/I2C_I2C.c **** 
 177:Generated_Source\PSoC4/I2C_I2C.c ****             /* Internal master variables */
 178:Generated_Source\PSoC4/I2C_I2C.c ****             I2C_mstrStatus     = 0u;
 179:Generated_Source\PSoC4/I2C_I2C.c ****             I2C_mstrRdBufIndex = 0u;
 180:Generated_Source\PSoC4/I2C_I2C.c ****             I2C_mstrWrBufIndex = 0u;
 181:Generated_Source\PSoC4/I2C_I2C.c ****         }
 182:Generated_Source\PSoC4/I2C_I2C.c ****     }
 183:Generated_Source\PSoC4/I2C_I2C.c **** 
 184:Generated_Source\PSoC4/I2C_I2C.c **** #else
 185:Generated_Source\PSoC4/I2C_I2C.c **** 
 186:Generated_Source\PSoC4/I2C_I2C.c ****     /*******************************************************************************
 187:Generated_Source\PSoC4/I2C_I2C.c ****     * Function Name: I2C_I2CInit
 188:Generated_Source\PSoC4/I2C_I2C.c ****     ****************************************************************************//**
 189:Generated_Source\PSoC4/I2C_I2C.c ****     *
 190:Generated_Source\PSoC4/I2C_I2C.c ****     *  Configures the SCB for the I2C operation.
 191:Generated_Source\PSoC4/I2C_I2C.c ****     *
 192:Generated_Source\PSoC4/I2C_I2C.c ****     *******************************************************************************/
 193:Generated_Source\PSoC4/I2C_I2C.c ****     void I2C_I2CInit(void)
 194:Generated_Source\PSoC4/I2C_I2C.c ****     {
  28              		.loc 1 194 0
  29              		.cfi_startproc
  30              		@ args = 0, pretend = 0, frame = 0
  31              		@ frame_needed = 0, uses_anonymous_args = 0
  32 0000 10B5     		push	{r4, lr}
  33              		.cfi_def_cfa_offset 8
  34              		.cfi_offset 4, -8
ARM GAS  C:\Users\mewin\AppData\Local\Temp\ccp9i4q0.s 			page 5


  35              		.cfi_offset 14, -4
 195:Generated_Source\PSoC4/I2C_I2C.c ****     #if(I2C_CY_SCBIP_V0)
 196:Generated_Source\PSoC4/I2C_I2C.c ****         /* Adjust SDA filter settings. Ticket ID#150521 */
 197:Generated_Source\PSoC4/I2C_I2C.c ****         I2C_SET_I2C_CFG_SDA_FILT_TRIM(I2C_EC_AM_I2C_CFG_SDA_FILT_TRIM);
 198:Generated_Source\PSoC4/I2C_I2C.c ****     #endif /* (I2C_CY_SCBIP_V0) */
 199:Generated_Source\PSoC4/I2C_I2C.c **** 
 200:Generated_Source\PSoC4/I2C_I2C.c ****         /* Adjust AF and DF filter settings. Ticket ID#176179 */
 201:Generated_Source\PSoC4/I2C_I2C.c ****         I2C_I2C_CFG_ANALOG_FITER_ENABLE_ADJ;
 202:Generated_Source\PSoC4/I2C_I2C.c **** 
 203:Generated_Source\PSoC4/I2C_I2C.c ****         /* Configure I2C interface */
 204:Generated_Source\PSoC4/I2C_I2C.c ****         I2C_CTRL_REG     = I2C_I2C_DEFAULT_CTRL;
  36              		.loc 1 204 0
  37 0002 8022     		movs	r2, #128
  38 0004 1201     		lsls	r2, r2, #4
  39 0006 194B     		ldr	r3, .L2
  40 0008 1A60     		str	r2, [r3]
 205:Generated_Source\PSoC4/I2C_I2C.c ****         I2C_I2C_CTRL_REG = I2C_I2C_DEFAULT_I2C_CTRL;
  41              		.loc 1 205 0
  42 000a 194A     		ldr	r2, .L2+4
  43 000c 194B     		ldr	r3, .L2+8
  44 000e 1A60     		str	r2, [r3]
 206:Generated_Source\PSoC4/I2C_I2C.c **** 
 207:Generated_Source\PSoC4/I2C_I2C.c ****         /* Configure RX direction */
 208:Generated_Source\PSoC4/I2C_I2C.c ****         I2C_RX_CTRL_REG      = I2C_I2C_DEFAULT_RX_CTRL;
  45              		.loc 1 208 0
  46 0010 194B     		ldr	r3, .L2+12
  47 0012 1A4A     		ldr	r2, .L2+16
  48 0014 1360     		str	r3, [r2]
 209:Generated_Source\PSoC4/I2C_I2C.c ****         I2C_RX_FIFO_CTRL_REG = I2C_I2C_DEFAULT_RX_FIFO_CTRL;
  49              		.loc 1 209 0
  50 0016 0024     		movs	r4, #0
  51 0018 194A     		ldr	r2, .L2+20
  52 001a 1460     		str	r4, [r2]
 210:Generated_Source\PSoC4/I2C_I2C.c **** 
 211:Generated_Source\PSoC4/I2C_I2C.c ****         /* Set default address and mask */
 212:Generated_Source\PSoC4/I2C_I2C.c ****         I2C_RX_MATCH_REG     = I2C_I2C_DEFAULT_RX_MATCH;
  53              		.loc 1 212 0
  54 001c 194A     		ldr	r2, .L2+24
  55 001e 1460     		str	r4, [r2]
 213:Generated_Source\PSoC4/I2C_I2C.c **** 
 214:Generated_Source\PSoC4/I2C_I2C.c ****         /* Configure TX direction */
 215:Generated_Source\PSoC4/I2C_I2C.c ****         I2C_TX_CTRL_REG      = I2C_I2C_DEFAULT_TX_CTRL;
  56              		.loc 1 215 0
  57 0020 194A     		ldr	r2, .L2+28
  58 0022 1360     		str	r3, [r2]
 216:Generated_Source\PSoC4/I2C_I2C.c ****         I2C_TX_FIFO_CTRL_REG = I2C_I2C_DEFAULT_TX_FIFO_CTRL;
  59              		.loc 1 216 0
  60 0024 194B     		ldr	r3, .L2+32
  61 0026 1C60     		str	r4, [r3]
 217:Generated_Source\PSoC4/I2C_I2C.c **** 
 218:Generated_Source\PSoC4/I2C_I2C.c ****         /* Configure interrupt with I2C handler but do not enable it */
 219:Generated_Source\PSoC4/I2C_I2C.c ****         CyIntDisable    (I2C_ISR_NUMBER);
  62              		.loc 1 219 0
  63 0028 0B20     		movs	r0, #11
  64 002a FFF7FEFF 		bl	CyIntDisable
  65              	.LVL0:
 220:Generated_Source\PSoC4/I2C_I2C.c ****         CyIntSetPriority(I2C_ISR_NUMBER, I2C_ISR_PRIORITY);
ARM GAS  C:\Users\mewin\AppData\Local\Temp\ccp9i4q0.s 			page 6


  66              		.loc 1 220 0
  67 002e 0321     		movs	r1, #3
  68 0030 0B20     		movs	r0, #11
  69 0032 FFF7FEFF 		bl	CyIntSetPriority
  70              	.LVL1:
 221:Generated_Source\PSoC4/I2C_I2C.c ****     #if(!I2C_I2C_EXTERN_INTR_HANDLER)
 222:Generated_Source\PSoC4/I2C_I2C.c ****         (void) CyIntSetVector(I2C_ISR_NUMBER, &I2C_I2C_ISR);
  71              		.loc 1 222 0
  72 0036 1649     		ldr	r1, .L2+36
  73 0038 0B20     		movs	r0, #11
  74 003a FFF7FEFF 		bl	CyIntSetVector
  75              	.LVL2:
 223:Generated_Source\PSoC4/I2C_I2C.c ****     #endif /* (I2C_I2C_EXTERN_INTR_HANDLER) */
 224:Generated_Source\PSoC4/I2C_I2C.c **** 
 225:Generated_Source\PSoC4/I2C_I2C.c ****         /* Configure interrupt sources */
 226:Generated_Source\PSoC4/I2C_I2C.c ****     #if(!I2C_CY_SCBIP_V1)
 227:Generated_Source\PSoC4/I2C_I2C.c ****         I2C_INTR_SPI_EC_MASK_REG = I2C_I2C_DEFAULT_INTR_SPI_EC_MASK;
  76              		.loc 1 227 0
  77 003e 154B     		ldr	r3, .L2+40
  78 0040 1C60     		str	r4, [r3]
 228:Generated_Source\PSoC4/I2C_I2C.c ****     #endif /* (!I2C_CY_SCBIP_V1) */
 229:Generated_Source\PSoC4/I2C_I2C.c **** 
 230:Generated_Source\PSoC4/I2C_I2C.c ****         I2C_INTR_I2C_EC_MASK_REG = I2C_I2C_DEFAULT_INTR_I2C_EC_MASK;
  79              		.loc 1 230 0
  80 0042 154B     		ldr	r3, .L2+44
  81 0044 1C60     		str	r4, [r3]
 231:Generated_Source\PSoC4/I2C_I2C.c ****         I2C_INTR_SLAVE_MASK_REG  = I2C_I2C_DEFAULT_INTR_SLAVE_MASK;
  82              		.loc 1 231 0
  83 0046 154B     		ldr	r3, .L2+48
  84 0048 1C60     		str	r4, [r3]
 232:Generated_Source\PSoC4/I2C_I2C.c ****         I2C_INTR_MASTER_MASK_REG = I2C_I2C_DEFAULT_INTR_MASTER_MASK;
  85              		.loc 1 232 0
  86 004a 154B     		ldr	r3, .L2+52
  87 004c 1C60     		str	r4, [r3]
 233:Generated_Source\PSoC4/I2C_I2C.c ****         I2C_INTR_RX_MASK_REG     = I2C_I2C_DEFAULT_INTR_RX_MASK;
  88              		.loc 1 233 0
  89 004e 154B     		ldr	r3, .L2+56
  90 0050 1C60     		str	r4, [r3]
 234:Generated_Source\PSoC4/I2C_I2C.c ****         I2C_INTR_TX_MASK_REG     = I2C_I2C_DEFAULT_INTR_TX_MASK;
  91              		.loc 1 234 0
  92 0052 154B     		ldr	r3, .L2+60
  93 0054 1C60     		str	r4, [r3]
 235:Generated_Source\PSoC4/I2C_I2C.c **** 
 236:Generated_Source\PSoC4/I2C_I2C.c ****         /* Configure global variables */
 237:Generated_Source\PSoC4/I2C_I2C.c ****         I2C_state = I2C_I2C_FSM_IDLE;
  94              		.loc 1 237 0
  95 0056 1022     		movs	r2, #16
  96 0058 144B     		ldr	r3, .L2+64
  97 005a 1A70     		strb	r2, [r3]
 238:Generated_Source\PSoC4/I2C_I2C.c **** 
 239:Generated_Source\PSoC4/I2C_I2C.c ****     #if(I2C_I2C_SLAVE)
 240:Generated_Source\PSoC4/I2C_I2C.c ****         /* Internal slave variable */
 241:Generated_Source\PSoC4/I2C_I2C.c ****         I2C_slStatus        = 0u;
 242:Generated_Source\PSoC4/I2C_I2C.c ****         I2C_slRdBufIndex    = 0u;
 243:Generated_Source\PSoC4/I2C_I2C.c ****         I2C_slWrBufIndex    = 0u;
 244:Generated_Source\PSoC4/I2C_I2C.c ****         I2C_slOverFlowCount = 0u;
 245:Generated_Source\PSoC4/I2C_I2C.c ****     #endif /* (I2C_I2C_SLAVE) */
ARM GAS  C:\Users\mewin\AppData\Local\Temp\ccp9i4q0.s 			page 7


 246:Generated_Source\PSoC4/I2C_I2C.c **** 
 247:Generated_Source\PSoC4/I2C_I2C.c ****     #if(I2C_I2C_MASTER)
 248:Generated_Source\PSoC4/I2C_I2C.c ****     /* Internal master variable */
 249:Generated_Source\PSoC4/I2C_I2C.c ****         I2C_mstrStatus     = 0u;
  98              		.loc 1 249 0
  99 005c 144B     		ldr	r3, .L2+68
 100 005e 1C80     		strh	r4, [r3]
 250:Generated_Source\PSoC4/I2C_I2C.c ****         I2C_mstrRdBufIndex = 0u;
 101              		.loc 1 250 0
 102 0060 144B     		ldr	r3, .L2+72
 103 0062 1C60     		str	r4, [r3]
 251:Generated_Source\PSoC4/I2C_I2C.c ****         I2C_mstrWrBufIndex = 0u;
 104              		.loc 1 251 0
 105 0064 144B     		ldr	r3, .L2+76
 106 0066 1C60     		str	r4, [r3]
 252:Generated_Source\PSoC4/I2C_I2C.c ****     #endif /* (I2C_I2C_MASTER) */
 253:Generated_Source\PSoC4/I2C_I2C.c ****     }
 107              		.loc 1 253 0
 108              		@ sp needed
 109 0068 10BD     		pop	{r4, pc}
 110              	.L3:
 111 006a C046     		.align	2
 112              	.L2:
 113 006c 00002640 		.word	1076232192
 114 0070 77080080 		.word	-2147481481
 115 0074 60002640 		.word	1076232288
 116 0078 07010080 		.word	-2147483385
 117 007c 00032640 		.word	1076232960
 118 0080 04032640 		.word	1076232964
 119 0084 10032640 		.word	1076232976
 120 0088 00022640 		.word	1076232704
 121 008c 04022640 		.word	1076232708
 122 0090 00000000 		.word	I2C_I2C_ISR
 123 0094 C80E2640 		.word	1076235976
 124 0098 880E2640 		.word	1076235912
 125 009c 480F2640 		.word	1076236104
 126 00a0 080F2640 		.word	1076236040
 127 00a4 C80F2640 		.word	1076236232
 128 00a8 880F2640 		.word	1076236168
 129 00ac 00000000 		.word	I2C_state
 130 00b0 00000000 		.word	I2C_mstrStatus
 131 00b4 00000000 		.word	I2C_mstrRdBufIndex
 132 00b8 00000000 		.word	I2C_mstrWrBufIndex
 133              		.cfi_endproc
 134              	.LFE1:
 135              		.size	I2C_I2CInit, .-I2C_I2CInit
 136              		.section	.text.I2C_I2CStop,"ax",%progbits
 137              		.align	2
 138              		.global	I2C_I2CStop
 139              		.code	16
 140              		.thumb_func
 141              		.type	I2C_I2CStop, %function
 142              	I2C_I2CStop:
 143              	.LFB2:
 254:Generated_Source\PSoC4/I2C_I2C.c **** #endif /* (I2C_SCB_MODE_UNCONFIG_CONST_CFG) */
 255:Generated_Source\PSoC4/I2C_I2C.c **** 
 256:Generated_Source\PSoC4/I2C_I2C.c **** 
ARM GAS  C:\Users\mewin\AppData\Local\Temp\ccp9i4q0.s 			page 8


 257:Generated_Source\PSoC4/I2C_I2C.c **** /*******************************************************************************
 258:Generated_Source\PSoC4/I2C_I2C.c **** * Function Name: I2C_I2CStop
 259:Generated_Source\PSoC4/I2C_I2C.c **** ****************************************************************************//**
 260:Generated_Source\PSoC4/I2C_I2C.c **** *
 261:Generated_Source\PSoC4/I2C_I2C.c **** *  Resets the I2C FSM into the default state.
 262:Generated_Source\PSoC4/I2C_I2C.c **** *
 263:Generated_Source\PSoC4/I2C_I2C.c **** *******************************************************************************/
 264:Generated_Source\PSoC4/I2C_I2C.c **** void I2C_I2CStop(void)
 265:Generated_Source\PSoC4/I2C_I2C.c **** {
 144              		.loc 1 265 0
 145              		.cfi_startproc
 146              		@ args = 0, pretend = 0, frame = 0
 147              		@ frame_needed = 0, uses_anonymous_args = 0
 148              		@ link register save eliminated.
 266:Generated_Source\PSoC4/I2C_I2C.c ****     /* Clear command registers because they keep assigned value after IP block was disabled */
 267:Generated_Source\PSoC4/I2C_I2C.c ****     I2C_I2C_MASTER_CMD_REG = 0u;
 149              		.loc 1 267 0
 150 0000 0023     		movs	r3, #0
 151 0002 044A     		ldr	r2, .L5
 152 0004 1360     		str	r3, [r2]
 268:Generated_Source\PSoC4/I2C_I2C.c ****     I2C_I2C_SLAVE_CMD_REG  = 0u;
 153              		.loc 1 268 0
 154 0006 044A     		ldr	r2, .L5+4
 155 0008 1360     		str	r3, [r2]
 269:Generated_Source\PSoC4/I2C_I2C.c ****     
 270:Generated_Source\PSoC4/I2C_I2C.c ****     I2C_state = I2C_I2C_FSM_IDLE;
 156              		.loc 1 270 0
 157 000a 1022     		movs	r2, #16
 158 000c 034B     		ldr	r3, .L5+8
 159 000e 1A70     		strb	r2, [r3]
 271:Generated_Source\PSoC4/I2C_I2C.c **** }
 160              		.loc 1 271 0
 161              		@ sp needed
 162 0010 7047     		bx	lr
 163              	.L6:
 164 0012 C046     		.align	2
 165              	.L5:
 166 0014 68002640 		.word	1076232296
 167 0018 6C002640 		.word	1076232300
 168 001c 00000000 		.word	I2C_state
 169              		.cfi_endproc
 170              	.LFE2:
 171              		.size	I2C_I2CStop, .-I2C_I2CStop
 172              		.section	.text.I2C_I2CFwBlockReset,"ax",%progbits
 173              		.align	2
 174              		.global	I2C_I2CFwBlockReset
 175              		.code	16
 176              		.thumb_func
 177              		.type	I2C_I2CFwBlockReset, %function
 178              	I2C_I2CFwBlockReset:
 179              	.LFB3:
 272:Generated_Source\PSoC4/I2C_I2C.c **** 
 273:Generated_Source\PSoC4/I2C_I2C.c **** 
 274:Generated_Source\PSoC4/I2C_I2C.c **** /*******************************************************************************
 275:Generated_Source\PSoC4/I2C_I2C.c **** * Function Name: I2C_I2CFwBlockReset
 276:Generated_Source\PSoC4/I2C_I2C.c **** ****************************************************************************//**
 277:Generated_Source\PSoC4/I2C_I2C.c **** *
ARM GAS  C:\Users\mewin\AppData\Local\Temp\ccp9i4q0.s 			page 9


 278:Generated_Source\PSoC4/I2C_I2C.c **** * Resets the scb IP block and I2C into the known state.
 279:Generated_Source\PSoC4/I2C_I2C.c **** *
 280:Generated_Source\PSoC4/I2C_I2C.c **** *******************************************************************************/
 281:Generated_Source\PSoC4/I2C_I2C.c **** void I2C_I2CFwBlockReset(void)
 282:Generated_Source\PSoC4/I2C_I2C.c **** {
 180              		.loc 1 282 0
 181              		.cfi_startproc
 182              		@ args = 0, pretend = 0, frame = 0
 183              		@ frame_needed = 0, uses_anonymous_args = 0
 184 0000 10B5     		push	{r4, lr}
 185              		.cfi_def_cfa_offset 8
 186              		.cfi_offset 4, -8
 187              		.cfi_offset 14, -4
 283:Generated_Source\PSoC4/I2C_I2C.c ****     /* Disable scb IP: stop respond to I2C traffic */
 284:Generated_Source\PSoC4/I2C_I2C.c ****     I2C_CTRL_REG &= (uint32) ~I2C_CTRL_ENABLED;
 188              		.loc 1 284 0
 189 0002 0E4A     		ldr	r2, .L8
 190 0004 1368     		ldr	r3, [r2]
 191 0006 5B00     		lsls	r3, r3, #1
 192 0008 5B08     		lsrs	r3, r3, #1
 193 000a 1360     		str	r3, [r2]
 285:Generated_Source\PSoC4/I2C_I2C.c **** 
 286:Generated_Source\PSoC4/I2C_I2C.c ****     /* Clear command registers they are not cleared after scb IP is disabled */
 287:Generated_Source\PSoC4/I2C_I2C.c ****     I2C_I2C_MASTER_CMD_REG = 0u;
 194              		.loc 1 287 0
 195 000c 0023     		movs	r3, #0
 196 000e 0C49     		ldr	r1, .L8+4
 197 0010 0B60     		str	r3, [r1]
 288:Generated_Source\PSoC4/I2C_I2C.c ****     I2C_I2C_SLAVE_CMD_REG  = 0u;
 198              		.loc 1 288 0
 199 0012 0C49     		ldr	r1, .L8+8
 200 0014 0B60     		str	r3, [r1]
 289:Generated_Source\PSoC4/I2C_I2C.c **** 
 290:Generated_Source\PSoC4/I2C_I2C.c ****     I2C_DISABLE_AUTO_DATA;
 201              		.loc 1 290 0
 202 0016 0C48     		ldr	r0, .L8+12
 203 0018 0468     		ldr	r4, [r0]
 204 001a 0C49     		ldr	r1, .L8+16
 205 001c 2140     		ands	r1, r4
 206 001e 0160     		str	r1, [r0]
 291:Generated_Source\PSoC4/I2C_I2C.c **** 
 292:Generated_Source\PSoC4/I2C_I2C.c ****     I2C_SetTxInterruptMode(I2C_NO_INTR_SOURCES);
 207              		.loc 1 292 0
 208 0020 0B49     		ldr	r1, .L8+20
 209 0022 0B60     		str	r3, [r1]
 293:Generated_Source\PSoC4/I2C_I2C.c ****     I2C_SetRxInterruptMode(I2C_NO_INTR_SOURCES);
 210              		.loc 1 293 0
 211 0024 0B49     		ldr	r1, .L8+24
 212 0026 0B60     		str	r3, [r1]
 294:Generated_Source\PSoC4/I2C_I2C.c ****     
 295:Generated_Source\PSoC4/I2C_I2C.c **** #if(I2C_CY_SCBIP_V0)
 296:Generated_Source\PSoC4/I2C_I2C.c ****     /* Clear interrupt sources as they are not cleared after scb IP is disabled */
 297:Generated_Source\PSoC4/I2C_I2C.c ****     I2C_ClearTxInterruptSource    (I2C_INTR_TX_ALL);
 298:Generated_Source\PSoC4/I2C_I2C.c ****     I2C_ClearRxInterruptSource    (I2C_INTR_RX_ALL);
 299:Generated_Source\PSoC4/I2C_I2C.c ****     I2C_ClearSlaveInterruptSource (I2C_INTR_SLAVE_ALL);
 300:Generated_Source\PSoC4/I2C_I2C.c ****     I2C_ClearMasterInterruptSource(I2C_INTR_MASTER_ALL);
 301:Generated_Source\PSoC4/I2C_I2C.c **** #endif /* (I2C_CY_SCBIP_V0) */
ARM GAS  C:\Users\mewin\AppData\Local\Temp\ccp9i4q0.s 			page 10


 302:Generated_Source\PSoC4/I2C_I2C.c **** 
 303:Generated_Source\PSoC4/I2C_I2C.c ****     I2C_state = I2C_I2C_FSM_IDLE;
 213              		.loc 1 303 0
 214 0028 1021     		movs	r1, #16
 215 002a 0B4B     		ldr	r3, .L8+28
 216 002c 1970     		strb	r1, [r3]
 304:Generated_Source\PSoC4/I2C_I2C.c **** 
 305:Generated_Source\PSoC4/I2C_I2C.c ****     /* Enable scb IP: start respond to I2C traffic */
 306:Generated_Source\PSoC4/I2C_I2C.c ****     I2C_CTRL_REG |= (uint32) I2C_CTRL_ENABLED;
 217              		.loc 1 306 0
 218 002e 1368     		ldr	r3, [r2]
 219 0030 8021     		movs	r1, #128
 220 0032 0906     		lsls	r1, r1, #24
 221 0034 0B43     		orrs	r3, r1
 222 0036 1360     		str	r3, [r2]
 307:Generated_Source\PSoC4/I2C_I2C.c **** }
 223              		.loc 1 307 0
 224              		@ sp needed
 225 0038 10BD     		pop	{r4, pc}
 226              	.L9:
 227 003a C046     		.align	2
 228              	.L8:
 229 003c 00002640 		.word	1076232192
 230 0040 68002640 		.word	1076232296
 231 0044 6C002640 		.word	1076232300
 232 0048 60002640 		.word	1076232288
 233 004c FF5CFFFF 		.word	-41729
 234 0050 880F2640 		.word	1076236168
 235 0054 C80F2640 		.word	1076236232
 236 0058 00000000 		.word	I2C_state
 237              		.cfi_endproc
 238              	.LFE3:
 239              		.size	I2C_I2CFwBlockReset, .-I2C_I2CFwBlockReset
 240              		.comm	I2C_state,1,1
 241              		.text
 242              	.Letext0:
 243              		.file 2 "Generated_Source\\PSoC4/cytypes.h"
 244              		.file 3 "Generated_Source\\PSoC4\\I2C_I2C_PVT.h"
 245              		.file 4 "Generated_Source\\PSoC4/CyLib.h"
 246              		.section	.debug_info,"",%progbits
 247              	.Ldebug_info0:
 248 0000 91010000 		.4byte	0x191
 249 0004 0400     		.2byte	0x4
 250 0006 00000000 		.4byte	.Ldebug_abbrev0
 251 000a 04       		.byte	0x4
 252 000b 01       		.uleb128 0x1
 253 000c 58010000 		.4byte	.LASF27
 254 0010 0C       		.byte	0xc
 255 0011 D7000000 		.4byte	.LASF28
 256 0015 15000000 		.4byte	.LASF29
 257 0019 00000000 		.4byte	.Ldebug_ranges0+0
 258 001d 00000000 		.4byte	0
 259 0021 00000000 		.4byte	.Ldebug_line0
 260 0025 02       		.uleb128 0x2
 261 0026 01       		.byte	0x1
 262 0027 06       		.byte	0x6
 263 0028 91000000 		.4byte	.LASF0
ARM GAS  C:\Users\mewin\AppData\Local\Temp\ccp9i4q0.s 			page 11


 264 002c 02       		.uleb128 0x2
 265 002d 01       		.byte	0x1
 266 002e 08       		.byte	0x8
 267 002f B1000000 		.4byte	.LASF1
 268 0033 02       		.uleb128 0x2
 269 0034 02       		.byte	0x2
 270 0035 05       		.byte	0x5
 271 0036 0B010000 		.4byte	.LASF2
 272 003a 02       		.uleb128 0x2
 273 003b 02       		.byte	0x2
 274 003c 07       		.byte	0x7
 275 003d 65000000 		.4byte	.LASF3
 276 0041 02       		.uleb128 0x2
 277 0042 04       		.byte	0x4
 278 0043 05       		.byte	0x5
 279 0044 2A020000 		.4byte	.LASF4
 280 0048 02       		.uleb128 0x2
 281 0049 04       		.byte	0x4
 282 004a 07       		.byte	0x7
 283 004b BF000000 		.4byte	.LASF5
 284 004f 02       		.uleb128 0x2
 285 0050 08       		.byte	0x8
 286 0051 05       		.byte	0x5
 287 0052 EF010000 		.4byte	.LASF6
 288 0056 02       		.uleb128 0x2
 289 0057 08       		.byte	0x8
 290 0058 07       		.byte	0x7
 291 0059 30010000 		.4byte	.LASF7
 292 005d 03       		.uleb128 0x3
 293 005e 04       		.byte	0x4
 294 005f 05       		.byte	0x5
 295 0060 696E7400 		.ascii	"int\000"
 296 0064 02       		.uleb128 0x2
 297 0065 04       		.byte	0x4
 298 0066 07       		.byte	0x7
 299 0067 23010000 		.4byte	.LASF8
 300 006b 04       		.uleb128 0x4
 301 006c D1000000 		.4byte	.LASF9
 302 0070 02       		.byte	0x2
 303 0071 FC01     		.2byte	0x1fc
 304 0073 2C000000 		.4byte	0x2c
 305 0077 04       		.uleb128 0x4
 306 0078 15010000 		.4byte	.LASF10
 307 007c 02       		.byte	0x2
 308 007d FD01     		.2byte	0x1fd
 309 007f 3A000000 		.4byte	0x3a
 310 0083 04       		.uleb128 0x4
 311 0084 1C010000 		.4byte	.LASF11
 312 0088 02       		.byte	0x2
 313 0089 FE01     		.2byte	0x1fe
 314 008b 48000000 		.4byte	0x48
 315 008f 02       		.uleb128 0x2
 316 0090 04       		.byte	0x4
 317 0091 04       		.byte	0x4
 318 0092 8B000000 		.4byte	.LASF12
 319 0096 02       		.uleb128 0x2
 320 0097 08       		.byte	0x8
ARM GAS  C:\Users\mewin\AppData\Local\Temp\ccp9i4q0.s 			page 12


 321 0098 04       		.byte	0x4
 322 0099 F8000000 		.4byte	.LASF13
 323 009d 02       		.uleb128 0x2
 324 009e 01       		.byte	0x1
 325 009f 08       		.byte	0x8
 326 00a0 FD010000 		.4byte	.LASF14
 327 00a4 05       		.uleb128 0x5
 328 00a5 6B000000 		.4byte	0x6b
 329 00a9 05       		.uleb128 0x5
 330 00aa 77000000 		.4byte	0x77
 331 00ae 04       		.uleb128 0x4
 332 00af 00000000 		.4byte	.LASF15
 333 00b3 02       		.byte	0x2
 334 00b4 A802     		.2byte	0x2a8
 335 00b6 BA000000 		.4byte	0xba
 336 00ba 05       		.uleb128 0x5
 337 00bb 83000000 		.4byte	0x83
 338 00bf 02       		.uleb128 0x2
 339 00c0 08       		.byte	0x8
 340 00c1 04       		.byte	0x4
 341 00c2 33020000 		.4byte	.LASF16
 342 00c6 02       		.uleb128 0x2
 343 00c7 04       		.byte	0x4
 344 00c8 07       		.byte	0x7
 345 00c9 E6010000 		.4byte	.LASF17
 346 00cd 06       		.uleb128 0x6
 347 00ce FF000000 		.4byte	.LASF30
 348 00d2 01       		.byte	0x1
 349 00d3 C1       		.byte	0xc1
 350 00d4 00000000 		.4byte	.LFB1
 351 00d8 BC000000 		.4byte	.LFE1-.LFB1
 352 00dc 01       		.uleb128 0x1
 353 00dd 9C       		.byte	0x9c
 354 00de 1D010000 		.4byte	0x11d
 355 00e2 07       		.uleb128 0x7
 356 00e3 2E000000 		.4byte	.LVL0
 357 00e7 73010000 		.4byte	0x173
 358 00eb F5000000 		.4byte	0xf5
 359 00ef 08       		.uleb128 0x8
 360 00f0 01       		.uleb128 0x1
 361 00f1 50       		.byte	0x50
 362 00f2 01       		.uleb128 0x1
 363 00f3 3B       		.byte	0x3b
 364 00f4 00       		.byte	0
 365 00f5 07       		.uleb128 0x7
 366 00f6 36000000 		.4byte	.LVL1
 367 00fa 7E010000 		.4byte	0x17e
 368 00fe 0D010000 		.4byte	0x10d
 369 0102 08       		.uleb128 0x8
 370 0103 01       		.uleb128 0x1
 371 0104 50       		.byte	0x50
 372 0105 01       		.uleb128 0x1
 373 0106 3B       		.byte	0x3b
 374 0107 08       		.uleb128 0x8
 375 0108 01       		.uleb128 0x1
 376 0109 51       		.byte	0x51
 377 010a 01       		.uleb128 0x1
ARM GAS  C:\Users\mewin\AppData\Local\Temp\ccp9i4q0.s 			page 13


 378 010b 33       		.byte	0x33
 379 010c 00       		.byte	0
 380 010d 09       		.uleb128 0x9
 381 010e 3E000000 		.4byte	.LVL2
 382 0112 89010000 		.4byte	0x189
 383 0116 08       		.uleb128 0x8
 384 0117 01       		.uleb128 0x1
 385 0118 50       		.byte	0x50
 386 0119 01       		.uleb128 0x1
 387 011a 3B       		.byte	0x3b
 388 011b 00       		.byte	0
 389 011c 00       		.byte	0
 390 011d 0A       		.uleb128 0xa
 391 011e 0F020000 		.4byte	.LASF18
 392 0122 01       		.byte	0x1
 393 0123 0801     		.2byte	0x108
 394 0125 00000000 		.4byte	.LFB2
 395 0129 20000000 		.4byte	.LFE2-.LFB2
 396 012d 01       		.uleb128 0x1
 397 012e 9C       		.byte	0x9c
 398 012f 0A       		.uleb128 0xa
 399 0130 9D000000 		.4byte	.LASF19
 400 0134 01       		.byte	0x1
 401 0135 1901     		.2byte	0x119
 402 0137 00000000 		.4byte	.LFB3
 403 013b 5C000000 		.4byte	.LFE3-.LFB3
 404 013f 01       		.uleb128 0x1
 405 0140 9C       		.byte	0x9c
 406 0141 0B       		.uleb128 0xb
 407 0142 3F020000 		.4byte	.LASF20
 408 0146 01       		.byte	0x1
 409 0147 1B       		.byte	0x1b
 410 0148 A4000000 		.4byte	0xa4
 411 014c 05       		.uleb128 0x5
 412 014d 03       		.byte	0x3
 413 014e 00000000 		.4byte	I2C_state
 414 0152 0C       		.uleb128 0xc
 415 0153 1B020000 		.4byte	.LASF21
 416 0157 03       		.byte	0x3
 417 0158 31       		.byte	0x31
 418 0159 A9000000 		.4byte	0xa9
 419 015d 0C       		.uleb128 0xc
 420 015e 78000000 		.4byte	.LASF22
 421 0162 03       		.byte	0x3
 422 0163 37       		.byte	0x37
 423 0164 BA000000 		.4byte	0xba
 424 0168 0C       		.uleb128 0xc
 425 0169 49020000 		.4byte	.LASF23
 426 016d 03       		.byte	0x3
 427 016e 3C       		.byte	0x3c
 428 016f BA000000 		.4byte	0xba
 429 0173 0D       		.uleb128 0xd
 430 0174 02020000 		.4byte	.LASF24
 431 0178 02020000 		.4byte	.LASF24
 432 017c 04       		.byte	0x4
 433 017d D8       		.byte	0xd8
 434 017e 0D       		.uleb128 0xd
ARM GAS  C:\Users\mewin\AppData\Local\Temp\ccp9i4q0.s 			page 14


 435 017f 47010000 		.4byte	.LASF25
 436 0183 47010000 		.4byte	.LASF25
 437 0187 04       		.byte	0x4
 438 0188 D3       		.byte	0xd3
 439 0189 0D       		.uleb128 0xd
 440 018a 06000000 		.4byte	.LASF26
 441 018e 06000000 		.4byte	.LASF26
 442 0192 04       		.byte	0x4
 443 0193 D0       		.byte	0xd0
 444 0194 00       		.byte	0
 445              		.section	.debug_abbrev,"",%progbits
 446              	.Ldebug_abbrev0:
 447 0000 01       		.uleb128 0x1
 448 0001 11       		.uleb128 0x11
 449 0002 01       		.byte	0x1
 450 0003 25       		.uleb128 0x25
 451 0004 0E       		.uleb128 0xe
 452 0005 13       		.uleb128 0x13
 453 0006 0B       		.uleb128 0xb
 454 0007 03       		.uleb128 0x3
 455 0008 0E       		.uleb128 0xe
 456 0009 1B       		.uleb128 0x1b
 457 000a 0E       		.uleb128 0xe
 458 000b 55       		.uleb128 0x55
 459 000c 17       		.uleb128 0x17
 460 000d 11       		.uleb128 0x11
 461 000e 01       		.uleb128 0x1
 462 000f 10       		.uleb128 0x10
 463 0010 17       		.uleb128 0x17
 464 0011 00       		.byte	0
 465 0012 00       		.byte	0
 466 0013 02       		.uleb128 0x2
 467 0014 24       		.uleb128 0x24
 468 0015 00       		.byte	0
 469 0016 0B       		.uleb128 0xb
 470 0017 0B       		.uleb128 0xb
 471 0018 3E       		.uleb128 0x3e
 472 0019 0B       		.uleb128 0xb
 473 001a 03       		.uleb128 0x3
 474 001b 0E       		.uleb128 0xe
 475 001c 00       		.byte	0
 476 001d 00       		.byte	0
 477 001e 03       		.uleb128 0x3
 478 001f 24       		.uleb128 0x24
 479 0020 00       		.byte	0
 480 0021 0B       		.uleb128 0xb
 481 0022 0B       		.uleb128 0xb
 482 0023 3E       		.uleb128 0x3e
 483 0024 0B       		.uleb128 0xb
 484 0025 03       		.uleb128 0x3
 485 0026 08       		.uleb128 0x8
 486 0027 00       		.byte	0
 487 0028 00       		.byte	0
 488 0029 04       		.uleb128 0x4
 489 002a 16       		.uleb128 0x16
 490 002b 00       		.byte	0
 491 002c 03       		.uleb128 0x3
ARM GAS  C:\Users\mewin\AppData\Local\Temp\ccp9i4q0.s 			page 15


 492 002d 0E       		.uleb128 0xe
 493 002e 3A       		.uleb128 0x3a
 494 002f 0B       		.uleb128 0xb
 495 0030 3B       		.uleb128 0x3b
 496 0031 05       		.uleb128 0x5
 497 0032 49       		.uleb128 0x49
 498 0033 13       		.uleb128 0x13
 499 0034 00       		.byte	0
 500 0035 00       		.byte	0
 501 0036 05       		.uleb128 0x5
 502 0037 35       		.uleb128 0x35
 503 0038 00       		.byte	0
 504 0039 49       		.uleb128 0x49
 505 003a 13       		.uleb128 0x13
 506 003b 00       		.byte	0
 507 003c 00       		.byte	0
 508 003d 06       		.uleb128 0x6
 509 003e 2E       		.uleb128 0x2e
 510 003f 01       		.byte	0x1
 511 0040 3F       		.uleb128 0x3f
 512 0041 19       		.uleb128 0x19
 513 0042 03       		.uleb128 0x3
 514 0043 0E       		.uleb128 0xe
 515 0044 3A       		.uleb128 0x3a
 516 0045 0B       		.uleb128 0xb
 517 0046 3B       		.uleb128 0x3b
 518 0047 0B       		.uleb128 0xb
 519 0048 27       		.uleb128 0x27
 520 0049 19       		.uleb128 0x19
 521 004a 11       		.uleb128 0x11
 522 004b 01       		.uleb128 0x1
 523 004c 12       		.uleb128 0x12
 524 004d 06       		.uleb128 0x6
 525 004e 40       		.uleb128 0x40
 526 004f 18       		.uleb128 0x18
 527 0050 9742     		.uleb128 0x2117
 528 0052 19       		.uleb128 0x19
 529 0053 01       		.uleb128 0x1
 530 0054 13       		.uleb128 0x13
 531 0055 00       		.byte	0
 532 0056 00       		.byte	0
 533 0057 07       		.uleb128 0x7
 534 0058 898201   		.uleb128 0x4109
 535 005b 01       		.byte	0x1
 536 005c 11       		.uleb128 0x11
 537 005d 01       		.uleb128 0x1
 538 005e 31       		.uleb128 0x31
 539 005f 13       		.uleb128 0x13
 540 0060 01       		.uleb128 0x1
 541 0061 13       		.uleb128 0x13
 542 0062 00       		.byte	0
 543 0063 00       		.byte	0
 544 0064 08       		.uleb128 0x8
 545 0065 8A8201   		.uleb128 0x410a
 546 0068 00       		.byte	0
 547 0069 02       		.uleb128 0x2
 548 006a 18       		.uleb128 0x18
ARM GAS  C:\Users\mewin\AppData\Local\Temp\ccp9i4q0.s 			page 16


 549 006b 9142     		.uleb128 0x2111
 550 006d 18       		.uleb128 0x18
 551 006e 00       		.byte	0
 552 006f 00       		.byte	0
 553 0070 09       		.uleb128 0x9
 554 0071 898201   		.uleb128 0x4109
 555 0074 01       		.byte	0x1
 556 0075 11       		.uleb128 0x11
 557 0076 01       		.uleb128 0x1
 558 0077 31       		.uleb128 0x31
 559 0078 13       		.uleb128 0x13
 560 0079 00       		.byte	0
 561 007a 00       		.byte	0
 562 007b 0A       		.uleb128 0xa
 563 007c 2E       		.uleb128 0x2e
 564 007d 00       		.byte	0
 565 007e 3F       		.uleb128 0x3f
 566 007f 19       		.uleb128 0x19
 567 0080 03       		.uleb128 0x3
 568 0081 0E       		.uleb128 0xe
 569 0082 3A       		.uleb128 0x3a
 570 0083 0B       		.uleb128 0xb
 571 0084 3B       		.uleb128 0x3b
 572 0085 05       		.uleb128 0x5
 573 0086 27       		.uleb128 0x27
 574 0087 19       		.uleb128 0x19
 575 0088 11       		.uleb128 0x11
 576 0089 01       		.uleb128 0x1
 577 008a 12       		.uleb128 0x12
 578 008b 06       		.uleb128 0x6
 579 008c 40       		.uleb128 0x40
 580 008d 18       		.uleb128 0x18
 581 008e 9742     		.uleb128 0x2117
 582 0090 19       		.uleb128 0x19
 583 0091 00       		.byte	0
 584 0092 00       		.byte	0
 585 0093 0B       		.uleb128 0xb
 586 0094 34       		.uleb128 0x34
 587 0095 00       		.byte	0
 588 0096 03       		.uleb128 0x3
 589 0097 0E       		.uleb128 0xe
 590 0098 3A       		.uleb128 0x3a
 591 0099 0B       		.uleb128 0xb
 592 009a 3B       		.uleb128 0x3b
 593 009b 0B       		.uleb128 0xb
 594 009c 49       		.uleb128 0x49
 595 009d 13       		.uleb128 0x13
 596 009e 3F       		.uleb128 0x3f
 597 009f 19       		.uleb128 0x19
 598 00a0 02       		.uleb128 0x2
 599 00a1 18       		.uleb128 0x18
 600 00a2 00       		.byte	0
 601 00a3 00       		.byte	0
 602 00a4 0C       		.uleb128 0xc
 603 00a5 34       		.uleb128 0x34
 604 00a6 00       		.byte	0
 605 00a7 03       		.uleb128 0x3
ARM GAS  C:\Users\mewin\AppData\Local\Temp\ccp9i4q0.s 			page 17


 606 00a8 0E       		.uleb128 0xe
 607 00a9 3A       		.uleb128 0x3a
 608 00aa 0B       		.uleb128 0xb
 609 00ab 3B       		.uleb128 0x3b
 610 00ac 0B       		.uleb128 0xb
 611 00ad 49       		.uleb128 0x49
 612 00ae 13       		.uleb128 0x13
 613 00af 3F       		.uleb128 0x3f
 614 00b0 19       		.uleb128 0x19
 615 00b1 3C       		.uleb128 0x3c
 616 00b2 19       		.uleb128 0x19
 617 00b3 00       		.byte	0
 618 00b4 00       		.byte	0
 619 00b5 0D       		.uleb128 0xd
 620 00b6 2E       		.uleb128 0x2e
 621 00b7 00       		.byte	0
 622 00b8 3F       		.uleb128 0x3f
 623 00b9 19       		.uleb128 0x19
 624 00ba 3C       		.uleb128 0x3c
 625 00bb 19       		.uleb128 0x19
 626 00bc 6E       		.uleb128 0x6e
 627 00bd 0E       		.uleb128 0xe
 628 00be 03       		.uleb128 0x3
 629 00bf 0E       		.uleb128 0xe
 630 00c0 3A       		.uleb128 0x3a
 631 00c1 0B       		.uleb128 0xb
 632 00c2 3B       		.uleb128 0x3b
 633 00c3 0B       		.uleb128 0xb
 634 00c4 00       		.byte	0
 635 00c5 00       		.byte	0
 636 00c6 00       		.byte	0
 637              		.section	.debug_aranges,"",%progbits
 638 0000 2C000000 		.4byte	0x2c
 639 0004 0200     		.2byte	0x2
 640 0006 00000000 		.4byte	.Ldebug_info0
 641 000a 04       		.byte	0x4
 642 000b 00       		.byte	0
 643 000c 0000     		.2byte	0
 644 000e 0000     		.2byte	0
 645 0010 00000000 		.4byte	.LFB1
 646 0014 BC000000 		.4byte	.LFE1-.LFB1
 647 0018 00000000 		.4byte	.LFB2
 648 001c 20000000 		.4byte	.LFE2-.LFB2
 649 0020 00000000 		.4byte	.LFB3
 650 0024 5C000000 		.4byte	.LFE3-.LFB3
 651 0028 00000000 		.4byte	0
 652 002c 00000000 		.4byte	0
 653              		.section	.debug_ranges,"",%progbits
 654              	.Ldebug_ranges0:
 655 0000 00000000 		.4byte	.LFB1
 656 0004 BC000000 		.4byte	.LFE1
 657 0008 00000000 		.4byte	.LFB2
 658 000c 20000000 		.4byte	.LFE2
 659 0010 00000000 		.4byte	.LFB3
 660 0014 5C000000 		.4byte	.LFE3
 661 0018 00000000 		.4byte	0
 662 001c 00000000 		.4byte	0
ARM GAS  C:\Users\mewin\AppData\Local\Temp\ccp9i4q0.s 			page 18


 663              		.section	.debug_line,"",%progbits
 664              	.Ldebug_line0:
 665 0000 BE000000 		.section	.debug_str,"MS",%progbits,1
 665      02006000 
 665      00000201 
 665      FB0E0D00 
 665      01010101 
 666              	.LASF15:
 667 0000 72656733 		.ascii	"reg32\000"
 667      3200
 668              	.LASF26:
 669 0006 4379496E 		.ascii	"CyIntSetVector\000"
 669      74536574 
 669      56656374 
 669      6F7200
 670              	.LASF29:
 671 0015 433A5C55 		.ascii	"C:\\Users\\mewin\\Documents\\PSoC Creator\\Science_"
 671      73657273 
 671      5C6D6577 
 671      696E5C44 
 671      6F63756D 
 672 0043 426F6172 		.ascii	"Board_2021-2022\\science wow.cydsn\000"
 672      645F3230 
 672      32312D32 
 672      3032325C 
 672      73636965 
 673              	.LASF3:
 674 0065 73686F72 		.ascii	"short unsigned int\000"
 674      7420756E 
 674      7369676E 
 674      65642069 
 674      6E7400
 675              	.LASF22:
 676 0078 4932435F 		.ascii	"I2C_mstrRdBufIndex\000"
 676      6D737472 
 676      52644275 
 676      66496E64 
 676      657800
 677              	.LASF12:
 678 008b 666C6F61 		.ascii	"float\000"
 678      7400
 679              	.LASF0:
 680 0091 7369676E 		.ascii	"signed char\000"
 680      65642063 
 680      68617200 
 681              	.LASF19:
 682 009d 4932435F 		.ascii	"I2C_I2CFwBlockReset\000"
 682      49324346 
 682      77426C6F 
 682      636B5265 
 682      73657400 
 683              	.LASF1:
 684 00b1 756E7369 		.ascii	"unsigned char\000"
 684      676E6564 
 684      20636861 
 684      7200
 685              	.LASF5:
ARM GAS  C:\Users\mewin\AppData\Local\Temp\ccp9i4q0.s 			page 19


 686 00bf 6C6F6E67 		.ascii	"long unsigned int\000"
 686      20756E73 
 686      69676E65 
 686      6420696E 
 686      7400
 687              	.LASF9:
 688 00d1 75696E74 		.ascii	"uint8\000"
 688      3800
 689              	.LASF28:
 690 00d7 47656E65 		.ascii	"Generated_Source\\PSoC4\\I2C_I2C.c\000"
 690      72617465 
 690      645F536F 
 690      75726365 
 690      5C50536F 
 691              	.LASF13:
 692 00f8 646F7562 		.ascii	"double\000"
 692      6C6500
 693              	.LASF30:
 694 00ff 4932435F 		.ascii	"I2C_I2CInit\000"
 694      49324349 
 694      6E697400 
 695              	.LASF2:
 696 010b 73686F72 		.ascii	"short int\000"
 696      7420696E 
 696      7400
 697              	.LASF10:
 698 0115 75696E74 		.ascii	"uint16\000"
 698      313600
 699              	.LASF11:
 700 011c 75696E74 		.ascii	"uint32\000"
 700      333200
 701              	.LASF8:
 702 0123 756E7369 		.ascii	"unsigned int\000"
 702      676E6564 
 702      20696E74 
 702      00
 703              	.LASF7:
 704 0130 6C6F6E67 		.ascii	"long long unsigned int\000"
 704      206C6F6E 
 704      6720756E 
 704      7369676E 
 704      65642069 
 705              	.LASF25:
 706 0147 4379496E 		.ascii	"CyIntSetPriority\000"
 706      74536574 
 706      5072696F 
 706      72697479 
 706      00
 707              	.LASF27:
 708 0158 474E5520 		.ascii	"GNU C11 5.4.1 20160609 (release) [ARM/embedded-5-br"
 708      43313120 
 708      352E342E 
 708      31203230 
 708      31363036 
 709 018b 616E6368 		.ascii	"anch revision 237715] -mcpu=cortex-m0 -mthumb -g -O"
 709      20726576 
 709      6973696F 
ARM GAS  C:\Users\mewin\AppData\Local\Temp\ccp9i4q0.s 			page 20


 709      6E203233 
 709      37373135 
 710 01be 67202D66 		.ascii	"g -ffunction-sections -ffat-lto-objects\000"
 710      66756E63 
 710      74696F6E 
 710      2D736563 
 710      74696F6E 
 711              	.LASF17:
 712 01e6 73697A65 		.ascii	"sizetype\000"
 712      74797065 
 712      00
 713              	.LASF6:
 714 01ef 6C6F6E67 		.ascii	"long long int\000"
 714      206C6F6E 
 714      6720696E 
 714      7400
 715              	.LASF14:
 716 01fd 63686172 		.ascii	"char\000"
 716      00
 717              	.LASF24:
 718 0202 4379496E 		.ascii	"CyIntDisable\000"
 718      74446973 
 718      61626C65 
 718      00
 719              	.LASF18:
 720 020f 4932435F 		.ascii	"I2C_I2CStop\000"
 720      49324353 
 720      746F7000 
 721              	.LASF21:
 722 021b 4932435F 		.ascii	"I2C_mstrStatus\000"
 722      6D737472 
 722      53746174 
 722      757300
 723              	.LASF4:
 724 022a 6C6F6E67 		.ascii	"long int\000"
 724      20696E74 
 724      00
 725              	.LASF16:
 726 0233 6C6F6E67 		.ascii	"long double\000"
 726      20646F75 
 726      626C6500 
 727              	.LASF20:
 728 023f 4932435F 		.ascii	"I2C_state\000"
 728      73746174 
 728      6500
 729              	.LASF23:
 730 0249 4932435F 		.ascii	"I2C_mstrWrBufIndex\000"
 730      6D737472 
 730      57724275 
 730      66496E64 
 730      657800
 731              		.ident	"GCC: (GNU Tools for ARM Embedded Processors) 5.4.1 20160609 (release) [ARM/embedded-5-bran
