Archive member included to satisfy reference by file (symbol)

.\CortexM0\ARM_GCC_541\Debug\science wow.a(CAN.o)
                              .\CortexM0\ARM_GCC_541\Debug\PortPSOC_CY8C4248AZI_L485.o (CAN_GlobalIntEnable)
.\CortexM0\ARM_GCC_541\Debug\science wow.a(CAN_INT.o)
                              .\CortexM0\ARM_GCC_541\Debug\science wow.a(CAN.o) (CAN_ISR)
.\CortexM0\ARM_GCC_541\Debug\science wow.a(CAN_TX_RX_func.o)
                              .\CortexM0\ARM_GCC_541\Debug\PortPSOC_CY8C4248AZI_L485.o (CAN_SendMsg)
.\CortexM0\ARM_GCC_541\Debug\science wow.a(CyLib.o)
                              .\CortexM0\ARM_GCC_541\Debug\cyfitter_cfg.o (CyIntEnable)
.\CortexM0\ARM_GCC_541\Debug\science wow.a(CyLFClk.o)
                              .\CortexM0\ARM_GCC_541\Debug\science wow.a(CyLib.o) (CySysClkWcoEnabled)
.\CortexM0\ARM_GCC_541\Debug\science wow.a(ERR_LED.o)
                              .\CortexM0\ARM_GCC_541\Debug\main.o (ERR_LED_Write)
.\CortexM0\ARM_GCC_541\Debug\science wow.a(CAN_LED.o)
                              .\CortexM0\ARM_GCC_541\Debug\main.o (CAN_LED_Write)
.\CortexM0\ARM_GCC_541\Debug\science wow.a(ADC.o)
                              .\CortexM0\ARM_GCC_541\Debug\main.o (ADC_Start)
.\CortexM0\ARM_GCC_541\Debug\science wow.a(ADC_INT.o)
                              .\CortexM0\ARM_GCC_541\Debug\science wow.a(ADC.o) (ADC_ISR)
.\CortexM0\ARM_GCC_541\Debug\science wow.a(I2C.o)
                              .\CortexM0\ARM_GCC_541\Debug\PCA9685.o (I2C_Enable)
.\CortexM0\ARM_GCC_541\Debug\science wow.a(I2C_I2C.o)
                              .\CortexM0\ARM_GCC_541\Debug\science wow.a(I2C.o) (I2C_I2CInit)
.\CortexM0\ARM_GCC_541\Debug\science wow.a(I2C_I2C_MASTER.o)
                              .\CortexM0\ARM_GCC_541\Debug\sensor.o (I2C_I2CMasterSendStart)
.\CortexM0\ARM_GCC_541\Debug\science wow.a(Status_Reg_LIM.o)
                              .\CortexM0\ARM_GCC_541\Debug\main.o (Status_Reg_LIM_Read)
.\CortexM0\ARM_GCC_541\Debug\science wow.a(isr_LIM.o)
                              .\CortexM0\ARM_GCC_541\Debug\main.o (isr_LIM_StartEx)
.\CortexM0\ARM_GCC_541\Debug\science wow.a(QuadDec_1.o)
                              .\CortexM0\ARM_GCC_541\Debug\main.o (QuadDec_1_Start)
.\CortexM0\ARM_GCC_541\Debug\science wow.a(QuadDec_2.o)
                              .\CortexM0\ARM_GCC_541\Debug\main.o (QuadDec_2_ReadCounter)
.\CortexM0\ARM_GCC_541\Debug\science wow.a(UART.o)
                              .\CortexM0\ARM_GCC_541\Debug\main.o (UART_Start)
.\CortexM0\ARM_GCC_541\Debug\science wow.a(UART_UART.o)
                              .\CortexM0\ARM_GCC_541\Debug\science wow.a(UART.o) (UART_UartInit)
.\CortexM0\ARM_GCC_541\Debug\science wow.a(isr_1ms.o)
                              .\CortexM0\ARM_GCC_541\Debug\Milliseconds.o (isr_1ms_StartEx)
.\CortexM0\ARM_GCC_541\Debug\science wow.a(CC2_isr.o)
                              .\CortexM0\ARM_GCC_541\Debug\main.o (CC2_isr_StartEx)
.\CortexM0\ARM_GCC_541\Debug\science wow.a(CyBootAsmGnu.o)
                              .\CortexM0\ARM_GCC_541\Debug\science wow.a(CyLib.o) (CyDelayCycles)
.\CortexM0\ARM_GCC_541\Debug\science wow.a(CyFlash.o)
                              .\CortexM0\ARM_GCC_541\Debug\science wow.a(CyLib.o) (CySysFlashSetWaitCycles)
.\CortexM0\ARM_GCC_541\Debug\science wow.a(I2C_I2C_INT.o)
                              .\CortexM0\ARM_GCC_541\Debug\science wow.a(I2C_I2C.o) (I2C_I2C_ISR)
.\CortexM0\ARM_GCC_541\Debug\science wow.a(UART_SPI_UART.o)
                              .\CortexM0\ARM_GCC_541\Debug\science wow.a(UART_UART.o) (UART_SpiUartReadRxData)
c:/program files (x86)/cypress/psoc creator/4.4/psoc creator/import/gnu/arm/5.4.1/bin/../lib/gcc/arm-none-eabi/5.4.1/armv6-m\libgcc.a(_udivsi3.o)
                              .\CortexM0\ARM_GCC_541\Debug\science wow.a(CyLib.o) (__aeabi_uidiv)
c:/program files (x86)/cypress/psoc creator/4.4/psoc creator/import/gnu/arm/5.4.1/bin/../lib/gcc/arm-none-eabi/5.4.1/armv6-m\libgcc.a(_divsi3.o)
                              .\CortexM0\ARM_GCC_541\Debug\PCA9685.o (__aeabi_idiv)
c:/program files (x86)/cypress/psoc creator/4.4/psoc creator/import/gnu/arm/5.4.1/bin/../lib/gcc/arm-none-eabi/5.4.1/armv6-m\libgcc.a(_dvmd_tls.o)
                              c:/program files (x86)/cypress/psoc creator/4.4/psoc creator/import/gnu/arm/5.4.1/bin/../lib/gcc/arm-none-eabi/5.4.1/armv6-m\libgcc.a(_udivsi3.o) (__aeabi_idiv0)
c:/program files (x86)/cypress/psoc creator/4.4/psoc creator/import/gnu/arm/5.4.1/bin/../lib/gcc/arm-none-eabi/5.4.1/armv6-m\libgcc.a(_aeabi_ldivmod.o)
                              .\CortexM0\ARM_GCC_541\Debug\science wow.a(ADC.o) (__aeabi_ldivmod)
c:/program files (x86)/cypress/psoc creator/4.4/psoc creator/import/gnu/arm/5.4.1/bin/../lib/gcc/arm-none-eabi/5.4.1/armv6-m\libgcc.a(_muldi3.o)
                              .\CortexM0\ARM_GCC_541\Debug\science wow.a(ADC.o) (__aeabi_lmul)
[...]
Memory Configuration

Name             Origin             Length             Attributes
rom              0x00000000         0x00040000         xr
ram              0x20000000         0x00008000         xrw
*default*        0x00000000         0xffffffff

Linker script and memory map

LOAD c:/program files (x86)/cypress/psoc creator/4.4/psoc creator/import/gnu/arm/5.4.1/bin/../lib/gcc/arm-none-eabi/5.4.1/armv6-m/crti.o
LOAD c:/program files (x86)/cypress/psoc creator/4.4/psoc creator/import/gnu/arm/5.4.1/bin/../lib/gcc/arm-none-eabi/5.4.1/armv6-m/crtbegin.o
LOAD c:/program files (x86)/cypress/psoc creator/4.4/psoc creator/import/gnu/arm/5.4.1/bin/../lib/gcc/arm-none-eabi/5.4.1/../../../../arm-none-eabi/lib/armv6-m/crt0.o
START GROUP
LOAD .\CortexM0\ARM_GCC_541\Debug\CANCommon.o
LOAD .\CortexM0\ARM_GCC_541\Debug\CANGPIO.o
LOAD .\CortexM0\ARM_GCC_541\Debug\CANLocalization.o
LOAD .\CortexM0\ARM_GCC_541\Debug\CANMotorUnit.o
LOAD .\CortexM0\ARM_GCC_541\Debug\CANPacket.o
LOAD .\CortexM0\ARM_GCC_541\Debug\CANPower.o
LOAD .\CortexM0\ARM_GCC_541\Debug\CANScience.o
LOAD .\CortexM0\ARM_GCC_541\Debug\PortPSOC_CY8C4248AZI_L485.o
LOAD .\CortexM0\ARM_GCC_541\Debug\PCA9685.o
LOAD .\CortexM0\ARM_GCC_541\Debug\main.o
LOAD .\CortexM0\ARM_GCC_541\Debug\sensor.o
LOAD .\CortexM0\ARM_GCC_541\Debug\servo.o
LOAD .\CortexM0\ARM_GCC_541\Debug\Milliseconds.o
LOAD .\CortexM0\ARM_GCC_541\Debug\cyfitter_cfg.o
LOAD .\CortexM0\ARM_GCC_541\Debug\cymetadata.o
LOAD .\CortexM0\ARM_GCC_541\Debug\Cm0Start.o
LOAD .\CortexM0\ARM_GCC_541\Debug\science wow.a
END GROUP
START GROUP
LOAD c:/program files (x86)/cypress/psoc creator/4.4/psoc creator/import/gnu/arm/5.4.1/bin/../lib/gcc/arm-none-eabi/5.4.1/armv6-m\libgcc.a
LOAD c:/program files (x86)/cypress/psoc creator/4.4/psoc creator/import/gnu/arm/5.4.1/bin/../lib/gcc/arm-none-eabi/5.4.1/../../../../arm-none-eabi/lib/armv6-m\libg_nano.a
LOAD c:/program files (x86)/cypress/psoc creator/4.4/psoc creator/import/gnu/arm/5.4.1/bin/../lib/gcc/arm-none-eabi/5.4.1/../../../../arm-none-eabi/lib/armv6-m\libc_nano.a
END GROUP
START GROUP
LOAD c:/program files (x86)/cypress/psoc creator/4.4/psoc creator/import/gnu/arm/5.4.1/bin/../lib/gcc/arm-none-eabi/5.4.1/armv6-m\libgcc.a
LOAD c:/program files (x86)/cypress/psoc creator/4.4/psoc creator/import/gnu/arm/5.4.1/bin/../lib/gcc/arm-none-eabi/5.4.1/../../../../arm-none-eabi/lib/armv6-m\libc_nano.a
END GROUP
LOAD c:/program files (x86)/cypress/psoc creator/4.4/psoc creator/import/gnu/arm/5.4.1/bin/../lib/gcc/arm-none-eabi/5.4.1/armv6-m/crtend.o
LOAD c:/program files (x86)/cypress/psoc creator/4.4/psoc creator/import/gnu/arm/5.4.1/bin/../lib/gcc/arm-none-eabi/5.4.1/armv6-m/crtn.o
START GROUP
LOAD c:/program files (x86)/cypress/psoc creator/4.4/psoc creator/import/gnu/arm/5.4.1/bin/../lib/gcc/arm-none-eabi/5.4.1/armv6-m\libgcc.a
LOAD c:/program files (x86)/cypress/psoc creator/4.4/psoc creator/import/gnu/arm/5.4.1/bin/../lib/gcc/arm-none-eabi/5.4.1/../../../../arm-none-eabi/lib/armv6-m\libc.a
LOAD c:/program files (x86)/cypress/psoc creator/4.4/psoc creator/import/gnu/arm/5.4.1/bin/../lib/gcc/arm-none-eabi/5.4.1/../../../../arm-none-eabi/lib/armv6-m\libnosys.a
END GROUP
                0x00000000                CY_APPL_ORIGIN = 0x0
                0x00000100                CY_FLASH_ROW_SIZE = 0x100
                0x00000001                CY_APPL_NUM = 0x1
                0x00000001                CY_APPL_MAX = 0x1
                0x00000040                CY_METADATA_SIZE = 0x40
                0x00000000                CY_APPL_LOADABLE = 0x0
                0x00000000                CY_CHECKSUM_EXCLUDE_SIZE = ALIGN (0x0, CY_FLASH_ROW_SIZE)
                0x00000000                CY_APP_FOR_STACK_AND_COPIER = 0x0
                [!provide]                PROVIDE (__cy_heap_start, _end)
                0x00000001                PROVIDE (__cy_region_num, ((__cy_regions_end - __cy_regions) / 0x10))
                0x20008000                PROVIDE (__cy_stack, (ORIGIN (ram) + LENGTH (ram)))
                [!provide]                PROVIDE (__cy_heap_end, (__cy_stack - 0x800))

.cybootloader   0x00000000        0x0
 *(.cybootloader)
                0x00000000                appl1_start = CY_APPL_ORIGIN?CY_APPL_ORIGIN:ALIGN (CY_FLASH_ROW_SIZE)
                0x0001ff00                appl2_start = (appl1_start + ALIGN ((((LENGTH (rom) - appl1_start) - (0x2 * CY_FLASH_ROW_SIZE)) / 0x2), CY_FLASH_ROW_SIZE))
                0x00000000                appl_start = (CY_APPL_NUM == 0x1)?appl1_start:appl2_start
                0x00000001                cy_project_type_bootloader = (appl_start == 0x0)?0x1:0x0
                0x00000000                cy_project_type_app_for_stack_and_copier = (CY_APP_FOR_STACK_AND_COPIER == 0x1)?0x1:0x0

.text           0x00000000     0x535e
 CREATE_OBJECT_SYMBOLS
                0x00000000                PROVIDE (__cy_interrupt_vector, RomVectors)
 *(.romvectors)
 .romvectors    0x00000000       0x10 .\CortexM0\ARM_GCC_541\Debug\Cm0Start.o
                0x00000000                RomVectors
                0x00000001                ASSERT ((. != __cy_interrupt_vector), No interrupt vector)
                0x00000001                ASSERT (CY_APPL_ORIGIN?(SIZEOF (.cybootloader) <= CY_APPL_ORIGIN):0x1, Wrong image location)
                0x00000010                PROVIDE (__cy_reset, Reset)
 *(.text.Reset)
 .text.Reset    0x00000010        0x8 .\CortexM0\ARM_GCC_541\Debug\Cm0Start.o
                0x00000010                Reset
                0x00000001                ASSERT ((. != __cy_reset), No reset code)
 *(.psocinit)
 .psocinit      0x00000018      0x2a0 .\CortexM0\ARM_GCC_541\Debug\cyfitter_cfg.o
                0x00000130                cyfitter_cfg
                0x000002b8                . = MAX (., 0x100)
 *(.text .text.* .gnu.linkonce.t.*)
 .text          0x000002b8       0x60 c:/program files (x86)/cypress/psoc creator/4.4/psoc creator/import/gnu/arm/5.4.1/bin/../lib/gcc/arm-none-eabi/5.4.1/armv6-m/crtbegin.o
 .text.AssembleTelemetryReportPacket
                0x00000318       0x2c .\CortexM0\ARM_GCC_541\Debug\CANCommon.o
                0x00000318                AssembleTelemetryReportPacket
 .text.DecodeTelemetryDataSigned
                0x00000344       0x10 .\CortexM0\ARM_GCC_541\Debug\CANCommon.o
                0x00000344                DecodeTelemetryDataSigned
 .text.DecodeTelemetryDataUnsigned
                0x00000354        0x8 .\CortexM0\ARM_GCC_541\Debug\CANCommon.o
                0x00000354                DecodeTelemetryDataUnsigned
 .text.GetTelemetryTimingFromPacket
                0x0000035c        0x8 .\CortexM0\ARM_GCC_541\Debug\CANCommon.o
                0x0000035c                GetTelemetryTimingFromPacket
 .text.DecodeTelemetryType
                0x00000364        0x4 .\CortexM0\ARM_GCC_541\Debug\CANCommon.o
                0x00000364                DecodeTelemetryType
 .text.AssembleLimitSwitchAlertPacket
                0x00000368       0x20 .\CortexM0\ARM_GCC_541\Debug\CANMotorUnit.o
                0x00000368                AssembleLimitSwitchAlertPacket
 .text.ConstructCANID
                0x00000388       0x1c .\CortexM0\ARM_GCC_541\Debug\CANPacket.o
                0x00000388                ConstructCANID
 .text.WriteSenderSerialAndPacketID
                0x000003a4       0x18 .\CortexM0\ARM_GCC_541\Debug\CANPacket.o
                0x000003a4                WriteSenderSerialAndPacketID
 .text.GetSenderDeviceSerialNumber
                0x000003bc        0x4 .\CortexM0\ARM_GCC_541\Debug\CANPacket.o
                0x000003bc                GetSenderDeviceSerialNumber
 .text.GetSenderDeviceGroupCode
                0x000003c0        0x4 .\CortexM0\ARM_GCC_541\Debug\CANPacket.o
                0x000003c0                GetSenderDeviceGroupCode
 .text.GetPacketID
                0x000003c4        0x4 .\CortexM0\ARM_GCC_541\Debug\CANPacket.o
                0x000003c4                GetPacketID
 .text.PackIntIntoDataMSBFirst
                0x000003c8       0x18 .\CortexM0\ARM_GCC_541\Debug\CANPacket.o
                0x000003c8                PackIntIntoDataMSBFirst
 .text.DecodeBytesToIntMSBFirst
                0x000003e0       0x44 .\CortexM0\ARM_GCC_541\Debug\CANPacket.o
                0x000003e0                DecodeBytesToIntMSBFirst
 .text.GetScienceContServoPowerFromPacket
                0x00000424        0x8 .\CortexM0\ARM_GCC_541\Debug\CANScience.o
                0x00000424                GetScienceContServoPowerFromPacket
 .text.GetScienceServoAngleFromPacket
                0x0000042c        0x4 .\CortexM0\ARM_GCC_541\Debug\CANScience.o
                0x0000042c                GetScienceServoAngleFromPacket
 .text.GetScienceLazySusanPosFromPacket
                0x00000430        0x4 .\CortexM0\ARM_GCC_541\Debug\CANScience.o
                0x00000430                GetScienceLazySusanPosFromPacket
 .text.GetScienceServoIDFromPacket
                0x00000434        0x4 .\CortexM0\ARM_GCC_541\Debug\CANScience.o
                0x00000434                GetScienceServoIDFromPacket
 .text.InitCAN  0x00000438       0x98 .\CortexM0\ARM_GCC_541\Debug\PortPSOC_CY8C4248AZI_L485.o
                0x00000438                InitCAN
 .text.SendCANPacket
                0x000004d0       0x40 .\CortexM0\ARM_GCC_541\Debug\PortPSOC_CY8C4248AZI_L485.o
                0x000004d0                SendCANPacket
 .text.getLocalDeviceSerial
                0x00000510        0xc .\CortexM0\ARM_GCC_541\Debug\PortPSOC_CY8C4248AZI_L485.o
                0x00000510                getLocalDeviceSerial
 .text.getLocalDeviceGroup
                0x0000051c        0xc .\CortexM0\ARM_GCC_541\Debug\PortPSOC_CY8C4248AZI_L485.o
                0x0000051c                getLocalDeviceGroup
 .text.FIFOSize
                0x00000528       0x48 .\CortexM0\ARM_GCC_541\Debug\PortPSOC_CY8C4248AZI_L485.o
                0x00000528                FIFOSize
 .text.countAddFIFO
                0x00000570       0x50 .\CortexM0\ARM_GCC_541\Debug\PortPSOC_CY8C4248AZI_L485.o
                0x00000570                countAddFIFO
 .text.CAN_FLAG_ISR
                0x000005c0      0x12c .\CortexM0\ARM_GCC_541\Debug\PortPSOC_CY8C4248AZI_L485.o
                0x000005c0                CAN_FLAG_ISR
 .text.countRemoveFIFO
                0x000006ec       0x28 .\CortexM0\ARM_GCC_541\Debug\PortPSOC_CY8C4248AZI_L485.o
                0x000006ec                countRemoveFIFO
 .text.PollAndReceiveCANPacket
                0x00000714       0x4c .\CortexM0\ARM_GCC_541\Debug\PortPSOC_CY8C4248AZI_L485.o
                0x00000714                PollAndReceiveCANPacket
 .text.TurnOnTimeL
                0x00000760        0x4 .\CortexM0\ARM_GCC_541\Debug\PCA9685.o
                0x00000760                TurnOnTimeL
 .text.TurnOnTimeH
                0x00000764        0x4 .\CortexM0\ARM_GCC_541\Debug\PCA9685.o
                0x00000764                TurnOnTimeH
 .text.TurnOffTimeL
                0x00000768       0x30 .\CortexM0\ARM_GCC_541\Debug\PCA9685.o
                0x00000768                TurnOffTimeL
 .text.TurnOffTimeH
                0x00000798       0x28 .\CortexM0\ARM_GCC_541\Debug\PCA9685.o
                0x00000798                TurnOffTimeH
 .text.writeBuffer
                0x000007c0       0x44 .\CortexM0\ARM_GCC_541\Debug\PCA9685.o
                0x000007c0                writeBuffer
 .text.pca_init
                0x00000804       0x20 .\CortexM0\ARM_GCC_541\Debug\PCA9685.o
                0x00000804                pca_init
 .text.writeByte
                0x00000824       0x18 .\CortexM0\ARM_GCC_541\Debug\PCA9685.o
                0x00000824                writeByte
 .text.setPWMFromDutyCycle
                0x0000083c       0x4c .\CortexM0\ARM_GCC_541\Debug\PCA9685.o
                0x0000083c                setPWMFromDutyCycle
 .text.Enc2_Handler
                0x00000888        0xc .\CortexM0\ARM_GCC_541\Debug\main.o
                0x00000888                Enc2_Handler
 .text.Limit_Handler
                0x00000894       0x24 .\CortexM0\ARM_GCC_541\Debug\main.o
                0x00000894                Limit_Handler
 .text.main     0x000008b8      0x18c .\CortexM0\ARM_GCC_541\Debug\main.o
                0x000008b8                main
 .text.read_ADC
                0x00000a44       0x1c .\CortexM0\ARM_GCC_541\Debug\sensor.o
                0x00000a44                read_ADC
 .text.I2C_bus_read
                0x00000a60       0x50 .\CortexM0\ARM_GCC_541\Debug\sensor.o
                0x00000a60                I2C_bus_read
 .text.VEML6070_init
                0x00000ab0       0x38 .\CortexM0\ARM_GCC_541\Debug\sensor.o
                0x00000ab0                VEML6070_init
 .text.read_uv_sensor
                0x00000ae8       0x34 .\CortexM0\ARM_GCC_541\Debug\sensor.o
                0x00000ae8                read_uv_sensor
 .text.get_data
                0x00000b1c       0x58 .\CortexM0\ARM_GCC_541\Debug\sensor.o
                0x00000b1c                get_data
 .text.periodicSend
                0x00000b74       0x24 .\CortexM0\ARM_GCC_541\Debug\sensor.o
                0x00000b74                periodicSend
 .text.set_servo_position
                0x00000b98       0xb0 .\CortexM0\ARM_GCC_541\Debug\servo.o
                0x00000b98                set_servo_position
 .text.set_servo_continuous
                0x00000c48       0x88 .\CortexM0\ARM_GCC_541\Debug\servo.o
                0x00000c48                set_servo_continuous
 .text.reset_servo_cont
                0x00000cd0       0x1c .\CortexM0\ARM_GCC_541\Debug\servo.o
                0x00000cd0                reset_servo_cont
 .text.MillisecondInterrupt
                0x00000cec       0x10 .\CortexM0\ARM_GCC_541\Debug\Milliseconds.o
                0x00000cec                MillisecondInterrupt
 .text.init_milliseconds
                0x00000cfc       0x18 .\CortexM0\ARM_GCC_541\Debug\Milliseconds.o
                0x00000cfc                init_milliseconds
 .text.cfg_write_bytes32
                0x00000d14       0x34 .\CortexM0\ARM_GCC_541\Debug\cyfitter_cfg.o
 .text.CYMEMZERO
                0x00000d48        0xc .\CortexM0\ARM_GCC_541\Debug\cyfitter_cfg.o
 .text.SetAnalogRoutingPumps
                0x00000d54       0x20 .\CortexM0\ARM_GCC_541\Debug\cyfitter_cfg.o
                0x00000d54                SetAnalogRoutingPumps
 .text.AnalogSetDefault
                0x00000d74       0x44 .\CortexM0\ARM_GCC_541\Debug\cyfitter_cfg.o
 .text.IntDefaultHandler
                0x00000db8       0x10 .\CortexM0\ARM_GCC_541\Debug\Cm0Start.o
                0x00000db8                IntDefaultHandler
 .text.Start_c  0x00000dc8       0x48 .\CortexM0\ARM_GCC_541\Debug\Cm0Start.o
                0x00000dc8                Start_c
 .text.initialize_psoc
                0x00000e10       0x4c .\CortexM0\ARM_GCC_541\Debug\Cm0Start.o
                0x00000e10                initialize_psoc
 .text.CAN_GlobalIntEnable
                0x00000e5c       0x1c .\CortexM0\ARM_GCC_541\Debug\science wow.a(CAN.o)
                0x00000e5c                CAN_GlobalIntEnable
 .text.CAN_Enable
                0x00000e78       0x48 .\CortexM0\ARM_GCC_541\Debug\science wow.a(CAN.o)
                0x00000e78                CAN_Enable
 .text.CAN_SetPreScaler
                0x00000ec0       0x38 .\CortexM0\ARM_GCC_541\Debug\science wow.a(CAN.o)
                0x00000ec0                CAN_SetPreScaler
 .text.CAN_SetArbiter
                0x00000ef8       0x40 .\CortexM0\ARM_GCC_541\Debug\science wow.a(CAN.o)
                0x00000ef8                CAN_SetArbiter
 .text.CAN_SetTsegSample
                0x00000f38       0xa0 .\CortexM0\ARM_GCC_541\Debug\science wow.a(CAN.o)
                0x00000f38                CAN_SetTsegSample
 .text.CAN_SetRestartType
                0x00000fd8       0x38 .\CortexM0\ARM_GCC_541\Debug\science wow.a(CAN.o)
                0x00000fd8                CAN_SetRestartType
 .text.CAN_SetEdgeMode
                0x00001010       0x38 .\CortexM0\ARM_GCC_541\Debug\science wow.a(CAN.o)
                0x00001010                CAN_SetEdgeMode
 .text.CAN_SetIrqMask
                0x00001048       0x1c .\CortexM0\ARM_GCC_541\Debug\science wow.a(CAN.o)
                0x00001048                CAN_SetIrqMask
 .text.CAN_RxBufConfig
                0x00001064       0x98 .\CortexM0\ARM_GCC_541\Debug\science wow.a(CAN.o)
                0x00001064                CAN_RxBufConfig
 .text.CAN_TxBufConfig
                0x000010fc       0x58 .\CortexM0\ARM_GCC_541\Debug\science wow.a(CAN.o)
                0x000010fc                CAN_TxBufConfig
 .text.CAN_RxTxBuffersConfig
                0x00001154       0x54 .\CortexM0\ARM_GCC_541\Debug\science wow.a(CAN.o)
                0x00001154                CAN_RxTxBuffersConfig
 .text.CAN_SetSwapDataEndianness
                0x000011a8       0x40 .\CortexM0\ARM_GCC_541\Debug\science wow.a(CAN.o)
                0x000011a8                CAN_SetSwapDataEndianness
 .text.CAN_Init
                0x000011e8       0xe4 .\CortexM0\ARM_GCC_541\Debug\science wow.a(CAN.o)
                0x000011e8                CAN_Init
 .text.CAN_Start
                0x000012cc       0x28 .\CortexM0\ARM_GCC_541\Debug\science wow.a(CAN.o)
                0x000012cc                CAN_Start
 .text.CAN_ISR  0x000012f4        0x4 .\CortexM0\ARM_GCC_541\Debug\science wow.a(CAN_INT.o)
                0x000012f4                CAN_ISR
 .text.CAN_SendMsg
                0x000012f8      0x154 .\CortexM0\ARM_GCC_541\Debug\science wow.a(CAN_TX_RX_func.o)
                0x000012f8                CAN_SendMsg
 .text.CySysClkImoSetPwrBgTrim5
                0x0000144c       0x30 .\CortexM0\ARM_GCC_541\Debug\science wow.a(CyLib.o)
 .text.CySysClkImoSetImoTrims
                0x0000147c       0xb0 .\CortexM0\ARM_GCC_541\Debug\science wow.a(CyLib.o)
 .text.CySysClkImoDisableWcoLock
                0x0000152c       0x54 .\CortexM0\ARM_GCC_541\Debug\science wow.a(CyLib.o)
                0x0000152c                CySysClkImoDisableWcoLock
 .text.CySysClkImoGetWcoLock
                0x00001580       0x14 .\CortexM0\ARM_GCC_541\Debug\science wow.a(CyLib.o)
                0x00001580                CySysClkImoGetWcoLock
 .text.CySysClkImoEnableUsbLock
                0x00001594       0x44 .\CortexM0\ARM_GCC_541\Debug\science wow.a(CyLib.o)
                0x00001594                CySysClkImoEnableUsbLock
 .text.CySysClkImoDisableUsbLock
                0x000015d8       0x74 .\CortexM0\ARM_GCC_541\Debug\science wow.a(CyLib.o)
                0x000015d8                CySysClkImoDisableUsbLock
 .text.CySysClkImoGetUsbLock
                0x0000164c       0x14 .\CortexM0\ARM_GCC_541\Debug\science wow.a(CyLib.o)
                0x0000164c                CySysClkImoGetUsbLock
 .text.CyIntEnable
                0x00001660       0x14 .\CortexM0\ARM_GCC_541\Debug\science wow.a(CyLib.o)
                0x00001660                CyIntEnable
 .text.CyIntDisable
                0x00001674       0x14 .\CortexM0\ARM_GCC_541\Debug\science wow.a(CyLib.o)
                0x00001674                CyIntDisable
 .text.CyHalt   0x00001688        0x4 .\CortexM0\ARM_GCC_541\Debug\science wow.a(CyLib.o)
                0x00001688                CyHalt
 .text.CyIntSetVector
                0x0000168c       0x24 .\CortexM0\ARM_GCC_541\Debug\science wow.a(CyLib.o)
                0x0000168c                CyIntSetVector
 .text.CyIntSetPriority
                0x000016b0       0x4c .\CortexM0\ARM_GCC_541\Debug\science wow.a(CyLib.o)
                0x000016b0                CyIntSetPriority
 .text.CyDelay  0x000016fc       0x30 .\CortexM0\ARM_GCC_541\Debug\science wow.a(CyLib.o)
                0x000016fc                CyDelay
 .text.CySysClkImoEnableWcoLock
                0x0000172c      0x104 .\CortexM0\ARM_GCC_541\Debug\science wow.a(CyLib.o)
                0x0000172c                CySysClkImoEnableWcoLock
 .text.CyDelayUs
                0x00001830       0x14 .\CortexM0\ARM_GCC_541\Debug\science wow.a(CyLib.o)
                0x00001830                CyDelayUs
 .text.CySysClkWriteImoFreq
                0x00001844      0x1bc .\CortexM0\ARM_GCC_541\Debug\science wow.a(CyLib.o)
                0x00001844                CySysClkWriteImoFreq
 .text.CySysWdtLocked
                0x00001a00       0x14 .\CortexM0\ARM_GCC_541\Debug\science wow.a(CyLFClk.o)
 .text.CySysClkWcoEnabled
                0x00001a14       0x14 .\CortexM0\ARM_GCC_541\Debug\science wow.a(CyLFClk.o)
                0x00001a14                CySysClkWcoEnabled
 .text.CySysWdtLock
                0x00001a28       0x1c .\CortexM0\ARM_GCC_541\Debug\science wow.a(CyLFClk.o)
                0x00001a28                CySysWdtLock
 .text.CySysWdtUnlock
                0x00001a44       0x30 .\CortexM0\ARM_GCC_541\Debug\science wow.a(CyLFClk.o)
                0x00001a44                CySysWdtUnlock
 .text.CySysWdtClearInterrupt
                0x00001a74       0x4c .\CortexM0\ARM_GCC_541\Debug\science wow.a(CyLFClk.o)
                0x00001a74                CySysWdtClearInterrupt
 .text.CySysWdtIsr
                0x00001ac0       0xa4 .\CortexM0\ARM_GCC_541\Debug\science wow.a(CyLFClk.o)
                0x00001ac0                CySysWdtIsr
 .text.ERR_LED_Write
                0x00001b64       0x18 .\CortexM0\ARM_GCC_541\Debug\science wow.a(ERR_LED.o)
                0x00001b64                ERR_LED_Write
 .text.CAN_LED_Write
                0x00001b7c       0x18 .\CortexM0\ARM_GCC_541\Debug\science wow.a(CAN_LED.o)
                0x00001b7c                CAN_LED_Write
 .text.ADC_Init
                0x00001b94      0x180 .\CortexM0\ARM_GCC_541\Debug\science wow.a(ADC.o)
                0x00001b94                ADC_Init
 .text.ADC_Enable
                0x00001d14       0x30 .\CortexM0\ARM_GCC_541\Debug\science wow.a(ADC.o)
                0x00001d14                ADC_Enable
 .text.ADC_Start
                0x00001d44       0x20 .\CortexM0\ARM_GCC_541\Debug\science wow.a(ADC.o)
                0x00001d44                ADC_Start
 .text.ADC_StartConvert
                0x00001d64       0x14 .\CortexM0\ARM_GCC_541\Debug\science wow.a(ADC.o)
                0x00001d64                ADC_StartConvert
 .text.ADC_StopConvert
                0x00001d78       0x14 .\CortexM0\ARM_GCC_541\Debug\science wow.a(ADC.o)
                0x00001d78                ADC_StopConvert
 .text.ADC_IsEndConversion
                0x00001d8c       0x28 .\CortexM0\ARM_GCC_541\Debug\science wow.a(ADC.o)
                0x00001d8c                ADC_IsEndConversion
 .text.ADC_GetResult16
                0x00001db4       0x2c .\CortexM0\ARM_GCC_541\Debug\science wow.a(ADC.o)
                0x00001db4                ADC_GetResult16
 .text.ADC_ISR  0x00001de0        0xc .\CortexM0\ARM_GCC_541\Debug\science wow.a(ADC_INT.o)
                0x00001de0                ADC_ISR
 .text.I2C_ScbEnableIntr
                0x00001dec        0xc .\CortexM0\ARM_GCC_541\Debug\science wow.a(I2C.o)
 .text.I2C_Init
                0x00001df8        0x8 .\CortexM0\ARM_GCC_541\Debug\science wow.a(I2C.o)
                0x00001df8                I2C_Init
 .text.I2C_Enable
                0x00001e00       0x18 .\CortexM0\ARM_GCC_541\Debug\science wow.a(I2C.o)
                0x00001e00                I2C_Enable
 .text.I2C_Start
                0x00001e18       0x20 .\CortexM0\ARM_GCC_541\Debug\science wow.a(I2C.o)
                0x00001e18                I2C_Start
 .text.I2C_I2CInit
                0x00001e38       0xb8 .\CortexM0\ARM_GCC_541\Debug\science wow.a(I2C_I2C.o)
                0x00001e38                I2C_I2CInit
 .text.I2C_I2CFwBlockReset
                0x00001ef0       0x5c .\CortexM0\ARM_GCC_541\Debug\science wow.a(I2C_I2C.o)
                0x00001ef0                I2C_I2CFwBlockReset
 .text.I2C_I2CMasterWaitOneUnit
                0x00001f4c       0x28 .\CortexM0\ARM_GCC_541\Debug\science wow.a(I2C_I2C_MASTER.o)
 .text.I2C_I2CMasterHandleStatus
                0x00001f74       0xc4 .\CortexM0\ARM_GCC_541\Debug\science wow.a(I2C_I2C_MASTER.o)
 .text.I2C_I2CMasterSendStart
                0x00002038       0xc4 .\CortexM0\ARM_GCC_541\Debug\science wow.a(I2C_I2C_MASTER.o)
                0x00002038                I2C_I2CMasterSendStart
 .text.I2C_I2CMasterSendStop
                0x000020fc       0x58 .\CortexM0\ARM_GCC_541\Debug\science wow.a(I2C_I2C_MASTER.o)
                0x000020fc                I2C_I2CMasterSendStop
 .text.I2C_I2CMasterReadByte
                0x00002154       0x7c .\CortexM0\ARM_GCC_541\Debug\science wow.a(I2C_I2C_MASTER.o)
                0x00002154                I2C_I2CMasterReadByte
 .text.I2C_I2CMasterGetWriteBufSize
                0x000021d0        0xc .\CortexM0\ARM_GCC_541\Debug\science wow.a(I2C_I2C_MASTER.o)
                0x000021d0                I2C_I2CMasterGetWriteBufSize
 .text.I2C_I2CMasterStatus
                0x000021dc       0x30 .\CortexM0\ARM_GCC_541\Debug\science wow.a(I2C_I2C_MASTER.o)
                0x000021dc                I2C_I2CMasterStatus
 .text.I2C_I2CMasterClearStatus
                0x0000220c       0x20 .\CortexM0\ARM_GCC_541\Debug\science wow.a(I2C_I2C_MASTER.o)
                0x0000220c                I2C_I2CMasterClearStatus
 .text.I2C_I2CReStartGeneration
                0x0000222c       0x20 .\CortexM0\ARM_GCC_541\Debug\science wow.a(I2C_I2C_MASTER.o)
                0x0000222c                I2C_I2CReStartGeneration
 .text.I2C_I2CMasterWriteBuf
                0x0000224c       0xf8 .\CortexM0\ARM_GCC_541\Debug\science wow.a(I2C_I2C_MASTER.o)
                0x0000224c                I2C_I2CMasterWriteBuf
 .text.Status_Reg_LIM_Read
                0x00002344        0xc .\CortexM0\ARM_GCC_541\Debug\science wow.a(Status_Reg_LIM.o)
                0x00002344                Status_Reg_LIM_Read
 .text.Status_Reg_LIM_InterruptEnable
                0x00002350       0x1c .\CortexM0\ARM_GCC_541\Debug\science wow.a(Status_Reg_LIM.o)
                0x00002350                Status_Reg_LIM_InterruptEnable
 .text.isr_LIM_SetVector
                0x0000236c        0xc .\CortexM0\ARM_GCC_541\Debug\science wow.a(isr_LIM.o)
                0x0000236c                isr_LIM_SetVector
 .text.isr_LIM_SetPriority
                0x00002378       0x20 .\CortexM0\ARM_GCC_541\Debug\science wow.a(isr_LIM.o)
                0x00002378                isr_LIM_SetPriority
 .text.isr_LIM_Enable
                0x00002398        0xc .\CortexM0\ARM_GCC_541\Debug\science wow.a(isr_LIM.o)
                0x00002398                isr_LIM_Enable
 .text.isr_LIM_Disable
                0x000023a4        0xc .\CortexM0\ARM_GCC_541\Debug\science wow.a(isr_LIM.o)
                0x000023a4                isr_LIM_Disable
 .text.isr_LIM_StartEx
                0x000023b0       0x1c .\CortexM0\ARM_GCC_541\Debug\science wow.a(isr_LIM.o)
                0x000023b0                isr_LIM_StartEx
 .text.QuadDec_1_WriteCounter
                0x000023cc       0x10 .\CortexM0\ARM_GCC_541\Debug\science wow.a(QuadDec_1.o)
                0x000023cc                QuadDec_1_WriteCounter
 .text.QuadDec_1_SetCounterMode
                0x000023dc       0x28 .\CortexM0\ARM_GCC_541\Debug\science wow.a(QuadDec_1.o)
                0x000023dc                QuadDec_1_SetCounterMode
 .text.QuadDec_1_WritePeriod
                0x00002404       0x10 .\CortexM0\ARM_GCC_541\Debug\science wow.a(QuadDec_1.o)
                0x00002404                QuadDec_1_WritePeriod
 .text.QuadDec_1_TriggerCommand
                0x00002414       0x1c .\CortexM0\ARM_GCC_541\Debug\science wow.a(QuadDec_1.o)
                0x00002414                QuadDec_1_TriggerCommand
 .text.QuadDec_1_Enable
                0x00002430       0x24 .\CortexM0\ARM_GCC_541\Debug\science wow.a(QuadDec_1.o)
                0x00002430                QuadDec_1_Enable
 .text.QuadDec_1_SetInterruptMode
                0x00002454        0xc .\CortexM0\ARM_GCC_541\Debug\science wow.a(QuadDec_1.o)
                0x00002454                QuadDec_1_SetInterruptMode
 .text.QuadDec_1_Init
                0x00002460       0x3c .\CortexM0\ARM_GCC_541\Debug\science wow.a(QuadDec_1.o)
                0x00002460                QuadDec_1_Init
 .text.QuadDec_1_Start
                0x0000249c       0x20 .\CortexM0\ARM_GCC_541\Debug\science wow.a(QuadDec_1.o)
                0x0000249c                QuadDec_1_Start
 .text.QuadDec_2_WriteCounter
                0x000024bc       0x10 .\CortexM0\ARM_GCC_541\Debug\science wow.a(QuadDec_2.o)
                0x000024bc                QuadDec_2_WriteCounter
 .text.QuadDec_2_ReadCounter
                0x000024cc       0x10 .\CortexM0\ARM_GCC_541\Debug\science wow.a(QuadDec_2.o)
                0x000024cc                QuadDec_2_ReadCounter
 .text.QuadDec_2_SetCounterMode
                0x000024dc       0x28 .\CortexM0\ARM_GCC_541\Debug\science wow.a(QuadDec_2.o)
                0x000024dc                QuadDec_2_SetCounterMode
 .text.QuadDec_2_WritePeriod
                0x00002504       0x10 .\CortexM0\ARM_GCC_541\Debug\science wow.a(QuadDec_2.o)
                0x00002504                QuadDec_2_WritePeriod
 .text.QuadDec_2_TriggerCommand
                0x00002514       0x1c .\CortexM0\ARM_GCC_541\Debug\science wow.a(QuadDec_2.o)
                0x00002514                QuadDec_2_TriggerCommand
 .text.QuadDec_2_Enable
                0x00002530       0x24 .\CortexM0\ARM_GCC_541\Debug\science wow.a(QuadDec_2.o)
                0x00002530                QuadDec_2_Enable
 .text.QuadDec_2_SetInterruptMode
                0x00002554        0xc .\CortexM0\ARM_GCC_541\Debug\science wow.a(QuadDec_2.o)
                0x00002554                QuadDec_2_SetInterruptMode
 .text.QuadDec_2_Init
                0x00002560       0x3c .\CortexM0\ARM_GCC_541\Debug\science wow.a(QuadDec_2.o)
                0x00002560                QuadDec_2_Init
 .text.QuadDec_2_Start
                0x0000259c       0x20 .\CortexM0\ARM_GCC_541\Debug\science wow.a(QuadDec_2.o)
                0x0000259c                QuadDec_2_Start
 .text.QuadDec_2_ClearInterrupt
                0x000025bc        0xc .\CortexM0\ARM_GCC_541\Debug\science wow.a(QuadDec_2.o)
                0x000025bc                QuadDec_2_ClearInterrupt
 .text.UART_ScbModePostEnable
                0x000025c8        0x8 .\CortexM0\ARM_GCC_541\Debug\science wow.a(UART.o)
 .text.UART_Init
                0x000025d0        0x8 .\CortexM0\ARM_GCC_541\Debug\science wow.a(UART.o)
                0x000025d0                UART_Init
 .text.UART_Enable
                0x000025d8       0x18 .\CortexM0\ARM_GCC_541\Debug\science wow.a(UART.o)
                0x000025d8                UART_Enable
 .text.UART_Start
                0x000025f0       0x20 .\CortexM0\ARM_GCC_541\Debug\science wow.a(UART.o)
                0x000025f0                UART_Start
 .text.UART_UartInit
                0x00002610       0xa8 .\CortexM0\ARM_GCC_541\Debug\science wow.a(UART_UART.o)
                0x00002610                UART_UartInit
 .text.UART_UartPostEnable
                0x000026b8       0x24 .\CortexM0\ARM_GCC_541\Debug\science wow.a(UART_UART.o)
                0x000026b8                UART_UartPostEnable
 .text.isr_1ms_SetVector
                0x000026dc        0xc .\CortexM0\ARM_GCC_541\Debug\science wow.a(isr_1ms.o)
                0x000026dc                isr_1ms_SetVector
 .text.isr_1ms_SetPriority
                0x000026e8       0x20 .\CortexM0\ARM_GCC_541\Debug\science wow.a(isr_1ms.o)
                0x000026e8                isr_1ms_SetPriority
 .text.isr_1ms_Enable
                0x00002708       0x10 .\CortexM0\ARM_GCC_541\Debug\science wow.a(isr_1ms.o)
                0x00002708                isr_1ms_Enable
 .text.isr_1ms_Disable
                0x00002718       0x10 .\CortexM0\ARM_GCC_541\Debug\science wow.a(isr_1ms.o)
                0x00002718                isr_1ms_Disable
 .text.isr_1ms_StartEx
                0x00002728       0x1c .\CortexM0\ARM_GCC_541\Debug\science wow.a(isr_1ms.o)
                0x00002728                isr_1ms_StartEx
 .text.isr_1ms_Stop
                0x00002744       0x14 .\CortexM0\ARM_GCC_541\Debug\science wow.a(isr_1ms.o)
                0x00002744                isr_1ms_Stop
 .text.CC2_isr_SetVector
                0x00002758        0xc .\CortexM0\ARM_GCC_541\Debug\science wow.a(CC2_isr.o)
                0x00002758                CC2_isr_SetVector
 .text.CC2_isr_SetPriority
                0x00002764       0x24 .\CortexM0\ARM_GCC_541\Debug\science wow.a(CC2_isr.o)
                0x00002764                CC2_isr_SetPriority
 .text.CC2_isr_Enable
                0x00002788       0x10 .\CortexM0\ARM_GCC_541\Debug\science wow.a(CC2_isr.o)
                0x00002788                CC2_isr_Enable
 .text.CC2_isr_Disable
                0x00002798       0x10 .\CortexM0\ARM_GCC_541\Debug\science wow.a(CC2_isr.o)
                0x00002798                CC2_isr_Disable
 .text.CC2_isr_StartEx
                0x000027a8       0x1c .\CortexM0\ARM_GCC_541\Debug\science wow.a(CC2_isr.o)
                0x000027a8                CC2_isr_StartEx
 *fill*         0x000027c4        0x4 
 .text          0x000027c8       0x20 .\CortexM0\ARM_GCC_541\Debug\science wow.a(CyBootAsmGnu.o)
                0x000027c8                CyDelayCycles
                0x000027da                CyEnterCriticalSection
                0x000027e2                CyExitCriticalSection
 .text.CySysFlashSetWaitCycles
                0x000027e8       0x54 .\CortexM0\ARM_GCC_541\Debug\science wow.a(CyFlash.o)
                0x000027e8                CySysFlashSetWaitCycles
 .text.I2C_I2C_ISR
                0x0000283c      0x340 .\CortexM0\ARM_GCC_541\Debug\science wow.a(I2C_I2C_INT.o)
                0x0000283c                I2C_I2C_ISR
 .text          0x00002b7c      0x114 c:/program files (x86)/cypress/psoc creator/4.4/psoc creator/import/gnu/arm/5.4.1/bin/../lib/gcc/arm-none-eabi/5.4.1/armv6-m\libgcc.a(_udivsi3.o)
                0x00002b7c                __aeabi_uidiv
                0x00002b7c                __udivsi3
                0x00002c88                __aeabi_uidivmod
 .text          0x00002c90      0x1d4 c:/program files (x86)/cypress/psoc creator/4.4/psoc creator/import/gnu/arm/5.4.1/bin/../lib/gcc/arm-none-eabi/5.4.1/armv6-m\libgcc.a(_divsi3.o)
                0x00002c90                __divsi3
                0x00002c90                __aeabi_idiv
                0x00002e5c                __aeabi_idivmod
 .text          0x00002e64        0x4 c:/program files (x86)/cypress/psoc creator/4.4/psoc creator/import/gnu/arm/5.4.1/bin/../lib/gcc/arm-none-eabi/5.4.1/armv6-m\libgcc.a(_dvmd_tls.o)
                0x00002e64                __aeabi_idiv0
                0x00002e64                __aeabi_ldiv0
 .text          0x00002e68       0x30 c:/program files (x86)/cypress/psoc creator/4.4/psoc creator/import/gnu/arm/5.4.1/bin/../lib/gcc/arm-none-eabi/5.4.1/armv6-m\libgcc.a(_fixunssfsi.o)
                0x00002e68                __fixunssfsi
                0x00002e68                __aeabi_f2uiz
 .text          0x00002e98       0x3c c:/program files (x86)/cypress/psoc creator/4.4/psoc creator/import/gnu/arm/5.4.1/bin/../lib/gcc/arm-none-eabi/5.4.1/armv6-m\libgcc.a(_fixunsdfsi.o)
                0x00002e98                __aeabi_d2uiz
                0x00002e98                __fixunsdfsi
 .text          0x00002ed4      0x2ec c:/program files (x86)/cypress/psoc creator/4.4/psoc creator/import/gnu/arm/5.4.1/bin/../lib/gcc/arm-none-eabi/5.4.1/armv6-m\libgcc.a(addsf3.o)
                0x00002ed4                __aeabi_fadd
 .text          0x000031c0      0x234 c:/program files (x86)/cypress/psoc creator/4.4/psoc creator/import/gnu/arm/5.4.1/bin/../lib/gcc/arm-none-eabi/5.4.1/armv6-m\libgcc.a(divsf3.o)
                0x000031c0                __aeabi_fdiv
 .text          0x000033f4      0x228 c:/program files (x86)/cypress/psoc creator/4.4/psoc creator/import/gnu/arm/5.4.1/bin/../lib/gcc/arm-none-eabi/5.4.1/armv6-m\libgcc.a(mulsf3.o)
                0x000033f4                __aeabi_fmul
 .text          0x0000361c      0x30c c:/program files (x86)/cypress/psoc creator/4.4/psoc creator/import/gnu/arm/5.4.1/bin/../lib/gcc/arm-none-eabi/5.4.1/armv6-m\libgcc.a(subsf3.o)
                0x0000361c                __aeabi_fsub
 .text          0x00003928       0x44 c:/program files (x86)/cypress/psoc creator/4.4/psoc creator/import/gnu/arm/5.4.1/bin/../lib/gcc/arm-none-eabi/5.4.1/armv6-m\libgcc.a(fixsfsi.o)
                0x00003928                __aeabi_f2iz
 .text          0x0000396c       0x90 c:/program files (x86)/cypress/psoc creator/4.4/psoc creator/import/gnu/arm/5.4.1/bin/../lib/gcc/arm-none-eabi/5.4.1/armv6-m\libgcc.a(floatsisf.o)
                0x0000396c                __aeabi_i2f
 .text          0x000039fc      0x658 c:/program files (x86)/cypress/psoc creator/4.4/psoc creator/import/gnu/arm/5.4.1/bin/../lib/gcc/arm-none-eabi/5.4.1/armv6-m\libgcc.a(adddf3.o)
                0x000039fc                __aeabi_dadd
 .text          0x00004054      0x62c c:/program files (x86)/cypress/psoc creator/4.4/psoc creator/import/gnu/arm/5.4.1/bin/../lib/gcc/arm-none-eabi/5.4.1/armv6-m\libgcc.a(divdf3.o)
                0x00004054                __aeabi_ddiv
 .text          0x00004680      0x6a8 c:/program files (x86)/cypress/psoc creator/4.4/psoc creator/import/gnu/arm/5.4.1/bin/../lib/gcc/arm-none-eabi/5.4.1/armv6-m\libgcc.a(subdf3.o)
                0x00004680                __aeabi_dsub
 .text          0x00004d28       0x6c c:/program files (x86)/cypress/psoc creator/4.4/psoc creator/import/gnu/arm/5.4.1/bin/../lib/gcc/arm-none-eabi/5.4.1/armv6-m\libgcc.a(fixdfsi.o)
                0x00004d28                __aeabi_d2iz
 .text          0x00004d94       0xa8 c:/program files (x86)/cypress/psoc creator/4.4/psoc creator/import/gnu/arm/5.4.1/bin/../lib/gcc/arm-none-eabi/5.4.1/armv6-m\libgcc.a(extendsfdf2.o)
                0x00004d94                __aeabi_f2d
 .text          0x00004e3c       0x7c c:/program files (x86)/cypress/psoc creator/4.4/psoc creator/import/gnu/arm/5.4.1/bin/../lib/gcc/arm-none-eabi/5.4.1/armv6-m\libgcc.a(_arm_cmpdf2.o)
                0x00004e3c                __aeabi_cdrcmple
                0x00004e4c                __aeabi_cdcmple
                0x00004e4c                __aeabi_cdcmpeq
                0x00004e5c                __aeabi_dcmpeq
                0x00004e68                __aeabi_dcmplt
                0x00004e7c                __aeabi_dcmple
                0x00004e90                __aeabi_dcmpgt
                0x00004ea4                __aeabi_dcmpge
 .text          0x00004eb8       0x74 c:/program files (x86)/cypress/psoc creator/4.4/psoc creator/import/gnu/arm/5.4.1/bin/../lib/gcc/arm-none-eabi/5.4.1/armv6-m\libgcc.a(_arm_cmpsf2.o)
                0x00004eb8                __aeabi_cfrcmple
                0x00004ec0                __aeabi_cfcmpeq
                0x00004ec0                __aeabi_cfcmple
                0x00004ed0                __aeabi_fcmpeq
                0x00004edc                __aeabi_fcmplt
                0x00004ef0                __aeabi_fcmple
                0x00004f04                __aeabi_fcmpgt
                0x00004f18                __aeabi_fcmpge
 .text          0x00004f2c       0x3c c:/program files (x86)/cypress/psoc creator/4.4/psoc creator/import/gnu/arm/5.4.1/bin/../lib/gcc/arm-none-eabi/5.4.1/armv6-m\libgcc.a(_clzsi2.o)
                0x00004f2c                __clzsi2
 .text          0x00004f68       0x50 c:/program files (x86)/cypress/psoc creator/4.4/psoc creator/import/gnu/arm/5.4.1/bin/../lib/gcc/arm-none-eabi/5.4.1/armv6-m\libgcc.a(eqsf2.o)
                0x00004f68                __eqsf2
                0x00004f68                __nesf2
 .text          0x00004fb8       0x88 c:/program files (x86)/cypress/psoc creator/4.4/psoc creator/import/gnu/arm/5.4.1/bin/../lib/gcc/arm-none-eabi/5.4.1/armv6-m\libgcc.a(gesf2.o)
                0x00004fb8                __gesf2
                0x00004fb8                __gtsf2
 .text          0x00005040       0x88 c:/program files (x86)/cypress/psoc creator/4.4/psoc creator/import/gnu/arm/5.4.1/bin/../lib/gcc/arm-none-eabi/5.4.1/armv6-m\libgcc.a(lesf2.o)
                0x00005040                __ltsf2
                0x00005040                __lesf2
 .text          0x000050c8       0x80 c:/program files (x86)/cypress/psoc creator/4.4/psoc creator/import/gnu/arm/5.4.1/bin/../lib/gcc/arm-none-eabi/5.4.1/armv6-m\libgcc.a(eqdf2.o)
                0x000050c8                __nedf2
                0x000050c8                __eqdf2
 .text          0x00005148       0xc8 c:/program files (x86)/cypress/psoc creator/4.4/psoc creator/import/gnu/arm/5.4.1/bin/../lib/gcc/arm-none-eabi/5.4.1/armv6-m\libgcc.a(gedf2.o)
                0x00005148                __gedf2
                0x00005148                __gtdf2
 .text          0x00005210       0xd4 c:/program files (x86)/cypress/psoc creator/4.4/psoc creator/import/gnu/arm/5.4.1/bin/../lib/gcc/arm-none-eabi/5.4.1/armv6-m\libgcc.a(ledf2.o)
                0x00005210                __ledf2
                0x00005210                __ltdf2
 .text.__errno  0x000052e4        0xc c:/program files (x86)/cypress/psoc creator/4.4/psoc creator/import/gnu/arm/5.4.1/bin/../lib/gcc/arm-none-eabi/5.4.1/../../../../arm-none-eabi/lib/armv6-m\libg_nano.a(lib_a-errno.o)
                0x000052e4                __errno
 .text.__libc_init_array
                0x000052f0       0x4c c:/program files (x86)/cypress/psoc creator/4.4/psoc creator/import/gnu/arm/5.4.1/bin/../lib/gcc/arm-none-eabi/5.4.1/../../../../arm-none-eabi/lib/armv6-m\libg_nano.a(lib_a-init.o)
                0x000052f0                __libc_init_array
 .text.memcpy   0x0000533c       0x12 c:/program files (x86)/cypress/psoc creator/4.4/psoc creator/import/gnu/arm/5.4.1/bin/../lib/gcc/arm-none-eabi/5.4.1/../../../../arm-none-eabi/lib/armv6-m\libg_nano.a(lib_a-memcpy-stub.o)
                0x0000533c                memcpy
 .text.memset   0x0000534e       0x10 c:/program files (x86)/cypress/psoc creator/4.4/psoc creator/import/gnu/arm/5.4.1/bin/../lib/gcc/arm-none-eabi/5.4.1/../../../../arm-none-eabi/lib/armv6-m\libg_nano.a(lib_a-memset.o)
                0x0000534e                memset
 *(.plt)
 *(.gnu.warning)
 *(.glue_7t)
 .glue_7t       0x0000535e        0x0 linker stubs
 *(.glue_7)
 .glue_7        0x0000535e        0x0 linker stubs
 *(.vfp11_veneer)
 .vfp11_veneer  0x0000535e        0x0 linker stubs
 *(.bootloader)
 *(.ARM.extab* .gnu.linkonce.armextab.*)
 *(.gcc_except_table)

.v4_bx          0x00005360        0x0
 .v4_bx         0x00005360        0x0 linker stubs

.iplt           0x00005360        0x0
 .iplt          0x00005360        0x0 c:/program files (x86)/cypress/psoc creator/4.4/psoc creator/import/gnu/arm/5.4.1/bin/../lib/gcc/arm-none-eabi/5.4.1/armv6-m/crtbegin.o

.eh_frame_hdr
 *(.eh_frame_hdr)

.eh_frame       0x00005360        0x4
 *(.eh_frame)
 .eh_frame      0x00005360        0x0 c:/program files (x86)/cypress/psoc creator/4.4/psoc creator/import/gnu/arm/5.4.1/bin/../lib/gcc/arm-none-eabi/5.4.1/armv6-m/crtbegin.o
 .eh_frame      0x00005360        0x4 c:/program files (x86)/cypress/psoc creator/4.4/psoc creator/import/gnu/arm/5.4.1/bin/../lib/gcc/arm-none-eabi/5.4.1/armv6-m/crtend.o
                [!provide]                PROVIDE (__exidx_start, .)

.ARM.exidx
 *(.ARM.exidx* .gnu.linkonce.armexidx.*)
                0x00005364                __exidx_end = .

.rodata         0x00005364      0x3c4
 *(.rodata .rodata.* .gnu.linkonce.r.*)
 .rodata        0x00005364        0x2 .\CortexM0\ARM_GCC_541\Debug\sensor.o
 *fill*         0x00005366        0x2 
 .rodata        0x00005368       0xec .\CortexM0\ARM_GCC_541\Debug\cyfitter_cfg.o
 .rodata        0x00005454      0x160 .\CortexM0\ARM_GCC_541\Debug\science wow.a(CAN.o)
 .rodata        0x000055b4       0x2e .\CortexM0\ARM_GCC_541\Debug\science wow.a(CyLib.o)
                0x000055b4                cyImoFreqMhz2Reg
 *fill*         0x000055e2        0x2 
 .rodata        0x000055e4        0xa .\CortexM0\ARM_GCC_541\Debug\science wow.a(ADC.o)
 *fill*         0x000055ee        0x2 
 .rodata        0x000055f0       0x80 c:/program files (x86)/cypress/psoc creator/4.4/psoc creator/import/gnu/arm/5.4.1/bin/../lib/gcc/arm-none-eabi/5.4.1/armv6-m\libgcc.a(divsf3.o)
 .rodata        0x00005670       0x40 c:/program files (x86)/cypress/psoc creator/4.4/psoc creator/import/gnu/arm/5.4.1/bin/../lib/gcc/arm-none-eabi/5.4.1/armv6-m\libgcc.a(mulsf3.o)
 .rodata        0x000056b0       0x40 c:/program files (x86)/cypress/psoc creator/4.4/psoc creator/import/gnu/arm/5.4.1/bin/../lib/gcc/arm-none-eabi/5.4.1/armv6-m\libgcc.a(divdf3.o)
 .rodata.str1.1
                0x000056f0        0x2 c:/program files (x86)/cypress/psoc creator/4.4/psoc creator/import/gnu/arm/5.4.1/bin/../lib/gcc/arm-none-eabi/5.4.1/../../../../arm-none-eabi/lib/armv6-m\libg_nano.a(lib_a-impure.o)
                0x000056f4                . = ALIGN (0x4)
 *fill*         0x000056f2        0x2 
 *(.init)
 .init          0x000056f4        0x4 c:/program files (x86)/cypress/psoc creator/4.4/psoc creator/import/gnu/arm/5.4.1/bin/../lib/gcc/arm-none-eabi/5.4.1/armv6-m/crti.o
                0x000056f4                _init
 .init          0x000056f8        0x8 c:/program files (x86)/cypress/psoc creator/4.4/psoc creator/import/gnu/arm/5.4.1/bin/../lib/gcc/arm-none-eabi/5.4.1/armv6-m/crtn.o
                0x00005700                . = ALIGN (0x4)
                0x00005700                __preinit_array_start = .
 *(.preinit_array)
                0x00005700                __preinit_array_end = .
                0x00005700                . = ALIGN (0x4)
                0x00005700                __init_array_start = .
 *(SORT(.init_array.*))
 *(.init_array)
 .init_array    0x00005700        0x4 c:/program files (x86)/cypress/psoc creator/4.4/psoc creator/import/gnu/arm/5.4.1/bin/../lib/gcc/arm-none-eabi/5.4.1/armv6-m/crtbegin.o
 .init_array    0x00005704        0x4 .\CortexM0\ARM_GCC_541\Debug\Cm0Start.o
                0x00005708                __init_array_end = .
                0x00005708                . = ALIGN (0x4)
 *(.fini)
 .fini          0x00005708        0x4 c:/program files (x86)/cypress/psoc creator/4.4/psoc creator/import/gnu/arm/5.4.1/bin/../lib/gcc/arm-none-eabi/5.4.1/armv6-m/crti.o
                0x00005708                _fini
 .fini          0x0000570c        0x8 c:/program files (x86)/cypress/psoc creator/4.4/psoc creator/import/gnu/arm/5.4.1/bin/../lib/gcc/arm-none-eabi/5.4.1/armv6-m/crtn.o
                0x00005714                . = ALIGN (0x4)
                0x00005714                __fini_array_start = .
 *(.fini_array)
 .fini_array    0x00005714        0x4 c:/program files (x86)/cypress/psoc creator/4.4/psoc creator/import/gnu/arm/5.4.1/bin/../lib/gcc/arm-none-eabi/5.4.1/armv6-m/crtbegin.o
 *(SORT(.fini_array.*))
                0x00005718                __fini_array_end = .
                0x00005718                . = ALIGN (0x4)
 *crtbegin.o(.ctors)
 *(EXCLUDE_FILE(*crtend.o) .ctors)
 *(SORT(.ctors.*))
 *crtend.o(.ctors)
                0x00005718                . = ALIGN (0x4)
 *crtbegin.o(.dtors)
 *(EXCLUDE_FILE(*crtend.o) .dtors)
 *(SORT(.dtors.*))
 *crtend.o(.dtors)
                0x00005718                . = ALIGN (0x4)
                0x00005718                __cy_regions = .
                0x00005718        0x4 LONG 0x5728 __cy_region_init_ram
                0x0000571c        0x4 LONG 0x200000c0 __cy_region_start_data
                0x00005720        0x4 LONG 0x88 __cy_region_init_size_ram
                0x00005724        0x4 LONG 0x1a8 __cy_region_zero_size_ram
                0x00005728                __cy_regions_end = .
                0x00005728                . = ALIGN (0x8)
                0x00005728                _etext = .

.cy_checksum_exclude
                0x00005728        0x0
 *(.cy_checksum_exclude)

.ramvectors     0x20000000       0xc0
                0x20000000                __cy_region_start_ram = .
 *(.ramvectors)
 .ramvectors    0x20000000       0xc0 .\CortexM0\ARM_GCC_541\Debug\Cm0Start.o
                0x20000000                CyRamVectors

.noinit
 *(.noinit)

.data           0x200000c0       0x88 load address 0x00005728
                0x200000c0                __cy_region_start_data = .
 *(.jcr)
 .jcr           0x200000c0        0x0 c:/program files (x86)/cypress/psoc creator/4.4/psoc creator/import/gnu/arm/5.4.1/bin/../lib/gcc/arm-none-eabi/5.4.1/armv6-m/crtbegin.o
 .jcr           0x200000c0        0x4 c:/program files (x86)/cypress/psoc creator/4.4/psoc creator/import/gnu/arm/5.4.1/bin/../lib/gcc/arm-none-eabi/5.4.1/armv6-m/crtend.o
 *(.got.plt)
 *(.got)
 *(.shdata)
 *(.data .data.* .gnu.linkonce.d.*)
 .data          0x200000c4       0x14 .\CortexM0\ARM_GCC_541\Debug\science wow.a(CyLib.o)
                0x200000c4                CySysClkPumpConfig
                0x200000c8                cydelay32kMs
                0x200000cc                cydelayFreqKhz
                0x200000d0                cydelayFreqMhz
                0x200000d4                cydelayFreqHz
 .data          0x200000d8        0x8 .\CortexM0\ARM_GCC_541\Debug\science wow.a(CyLFClk.o)
 .data.impure_data
                0x200000e0       0x60 c:/program files (x86)/cypress/psoc creator/4.4/psoc creator/import/gnu/arm/5.4.1/bin/../lib/gcc/arm-none-eabi/5.4.1/../../../../arm-none-eabi/lib/armv6-m\libg_nano.a(lib_a-impure.o)
 .data._impure_ptr
                0x20000140        0x4 c:/program files (x86)/cypress/psoc creator/4.4/psoc creator/import/gnu/arm/5.4.1/bin/../lib/gcc/arm-none-eabi/5.4.1/../../../../arm-none-eabi/lib/armv6-m\libg_nano.a(lib_a-impure.o)
                0x20000140                _impure_ptr
                0x20000148                . = ALIGN (0x8)
 *fill*         0x20000144        0x4 
 *(.ram)
                0x20000148                _edata = .

.igot.plt       0x20000148        0x0 load address 0x000057b0
 .igot.plt      0x20000148        0x0 c:/program files (x86)/cypress/psoc creator/4.4/psoc creator/import/gnu/arm/5.4.1/bin/../lib/gcc/arm-none-eabi/5.4.1/armv6-m/crtbegin.o

.bss            0x20000148      0x1a8 load address 0x000057b0
                0x20000148                PROVIDE (__bss_start__, .)
 *(.shbss)
 *(.bss .bss.* .gnu.linkonce.b.*)
 .bss           0x20000148       0x1c c:/program files (x86)/cypress/psoc creator/4.4/psoc creator/import/gnu/arm/5.4.1/bin/../lib/gcc/arm-none-eabi/5.4.1/armv6-m/crtbegin.o
 .bss           0x20000164        0x4 .\CortexM0\ARM_GCC_541\Debug\PortPSOC_CY8C4248AZI_L485.o
                0x20000164                latestMessageFull
                0x20000165                latestMessageHead
                0x20000166                latestMessageTail
                0x20000167                messageReadFlag
 .bss           0x20000168        0x1 .\CortexM0\ARM_GCC_541\Debug\science wow.a(CAN.o)
                0x20000168                CAN_initVar
 *fill*         0x20000169        0x3 
 .bss           0x2000016c       0x20 .\CortexM0\ARM_GCC_541\Debug\science wow.a(CyLib.o)
                0x2000016c                CySysClkImoTrim4
                0x20000170                CySysClkImoTrim5
                0x20000188                CySysTickInitVar
 .bss           0x2000018c       0x28 .\CortexM0\ARM_GCC_541\Debug\science wow.a(CyLFClk.o)
 .bss           0x200001b4        0x1 .\CortexM0\ARM_GCC_541\Debug\science wow.a(ADC.o)
                0x200001b4                ADC_initVar
 *fill*         0x200001b5        0x3 
 .bss           0x200001b8        0x8 .\CortexM0\ARM_GCC_541\Debug\science wow.a(I2C.o)
                0x200001b8                I2C_initVar
                0x200001bc                I2C_customIntrHandler
 .bss           0x200001c0        0x1 .\CortexM0\ARM_GCC_541\Debug\science wow.a(QuadDec_1.o)
                0x200001c0                QuadDec_1_initVar
 .bss           0x200001c1        0x1 .\CortexM0\ARM_GCC_541\Debug\science wow.a(QuadDec_2.o)
                0x200001c1                QuadDec_2_initVar
 .bss           0x200001c2        0x4 .\CortexM0\ARM_GCC_541\Debug\science wow.a(UART.o)
                0x200001c2                UART_initVar
                0x200001c4                UART_IntrTxMask
 *(COMMON)
 *fill*         0x200001c6        0x2 
 COMMON         0x200001c8       0xd8 .\CortexM0\ARM_GCC_541\Debug\PortPSOC_CY8C4248AZI_L485.o
                0x200001c8                deviceGroup
                0x200001cc                rxMailbox
                0x200001dc                deviceAddress
                0x200001e0                latestMessage
 COMMON         0x200002a0       0x18 .\CortexM0\ARM_GCC_541\Debug\main.o
                0x200002a0                can_send
                0x200002ac                current_cup_pos
                0x200002b0                encoder_val
                0x200002b4                time_ms
 COMMON         0x200002b8        0x4 .\CortexM0\ARM_GCC_541\Debug\Milliseconds.o
                0x200002b8                milliseconds
 COMMON         0x200002bc        0xc .\CortexM0\ARM_GCC_541\Debug\science wow.a(ADC.o)
                0x200002bc                ADC_countsPer10Volt
                0x200002c4                ADC_offset
 COMMON         0x200002c8        0x1 .\CortexM0\ARM_GCC_541\Debug\science wow.a(I2C_I2C.o)
                0x200002c8                I2C_state
 *fill*         0x200002c9        0x3 
 COMMON         0x200002cc       0x24 .\CortexM0\ARM_GCC_541\Debug\science wow.a(I2C_I2C_MASTER.o)
                0x200002cc                I2C_mstrWrBufIndexTmp
                0x200002d0                I2C_mstrWrBufIndex
                0x200002d4                I2C_mstrWrBufSize
                0x200002d8                I2C_mstrStatus
                0x200002dc                I2C_mstrRdBufPtr
                0x200002e0                I2C_mstrControl
                0x200002e4                I2C_mstrRdBufSize
                0x200002e8                I2C_mstrRdBufIndex
                0x200002ec                I2C_mstrWrBufPtr
                0x200002f0                . = ALIGN (0x8)
 *(.ram.b)
                0x200002f0                _end = .
                0x200002f0                __end = .
                0x200002f0                PROVIDE (end, .)
                0x200002f0                PROVIDE (__bss_end__, .)
                0x00005728                __cy_region_init_ram = LOADADDR (.data)
                0x00000088                __cy_region_init_size_ram = (_edata - ADDR (.data))
                0x000001a8                __cy_region_zero_size_ram = (_end - _edata)

.heap           0x200002f0       0x80 load address 0x000057b0
                0x200002f0                . = _end
                0x20000370                . = (. + 0x80)
 *fill*         0x200002f0       0x80 
                0x20000370                __cy_heap_limit = .

.stack          0x20007800      0x800
                0x20007800                __cy_stack_limit = .
                0x20008000                . = (. + 0x800)
 *fill*         0x20007800      0x800 
                0x00000001                ASSERT ((__cy_stack_limit >= __cy_heap_limit), region RAM overflowed with stack)
                0x00000000                cy_checksum_exclude_size = (CY_APPL_LOADABLE == 0x1)?SIZEOF (.cy_checksum_exclude):0x0
                0x00000001                ASSERT ((cy_checksum_exclude_size <= CY_CHECKSUM_EXCLUDE_SIZE), CY_BOOT: Section .cy_checksum_exclude size exceedes specified limit.)
                0x0003ffc0                cyloadermeta_start = (cy_project_type_bootloader || cy_project_type_app_for_stack_and_copier)?(LENGTH (rom) - CY_METADATA_SIZE):0xf0000000

.cyloadermeta
 *(.cyloadermeta)
                0x0003ffc0                cyloadablemeta_start = cy_project_type_app_for_stack_and_copier?((LENGTH (rom) - CY_FLASH_ROW_SIZE) - CY_METADATA_SIZE):((LENGTH (rom) - (CY_FLASH_ROW_SIZE * (CY_APPL_NUM - 0x1))) - CY_METADATA_SIZE)

.cyloadablemeta
 *(.cyloadablemeta)

.cyflashprotect
                0x90400000       0x80
 *(.cyflashprotect)
 .cyflashprotect
                0x90400000       0x80 .\CortexM0\ARM_GCC_541\Debug\cymetadata.o
                0x90400000                cy_meta_flashprotect

.cymeta         0x90500000        0xc
 *(.cymeta)
 .cymeta        0x90500000        0xc .\CortexM0\ARM_GCC_541\Debug\cymetadata.o
                0x90500000                cy_metadata

.cychipprotect  0x90600000        0x1
 *(.cychipprotect)
 .cychipprotect
                0x90600000        0x1 .\CortexM0\ARM_GCC_541\Debug\cymetadata.o
                0x90600000                cy_meta_chipprotect

.rel.dyn        0x000057b0        0x0 load address 0x90600004
 .rel.iplt      0x000057b0        0x0 c:/program files (x86)/cypress/psoc creator/4.4/psoc creator/import/gnu/arm/5.4.1/bin/../lib/gcc/arm-none-eabi/5.4.1/armv6-m/crtbegin.o

.stab
 *(.stab)

.stabstr
 *(.stabstr)

.debug
 *(.debug)

.line
 *(.line)

.debug_srcinfo
 *(.debug_srcinfo)

.debug_sfnames
 *(.debug_sfnames)

.debug_aranges  0x00000000     0x13f0
 *(.debug_aranges)
 .debug_aranges
                0x00000000       0xc0 .\CortexM0\ARM_GCC_541\Debug\CANCommon.o
 .debug_aranges
                0x000000c0       0x88 .\CortexM0\ARM_GCC_541\Debug\CANGPIO.o
 .debug_aranges
                0x00000148       0x18 .\CortexM0\ARM_GCC_541\Debug\CANLocalization.o
 .debug_aranges
                0x00000160      0x110 .\CortexM0\ARM_GCC_541\Debug\CANMotorUnit.o
 .debug_aranges
                0x00000270       0xa8 .\CortexM0\ARM_GCC_541\Debug\CANPacket.o
 .debug_aranges
                0x00000318       0x40 .\CortexM0\ARM_GCC_541\Debug\CANPower.o
 .debug_aranges
                0x00000358       0x50 .\CortexM0\ARM_GCC_541\Debug\CANScience.o
 .debug_aranges
                0x000003a8       0x68 .\CortexM0\ARM_GCC_541\Debug\PortPSOC_CY8C4248AZI_L485.o
 .debug_aranges
                0x00000410       0x60 .\CortexM0\ARM_GCC_541\Debug\PCA9685.o
 .debug_aranges
                0x00000470       0x40 .\CortexM0\ARM_GCC_541\Debug\main.o
 .debug_aranges
                0x000004b0       0x50 .\CortexM0\ARM_GCC_541\Debug\sensor.o
 .debug_aranges
                0x00000500       0x38 .\CortexM0\ARM_GCC_541\Debug\servo.o
 .debug_aranges
                0x00000538       0x28 .\CortexM0\ARM_GCC_541\Debug\Milliseconds.o
 .debug_aranges
                0x00000560       0x48 .\CortexM0\ARM_GCC_541\Debug\cyfitter_cfg.o
 .debug_aranges
                0x000005a8       0x18 .\CortexM0\ARM_GCC_541\Debug\cymetadata.o
 .debug_aranges
                0x000005c0       0x48 .\CortexM0\ARM_GCC_541\Debug\Cm0Start.o
 .debug_aranges
                0x00000608       0xe8 .\CortexM0\ARM_GCC_541\Debug\science wow.a(CAN.o)
 .debug_aranges
                0x000006f0       0x20 .\CortexM0\ARM_GCC_541\Debug\science wow.a(CAN_INT.o)
 .debug_aranges
                0x00000710       0x30 .\CortexM0\ARM_GCC_541\Debug\science wow.a(CAN_TX_RX_func.o)
 .debug_aranges
                0x00000740      0x270 .\CortexM0\ARM_GCC_541\Debug\science wow.a(CyLib.o)
 .debug_aranges
                0x000009b0      0x188 .\CortexM0\ARM_GCC_541\Debug\science wow.a(CyLFClk.o)
 .debug_aranges
                0x00000b38       0x48 .\CortexM0\ARM_GCC_541\Debug\science wow.a(ERR_LED.o)
 .debug_aranges
                0x00000b80       0x48 .\CortexM0\ARM_GCC_541\Debug\science wow.a(CAN_LED.o)
 .debug_aranges
                0x00000bc8       0xa8 .\CortexM0\ARM_GCC_541\Debug\science wow.a(ADC.o)
 .debug_aranges
                0x00000c70       0x20 .\CortexM0\ARM_GCC_541\Debug\science wow.a(ADC_INT.o)
 .debug_aranges
                0x00000c90       0x60 .\CortexM0\ARM_GCC_541\Debug\science wow.a(I2C.o)
 .debug_aranges
                0x00000cf0       0x30 .\CortexM0\ARM_GCC_541\Debug\science wow.a(I2C_I2C.o)
 .debug_aranges
                0x00000d20       0x98 .\CortexM0\ARM_GCC_541\Debug\science wow.a(I2C_I2C_MASTER.o)
 .debug_aranges
                0x00000db8       0x40 .\CortexM0\ARM_GCC_541\Debug\science wow.a(Status_Reg_LIM.o)
 .debug_aranges
                0x00000df8       0x80 .\CortexM0\ARM_GCC_541\Debug\science wow.a(isr_LIM.o)
 .debug_aranges
                0x00000e78      0x158 .\CortexM0\ARM_GCC_541\Debug\science wow.a(QuadDec_1.o)
 .debug_aranges
                0x00000fd0      0x158 .\CortexM0\ARM_GCC_541\Debug\science wow.a(QuadDec_2.o)
 .debug_aranges
                0x00001128       0x58 .\CortexM0\ARM_GCC_541\Debug\science wow.a(UART.o)
 .debug_aranges
                0x00001180       0x90 .\CortexM0\ARM_GCC_541\Debug\science wow.a(UART_UART.o)
 .debug_aranges
                0x00001210       0x80 .\CortexM0\ARM_GCC_541\Debug\science wow.a(isr_1ms.o)
 .debug_aranges
                0x00001290       0x80 .\CortexM0\ARM_GCC_541\Debug\science wow.a(CC2_isr.o)
 .debug_aranges
                0x00001310       0x20 .\CortexM0\ARM_GCC_541\Debug\science wow.a(CyBootAsmGnu.o)
 .debug_aranges
                0x00001330       0x40 .\CortexM0\ARM_GCC_541\Debug\science wow.a(CyFlash.o)
 .debug_aranges
                0x00001370       0x20 .\CortexM0\ARM_GCC_541\Debug\science wow.a(I2C_I2C_INT.o)
 .debug_aranges
                0x00001390       0x60 .\CortexM0\ARM_GCC_541\Debug\science wow.a(UART_SPI_UART.o)

.debug_pubnames
 *(.debug_pubnames)

.debug_info     0x00000000     0xc901
 *(.debug_info .gnu.linkonce.wi.*)
 .debug_info    0x00000000      0xa46 .\CortexM0\ARM_GCC_541\Debug\CANCommon.o
 .debug_info    0x00000a46      0x60d .\CortexM0\ARM_GCC_541\Debug\CANGPIO.o
 .debug_info    0x00001053       0x6b .\CortexM0\ARM_GCC_541\Debug\CANLocalization.o
 .debug_info    0x000010be      0xe62 .\CortexM0\ARM_GCC_541\Debug\CANMotorUnit.o
 .debug_info    0x00001f20      0x641 .\CortexM0\ARM_GCC_541\Debug\CANPacket.o
 .debug_info    0x00002561      0x2ff .\CortexM0\ARM_GCC_541\Debug\CANPower.o
 .debug_info    0x00002860      0x353 .\CortexM0\ARM_GCC_541\Debug\CANScience.o
 .debug_info    0x00002bb3      0x639 .\CortexM0\ARM_GCC_541\Debug\PortPSOC_CY8C4248AZI_L485.o
 .debug_info    0x000031ec      0x4c9 .\CortexM0\ARM_GCC_541\Debug\PCA9685.o
 .debug_info    0x000036b5      0x831 .\CortexM0\ARM_GCC_541\Debug\main.o
 .debug_info    0x00003ee6      0x720 .\CortexM0\ARM_GCC_541\Debug\sensor.o
 .debug_info    0x00004606      0x308 .\CortexM0\ARM_GCC_541\Debug\servo.o
 .debug_info    0x0000490e       0xf6 .\CortexM0\ARM_GCC_541\Debug\Milliseconds.o
 .debug_info    0x00004a04      0x405 .\CortexM0\ARM_GCC_541\Debug\cyfitter_cfg.o
 .debug_info    0x00004e09       0xf8 .\CortexM0\ARM_GCC_541\Debug\cymetadata.o
 .debug_info    0x00004f01      0x3a2 .\CortexM0\ARM_GCC_541\Debug\Cm0Start.o
 .debug_info    0x000052a3      0x9c6 .\CortexM0\ARM_GCC_541\Debug\science wow.a(CAN.o)
 .debug_info    0x00005c69       0xa0 .\CortexM0\ARM_GCC_541\Debug\science wow.a(CAN_INT.o)
 .debug_info    0x00005d09      0x37e .\CortexM0\ARM_GCC_541\Debug\science wow.a(CAN_TX_RX_func.o)
 .debug_info    0x00006087     0x17e4 .\CortexM0\ARM_GCC_541\Debug\science wow.a(CyLib.o)
 .debug_info    0x0000786b     0x1058 .\CortexM0\ARM_GCC_541\Debug\science wow.a(CyLFClk.o)
 .debug_info    0x000088c3      0x19d .\CortexM0\ARM_GCC_541\Debug\science wow.a(ERR_LED.o)
 .debug_info    0x00008a60      0x19d .\CortexM0\ARM_GCC_541\Debug\science wow.a(CAN_LED.o)
 .debug_info    0x00008bfd      0x5a5 .\CortexM0\ARM_GCC_541\Debug\science wow.a(ADC.o)
 .debug_info    0x000091a2       0xcb .\CortexM0\ARM_GCC_541\Debug\science wow.a(ADC_INT.o)
 .debug_info    0x0000926d      0x298 .\CortexM0\ARM_GCC_541\Debug\science wow.a(I2C.o)
 .debug_info    0x00009505      0x195 .\CortexM0\ARM_GCC_541\Debug\science wow.a(I2C_I2C.o)
 .debug_info    0x0000969a      0x813 .\CortexM0\ARM_GCC_541\Debug\science wow.a(I2C_I2C_MASTER.o)
 .debug_info    0x00009ead      0x17f .\CortexM0\ARM_GCC_541\Debug\science wow.a(Status_Reg_LIM.o)
 .debug_info    0x0000a02c      0x305 .\CortexM0\ARM_GCC_541\Debug\science wow.a(isr_LIM.o)
 .debug_info    0x0000a331      0x90b .\CortexM0\ARM_GCC_541\Debug\science wow.a(QuadDec_1.o)
 .debug_info    0x0000ac3c      0x90b .\CortexM0\ARM_GCC_541\Debug\science wow.a(QuadDec_2.o)
 .debug_info    0x0000b547      0x23a .\CortexM0\ARM_GCC_541\Debug\science wow.a(UART.o)
 .debug_info    0x0000b781      0x3b5 .\CortexM0\ARM_GCC_541\Debug\science wow.a(UART_UART.o)
 .debug_info    0x0000bb36      0x305 .\CortexM0\ARM_GCC_541\Debug\science wow.a(isr_1ms.o)
 .debug_info    0x0000be3b      0x305 .\CortexM0\ARM_GCC_541\Debug\science wow.a(CC2_isr.o)
 .debug_info    0x0000c140       0xa7 .\CortexM0\ARM_GCC_541\Debug\science wow.a(CyBootAsmGnu.o)
 .debug_info    0x0000c1e7      0x352 .\CortexM0\ARM_GCC_541\Debug\science wow.a(CyFlash.o)
 .debug_info    0x0000c539      0x1a8 .\CortexM0\ARM_GCC_541\Debug\science wow.a(I2C_I2C_INT.o)
 .debug_info    0x0000c6e1      0x220 .\CortexM0\ARM_GCC_541\Debug\science wow.a(UART_SPI_UART.o)

.debug_abbrev   0x00000000     0x3027
 *(.debug_abbrev)
 .debug_abbrev  0x00000000      0x149 .\CortexM0\ARM_GCC_541\Debug\CANCommon.o
 .debug_abbrev  0x00000149      0x106 .\CortexM0\ARM_GCC_541\Debug\CANGPIO.o
 .debug_abbrev  0x0000024f       0x26 .\CortexM0\ARM_GCC_541\Debug\CANLocalization.o
 .debug_abbrev  0x00000275      0x18e .\CortexM0\ARM_GCC_541\Debug\CANMotorUnit.o
 .debug_abbrev  0x00000403      0x16f .\CortexM0\ARM_GCC_541\Debug\CANPacket.o
 .debug_abbrev  0x00000572      0x124 .\CortexM0\ARM_GCC_541\Debug\CANPower.o
 .debug_abbrev  0x00000696       0xfe .\CortexM0\ARM_GCC_541\Debug\CANScience.o
 .debug_abbrev  0x00000794      0x1ad .\CortexM0\ARM_GCC_541\Debug\PortPSOC_CY8C4248AZI_L485.o
 .debug_abbrev  0x00000941      0x17f .\CortexM0\ARM_GCC_541\Debug\PCA9685.o
 .debug_abbrev  0x00000ac0      0x18d .\CortexM0\ARM_GCC_541\Debug\main.o
 .debug_abbrev  0x00000c4d      0x1ec .\CortexM0\ARM_GCC_541\Debug\sensor.o
 .debug_abbrev  0x00000e39       0xf2 .\CortexM0\ARM_GCC_541\Debug\servo.o
 .debug_abbrev  0x00000f2b       0xa7 .\CortexM0\ARM_GCC_541\Debug\Milliseconds.o
 .debug_abbrev  0x00000fd2      0x1cf .\CortexM0\ARM_GCC_541\Debug\cyfitter_cfg.o
 .debug_abbrev  0x000011a1       0x5d .\CortexM0\ARM_GCC_541\Debug\cymetadata.o
 .debug_abbrev  0x000011fe      0x1d7 .\CortexM0\ARM_GCC_541\Debug\Cm0Start.o
 .debug_abbrev  0x000013d5      0x186 .\CortexM0\ARM_GCC_541\Debug\science wow.a(CAN.o)
 .debug_abbrev  0x0000155b       0x42 .\CortexM0\ARM_GCC_541\Debug\science wow.a(CAN_INT.o)
 .debug_abbrev  0x0000159d      0x159 .\CortexM0\ARM_GCC_541\Debug\science wow.a(CAN_TX_RX_func.o)
 .debug_abbrev  0x000016f6      0x293 .\CortexM0\ARM_GCC_541\Debug\science wow.a(CyLib.o)
 .debug_abbrev  0x00001989      0x248 .\CortexM0\ARM_GCC_541\Debug\science wow.a(CyLFClk.o)
 .debug_abbrev  0x00001bd1       0xc8 .\CortexM0\ARM_GCC_541\Debug\science wow.a(ERR_LED.o)
 .debug_abbrev  0x00001c99       0xc8 .\CortexM0\ARM_GCC_541\Debug\science wow.a(CAN_LED.o)
 .debug_abbrev  0x00001d61      0x184 .\CortexM0\ARM_GCC_541\Debug\science wow.a(ADC.o)
 .debug_abbrev  0x00001ee5       0x65 .\CortexM0\ARM_GCC_541\Debug\science wow.a(ADC_INT.o)
 .debug_abbrev  0x00001f4a      0x118 .\CortexM0\ARM_GCC_541\Debug\science wow.a(I2C.o)
 .debug_abbrev  0x00002062       0xc7 .\CortexM0\ARM_GCC_541\Debug\science wow.a(I2C_I2C.o)
 .debug_abbrev  0x00002129      0x1c2 .\CortexM0\ARM_GCC_541\Debug\science wow.a(I2C_I2C_MASTER.o)
 .debug_abbrev  0x000022eb       0xac .\CortexM0\ARM_GCC_541\Debug\science wow.a(Status_Reg_LIM.o)
 .debug_abbrev  0x00002397      0x19a .\CortexM0\ARM_GCC_541\Debug\science wow.a(isr_LIM.o)
 .debug_abbrev  0x00002531      0x119 .\CortexM0\ARM_GCC_541\Debug\science wow.a(QuadDec_1.o)
 .debug_abbrev  0x0000264a      0x119 .\CortexM0\ARM_GCC_541\Debug\science wow.a(QuadDec_2.o)
 .debug_abbrev  0x00002763       0xd5 .\CortexM0\ARM_GCC_541\Debug\science wow.a(UART.o)
 .debug_abbrev  0x00002838      0x132 .\CortexM0\ARM_GCC_541\Debug\science wow.a(UART_UART.o)
 .debug_abbrev  0x0000296a      0x19a .\CortexM0\ARM_GCC_541\Debug\science wow.a(isr_1ms.o)
 .debug_abbrev  0x00002b04      0x19a .\CortexM0\ARM_GCC_541\Debug\science wow.a(CC2_isr.o)
 .debug_abbrev  0x00002c9e       0x14 .\CortexM0\ARM_GCC_541\Debug\science wow.a(CyBootAsmGnu.o)
 .debug_abbrev  0x00002cb2      0x182 .\CortexM0\ARM_GCC_541\Debug\science wow.a(CyFlash.o)
 .debug_abbrev  0x00002e34       0xa4 .\CortexM0\ARM_GCC_541\Debug\science wow.a(I2C_I2C_INT.o)
 .debug_abbrev  0x00002ed8      0x14f .\CortexM0\ARM_GCC_541\Debug\science wow.a(UART_SPI_UART.o)

.debug_line     0x00000000     0x521d
 *(.debug_line)
 .debug_line    0x00000000      0x300 .\CortexM0\ARM_GCC_541\Debug\CANCommon.o
 .debug_line    0x00000300      0x25b .\CortexM0\ARM_GCC_541\Debug\CANGPIO.o
 .debug_line    0x0000055b       0x1d .\CortexM0\ARM_GCC_541\Debug\CANLocalization.o
 .debug_line    0x00000578      0x3ae .\CortexM0\ARM_GCC_541\Debug\CANMotorUnit.o
 .debug_line    0x00000926      0x2e9 .\CortexM0\ARM_GCC_541\Debug\CANPacket.o
 .debug_line    0x00000c0f      0x1aa .\CortexM0\ARM_GCC_541\Debug\CANPower.o
 .debug_line    0x00000db9      0x1d2 .\CortexM0\ARM_GCC_541\Debug\CANScience.o
 .debug_line    0x00000f8b      0x30d .\CortexM0\ARM_GCC_541\Debug\PortPSOC_CY8C4248AZI_L485.o
 .debug_line    0x00001298      0x21d .\CortexM0\ARM_GCC_541\Debug\PCA9685.o
 .debug_line    0x000014b5      0x315 .\CortexM0\ARM_GCC_541\Debug\main.o
 .debug_line    0x000017ca      0x295 .\CortexM0\ARM_GCC_541\Debug\sensor.o
 .debug_line    0x00001a5f      0x1fe .\CortexM0\ARM_GCC_541\Debug\servo.o
 .debug_line    0x00001c5d       0x83 .\CortexM0\ARM_GCC_541\Debug\Milliseconds.o
 .debug_line    0x00001ce0      0x1b2 .\CortexM0\ARM_GCC_541\Debug\cyfitter_cfg.o
 .debug_line    0x00001e92      0x141 .\CortexM0\ARM_GCC_541\Debug\cymetadata.o
 .debug_line    0x00001fd3      0x236 .\CortexM0\ARM_GCC_541\Debug\Cm0Start.o
 .debug_line    0x00002209      0x3e7 .\CortexM0\ARM_GCC_541\Debug\science wow.a(CAN.o)
 .debug_line    0x000025f0       0x53 .\CortexM0\ARM_GCC_541\Debug\science wow.a(CAN_INT.o)
 .debug_line    0x00002643       0xfc .\CortexM0\ARM_GCC_541\Debug\science wow.a(CAN_TX_RX_func.o)
 .debug_line    0x0000273f      0x8ef .\CortexM0\ARM_GCC_541\Debug\science wow.a(CyLib.o)
 .debug_line    0x0000302e      0x5d1 .\CortexM0\ARM_GCC_541\Debug\science wow.a(CyLFClk.o)
 .debug_line    0x000035ff       0xbf .\CortexM0\ARM_GCC_541\Debug\science wow.a(ERR_LED.o)
 .debug_line    0x000036be       0xbf .\CortexM0\ARM_GCC_541\Debug\science wow.a(CAN_LED.o)
 .debug_line    0x0000377d      0x292 .\CortexM0\ARM_GCC_541\Debug\science wow.a(ADC.o)
 .debug_line    0x00003a0f       0x62 .\CortexM0\ARM_GCC_541\Debug\science wow.a(ADC_INT.o)
 .debug_line    0x00003a71      0x124 .\CortexM0\ARM_GCC_541\Debug\science wow.a(I2C.o)
 .debug_line    0x00003b95       0xc2 .\CortexM0\ARM_GCC_541\Debug\science wow.a(I2C_I2C.o)
 .debug_line    0x00003c57      0x2fc .\CortexM0\ARM_GCC_541\Debug\science wow.a(I2C_I2C_MASTER.o)
 .debug_line    0x00003f53       0xbd .\CortexM0\ARM_GCC_541\Debug\science wow.a(Status_Reg_LIM.o)
 .debug_line    0x00004010      0x14f .\CortexM0\ARM_GCC_541\Debug\science wow.a(isr_LIM.o)
 .debug_line    0x0000415f      0x378 .\CortexM0\ARM_GCC_541\Debug\science wow.a(QuadDec_1.o)
 .debug_line    0x000044d7      0x378 .\CortexM0\ARM_GCC_541\Debug\science wow.a(QuadDec_2.o)
 .debug_line    0x0000484f      0x108 .\CortexM0\ARM_GCC_541\Debug\science wow.a(UART.o)
 .debug_line    0x00004957      0x1cf .\CortexM0\ARM_GCC_541\Debug\science wow.a(UART_UART.o)
 .debug_line    0x00004b26      0x153 .\CortexM0\ARM_GCC_541\Debug\science wow.a(isr_1ms.o)
 .debug_line    0x00004c79      0x153 .\CortexM0\ARM_GCC_541\Debug\science wow.a(CC2_isr.o)
 .debug_line    0x00004dcc       0x68 .\CortexM0\ARM_GCC_541\Debug\science wow.a(CyBootAsmGnu.o)
 .debug_line    0x00004e34      0x173 .\CortexM0\ARM_GCC_541\Debug\science wow.a(CyFlash.o)
 .debug_line    0x00004fa7      0x15c .\CortexM0\ARM_GCC_541\Debug\science wow.a(I2C_I2C_INT.o)
 .debug_line    0x00005103      0x11a .\CortexM0\ARM_GCC_541\Debug\science wow.a(UART_SPI_UART.o)

.debug_frame    0x00000000     0x3804
 *(.debug_frame)
 .debug_frame   0x00000000      0x27c .\CortexM0\ARM_GCC_541\Debug\CANCommon.o
 .debug_frame   0x0000027c      0x178 .\CortexM0\ARM_GCC_541\Debug\CANGPIO.o
 .debug_frame   0x000003f4      0x360 .\CortexM0\ARM_GCC_541\Debug\CANMotorUnit.o
 .debug_frame   0x00000754      0x1a4 .\CortexM0\ARM_GCC_541\Debug\CANPacket.o
 .debug_frame   0x000008f8       0x8c .\CortexM0\ARM_GCC_541\Debug\CANPower.o
 .debug_frame   0x00000984       0xb0 .\CortexM0\ARM_GCC_541\Debug\CANScience.o
 .debug_frame   0x00000a34       0xfc .\CortexM0\ARM_GCC_541\Debug\PortPSOC_CY8C4248AZI_L485.o
 .debug_frame   0x00000b30      0x108 .\CortexM0\ARM_GCC_541\Debug\PCA9685.o
 .debug_frame   0x00000c38       0xa0 .\CortexM0\ARM_GCC_541\Debug\main.o
 .debug_frame   0x00000cd8       0xf8 .\CortexM0\ARM_GCC_541\Debug\sensor.o
 .debug_frame   0x00000dd0       0x90 .\CortexM0\ARM_GCC_541\Debug\servo.o
 .debug_frame   0x00000e60       0x3c .\CortexM0\ARM_GCC_541\Debug\Milliseconds.o
 .debug_frame   0x00000e9c       0xb4 .\CortexM0\ARM_GCC_541\Debug\cyfitter_cfg.o
 .debug_frame   0x00000f50       0xbc .\CortexM0\ARM_GCC_541\Debug\Cm0Start.o
 .debug_frame   0x0000100c      0x238 .\CortexM0\ARM_GCC_541\Debug\science wow.a(CAN.o)
 .debug_frame   0x00001244       0x20 .\CortexM0\ARM_GCC_541\Debug\science wow.a(CAN_INT.o)
 .debug_frame   0x00001264       0x60 .\CortexM0\ARM_GCC_541\Debug\science wow.a(CAN_TX_RX_func.o)
 .debug_frame   0x000012c4      0x718 .\CortexM0\ARM_GCC_541\Debug\science wow.a(CyLib.o)
 .debug_frame   0x000019dc      0x4a4 .\CortexM0\ARM_GCC_541\Debug\science wow.a(CyLFClk.o)
 .debug_frame   0x00001e80       0x70 .\CortexM0\ARM_GCC_541\Debug\science wow.a(ERR_LED.o)
 .debug_frame   0x00001ef0       0x70 .\CortexM0\ARM_GCC_541\Debug\science wow.a(CAN_LED.o)
 .debug_frame   0x00001f60      0x1b0 .\CortexM0\ARM_GCC_541\Debug\science wow.a(ADC.o)
 .debug_frame   0x00002110       0x20 .\CortexM0\ARM_GCC_541\Debug\science wow.a(ADC_INT.o)
 .debug_frame   0x00002130       0xe8 .\CortexM0\ARM_GCC_541\Debug\science wow.a(I2C.o)
 .debug_frame   0x00002218       0x58 .\CortexM0\ARM_GCC_541\Debug\science wow.a(I2C_I2C.o)
 .debug_frame   0x00002270      0x1d8 .\CortexM0\ARM_GCC_541\Debug\science wow.a(I2C_I2C_MASTER.o)
 .debug_frame   0x00002448       0x78 .\CortexM0\ARM_GCC_541\Debug\science wow.a(Status_Reg_LIM.o)
 .debug_frame   0x000024c0      0x110 .\CortexM0\ARM_GCC_541\Debug\science wow.a(isr_LIM.o)
 .debug_frame   0x000025d0      0x3a0 .\CortexM0\ARM_GCC_541\Debug\science wow.a(QuadDec_1.o)
 .debug_frame   0x00002970      0x3a0 .\CortexM0\ARM_GCC_541\Debug\science wow.a(QuadDec_2.o)
 .debug_frame   0x00002d10       0xd8 .\CortexM0\ARM_GCC_541\Debug\science wow.a(UART.o)
 .debug_frame   0x00002de8      0x144 .\CortexM0\ARM_GCC_541\Debug\science wow.a(UART_UART.o)
 .debug_frame   0x00002f2c      0x110 .\CortexM0\ARM_GCC_541\Debug\science wow.a(isr_1ms.o)
 .debug_frame   0x0000303c      0x110 .\CortexM0\ARM_GCC_541\Debug\science wow.a(CC2_isr.o)
 .debug_frame   0x0000314c       0x90 .\CortexM0\ARM_GCC_541\Debug\science wow.a(CyFlash.o)
 .debug_frame   0x000031dc       0x2c .\CortexM0\ARM_GCC_541\Debug\science wow.a(I2C_I2C_INT.o)
 .debug_frame   0x00003208       0xb0 .\CortexM0\ARM_GCC_541\Debug\science wow.a(UART_SPI_UART.o)
 .debug_frame   0x000032b8       0x20 c:/program files (x86)/cypress/psoc creator/4.4/psoc creator/import/gnu/arm/5.4.1/bin/../lib/gcc/arm-none-eabi/5.4.1/armv6-m\libgcc.a(_udivsi3.o)
 .debug_frame   0x000032d8       0x20 c:/program files (x86)/cypress/psoc creator/4.4/psoc creator/import/gnu/arm/5.4.1/bin/../lib/gcc/arm-none-eabi/5.4.1/armv6-m\libgcc.a(_divsi3.o)
 .debug_frame   0x000032f8       0x34 c:/program files (x86)/cypress/psoc creator/4.4/psoc creator/import/gnu/arm/5.4.1/bin/../lib/gcc/arm-none-eabi/5.4.1/armv6-m\libgcc.a(_muldi3.o)
 .debug_frame   0x0000332c       0x28 c:/program files (x86)/cypress/psoc creator/4.4/psoc creator/import/gnu/arm/5.4.1/bin/../lib/gcc/arm-none-eabi/5.4.1/armv6-m\libgcc.a(_fixunssfsi.o)
 .debug_frame   0x00003354       0x2c c:/program files (x86)/cypress/psoc creator/4.4/psoc creator/import/gnu/arm/5.4.1/bin/../lib/gcc/arm-none-eabi/5.4.1/armv6-m\libgcc.a(_fixunsdfsi.o)
 .debug_frame   0x00003380       0x30 c:/program files (x86)/cypress/psoc creator/4.4/psoc creator/import/gnu/arm/5.4.1/bin/../lib/gcc/arm-none-eabi/5.4.1/armv6-m\libgcc.a(bpabi.o)
 .debug_frame   0x000033b0       0x30 c:/program files (x86)/cypress/psoc creator/4.4/psoc creator/import/gnu/arm/5.4.1/bin/../lib/gcc/arm-none-eabi/5.4.1/armv6-m\libgcc.a(addsf3.o)
 .debug_frame   0x000033e0       0x3c c:/program files (x86)/cypress/psoc creator/4.4/psoc creator/import/gnu/arm/5.4.1/bin/../lib/gcc/arm-none-eabi/5.4.1/armv6-m\libgcc.a(divsf3.o)
 .debug_frame   0x0000341c       0x38 c:/program files (x86)/cypress/psoc creator/4.4/psoc creator/import/gnu/arm/5.4.1/bin/../lib/gcc/arm-none-eabi/5.4.1/armv6-m\libgcc.a(mulsf3.o)
 .debug_frame   0x00003454       0x30 c:/program files (x86)/cypress/psoc creator/4.4/psoc creator/import/gnu/arm/5.4.1/bin/../lib/gcc/arm-none-eabi/5.4.1/armv6-m\libgcc.a(subsf3.o)
 .debug_frame   0x00003484       0x20 c:/program files (x86)/cypress/psoc creator/4.4/psoc creator/import/gnu/arm/5.4.1/bin/../lib/gcc/arm-none-eabi/5.4.1/armv6-m\libgcc.a(fixsfsi.o)
 .debug_frame   0x000034a4       0x2c c:/program files (x86)/cypress/psoc creator/4.4/psoc creator/import/gnu/arm/5.4.1/bin/../lib/gcc/arm-none-eabi/5.4.1/armv6-m\libgcc.a(floatsisf.o)
 .debug_frame   0x000034d0       0x3c c:/program files (x86)/cypress/psoc creator/4.4/psoc creator/import/gnu/arm/5.4.1/bin/../lib/gcc/arm-none-eabi/5.4.1/armv6-m\libgcc.a(adddf3.o)
 .debug_frame   0x0000350c       0x3c c:/program files (x86)/cypress/psoc creator/4.4/psoc creator/import/gnu/arm/5.4.1/bin/../lib/gcc/arm-none-eabi/5.4.1/armv6-m\libgcc.a(divdf3.o)
 .debug_frame   0x00003548       0x38 c:/program files (x86)/cypress/psoc creator/4.4/psoc creator/import/gnu/arm/5.4.1/bin/../lib/gcc/arm-none-eabi/5.4.1/armv6-m\libgcc.a(subdf3.o)
 .debug_frame   0x00003580       0x2c c:/program files (x86)/cypress/psoc creator/4.4/psoc creator/import/gnu/arm/5.4.1/bin/../lib/gcc/arm-none-eabi/5.4.1/armv6-m\libgcc.a(fixdfsi.o)
 .debug_frame   0x000035ac       0x2c c:/program files (x86)/cypress/psoc creator/4.4/psoc creator/import/gnu/arm/5.4.1/bin/../lib/gcc/arm-none-eabi/5.4.1/armv6-m\libgcc.a(extendsfdf2.o)
 .debug_frame   0x000035d8       0x3c c:/program files (x86)/cypress/psoc creator/4.4/psoc creator/import/gnu/arm/5.4.1/bin/../lib/gcc/arm-none-eabi/5.4.1/armv6-m\libgcc.a(_divdi3.o)
 .debug_frame   0x00003614       0x2c c:/program files (x86)/cypress/psoc creator/4.4/psoc creator/import/gnu/arm/5.4.1/bin/../lib/gcc/arm-none-eabi/5.4.1/armv6-m\libgcc.a(eqsf2.o)
 .debug_frame   0x00003640       0x30 c:/program files (x86)/cypress/psoc creator/4.4/psoc creator/import/gnu/arm/5.4.1/bin/../lib/gcc/arm-none-eabi/5.4.1/armv6-m\libgcc.a(gesf2.o)
 .debug_frame   0x00003670       0x30 c:/program files (x86)/cypress/psoc creator/4.4/psoc creator/import/gnu/arm/5.4.1/bin/../lib/gcc/arm-none-eabi/5.4.1/armv6-m\libgcc.a(lesf2.o)
 .debug_frame   0x000036a0       0x38 c:/program files (x86)/cypress/psoc creator/4.4/psoc creator/import/gnu/arm/5.4.1/bin/../lib/gcc/arm-none-eabi/5.4.1/armv6-m\libgcc.a(eqdf2.o)
 .debug_frame   0x000036d8       0x38 c:/program files (x86)/cypress/psoc creator/4.4/psoc creator/import/gnu/arm/5.4.1/bin/../lib/gcc/arm-none-eabi/5.4.1/armv6-m\libgcc.a(gedf2.o)
 .debug_frame   0x00003710       0x38 c:/program files (x86)/cypress/psoc creator/4.4/psoc creator/import/gnu/arm/5.4.1/bin/../lib/gcc/arm-none-eabi/5.4.1/armv6-m\libgcc.a(ledf2.o)
 .debug_frame   0x00003748       0x20 c:/program files (x86)/cypress/psoc creator/4.4/psoc creator/import/gnu/arm/5.4.1/bin/../lib/gcc/arm-none-eabi/5.4.1/../../../../arm-none-eabi/lib/armv6-m\libg_nano.a(lib_a-errno.o)
 .debug_frame   0x00003768       0x28 c:/program files (x86)/cypress/psoc creator/4.4/psoc creator/import/gnu/arm/5.4.1/bin/../lib/gcc/arm-none-eabi/5.4.1/../../../../arm-none-eabi/lib/armv6-m\libg_nano.a(lib_a-exit.o)
 .debug_frame   0x00003790       0x2c c:/program files (x86)/cypress/psoc creator/4.4/psoc creator/import/gnu/arm/5.4.1/bin/../lib/gcc/arm-none-eabi/5.4.1/../../../../arm-none-eabi/lib/armv6-m\libg_nano.a(lib_a-init.o)
 .debug_frame   0x000037bc       0x28 c:/program files (x86)/cypress/psoc creator/4.4/psoc creator/import/gnu/arm/5.4.1/bin/../lib/gcc/arm-none-eabi/5.4.1/../../../../arm-none-eabi/lib/armv6-m\libg_nano.a(lib_a-memcpy-stub.o)
 .debug_frame   0x000037e4       0x20 c:/program files (x86)/cypress/psoc creator/4.4/psoc creator/import/gnu/arm/5.4.1/bin/../lib/gcc/arm-none-eabi/5.4.1/../../../../arm-none-eabi/lib/armv6-m\libg_nano.a(lib_a-memset.o)

.debug_str      0x00000000     0x4271
 *(.debug_str)
 .debug_str     0x00000000      0x55b .\CortexM0\ARM_GCC_541\Debug\CANCommon.o
                                0x5c7 (size before relaxing)
 .debug_str     0x0000055b      0x209 .\CortexM0\ARM_GCC_541\Debug\CANGPIO.o
                                0x450 (size before relaxing)
 .debug_str     0x00000764       0x29 .\CortexM0\ARM_GCC_541\Debug\CANLocalization.o
                                0x19d (size before relaxing)
 .debug_str     0x0000078d      0x3b0 .\CortexM0\ARM_GCC_541\Debug\CANMotorUnit.o
                                0x63c (size before relaxing)
 .debug_str     0x00000b3d      0x19e .\CortexM0\ARM_GCC_541\Debug\CANPacket.o
                                0x44f (size before relaxing)
 .debug_str     0x00000cdb       0xc9 .\CortexM0\ARM_GCC_541\Debug\CANPower.o
                                0x335 (size before relaxing)
 .debug_str     0x00000da4      0x127 .\CortexM0\ARM_GCC_541\Debug\CANScience.o
                                0x357 (size before relaxing)
 .debug_str     0x00000ecb      0x28e .\CortexM0\ARM_GCC_541\Debug\PortPSOC_CY8C4248AZI_L485.o
                                0x499 (size before relaxing)
 .debug_str     0x00001159      0x171 .\CortexM0\ARM_GCC_541\Debug\PCA9685.o
                                0x335 (size before relaxing)
 .debug_str     0x000012ca      0x24c .\CortexM0\ARM_GCC_541\Debug\main.o
                                0x58e (size before relaxing)
 .debug_str     0x00001516      0x132 .\CortexM0\ARM_GCC_541\Debug\sensor.o
                                0x44a (size before relaxing)
 .debug_str     0x00001648       0x3c .\CortexM0\ARM_GCC_541\Debug\servo.o
                                0x26c (size before relaxing)
 .debug_str     0x00001684       0x34 .\CortexM0\ARM_GCC_541\Debug\Milliseconds.o
                                0x1ec (size before relaxing)
 .debug_str     0x000016b8      0x124 .\CortexM0\ARM_GCC_541\Debug\cyfitter_cfg.o
                                0x314 (size before relaxing)
 .debug_str     0x000017dc       0x59 .\CortexM0\ARM_GCC_541\Debug\cymetadata.o
                                0x1df (size before relaxing)
 .debug_str     0x00001835      0x135 .\CortexM0\ARM_GCC_541\Debug\Cm0Start.o
                                0x318 (size before relaxing)
 .debug_str     0x0000196a      0x2d6 .\CortexM0\ARM_GCC_541\Debug\science wow.a(CAN.o)
                                0x54d (size before relaxing)
 .debug_str     0x00001c40       0x29 .\CortexM0\ARM_GCC_541\Debug\science wow.a(CAN_INT.o)
                                0x1bb (size before relaxing)
 .debug_str     0x00001c69       0x69 .\CortexM0\ARM_GCC_541\Debug\science wow.a(CAN_TX_RX_func.o)
                                0x2e0 (size before relaxing)
 .debug_str     0x00001cd2      0x8c0 .\CortexM0\ARM_GCC_541\Debug\science wow.a(CyLib.o)
                                0xb5f (size before relaxing)
 .debug_str     0x00002592      0x6d9 .\CortexM0\ARM_GCC_541\Debug\science wow.a(CyLFClk.o)
                                0x934 (size before relaxing)
 .debug_str     0x00002c6b       0xa2 .\CortexM0\ARM_GCC_541\Debug\science wow.a(ERR_LED.o)
                                0x25b (size before relaxing)
 .debug_str     0x00002d0d       0x87 .\CortexM0\ARM_GCC_541\Debug\science wow.a(CAN_LED.o)
                                0x25b (size before relaxing)
 .debug_str     0x00002d94      0x180 .\CortexM0\ARM_GCC_541\Debug\science wow.a(ADC.o)
                                0x3ef (size before relaxing)
 .debug_str     0x00002f14       0x35 .\CortexM0\ARM_GCC_541\Debug\science wow.a(ADC_INT.o)
                                0x1d4 (size before relaxing)
 .debug_str     0x00002f49       0xf0 .\CortexM0\ARM_GCC_541\Debug\science wow.a(I2C.o)
                                0x2d5 (size before relaxing)
 .debug_str     0x00003039       0x74 .\CortexM0\ARM_GCC_541\Debug\science wow.a(I2C_I2C.o)
                                0x265 (size before relaxing)
 .debug_str     0x000030ad      0x1f4 .\CortexM0\ARM_GCC_541\Debug\science wow.a(I2C_I2C_MASTER.o)
                                0x4cd (size before relaxing)
 .debug_str     0x000032a1       0x79 .\CortexM0\ARM_GCC_541\Debug\science wow.a(Status_Reg_LIM.o)
                                0x28a (size before relaxing)
 .debug_str     0x0000331a      0x101 .\CortexM0\ARM_GCC_541\Debug\science wow.a(isr_LIM.o)
                                0x31d (size before relaxing)
 .debug_str     0x0000341b      0x46d .\CortexM0\ARM_GCC_541\Debug\science wow.a(QuadDec_1.o)
                                0x670 (size before relaxing)
 .debug_str     0x00003888      0x377 .\CortexM0\ARM_GCC_541\Debug\science wow.a(QuadDec_2.o)
                                0x670 (size before relaxing)
 .debug_str     0x00003bff       0xdb .\CortexM0\ARM_GCC_541\Debug\science wow.a(UART.o)
                                0x2ae (size before relaxing)
 .debug_str     0x00003cda      0x1eb .\CortexM0\ARM_GCC_541\Debug\science wow.a(UART_UART.o)
                                0x3df (size before relaxing)
 .debug_str     0x00003ec5       0xe5 .\CortexM0\ARM_GCC_541\Debug\science wow.a(isr_1ms.o)
                                0x31d (size before relaxing)
 .debug_str     0x00003faa       0xf2 .\CortexM0\ARM_GCC_541\Debug\science wow.a(CC2_isr.o)
                                0x31d (size before relaxing)
 .debug_str     0x0000409c       0xab .\CortexM0\ARM_GCC_541\Debug\science wow.a(CyFlash.o)
                                0x2c7 (size before relaxing)
 .debug_str     0x00004147       0x47 .\CortexM0\ARM_GCC_541\Debug\science wow.a(I2C_I2C_INT.o)
                                0x2d5 (size before relaxing)
 .debug_str     0x0000418e       0xe3 .\CortexM0\ARM_GCC_541\Debug\science wow.a(UART_SPI_UART.o)
                                0x2e5 (size before relaxing)

.debug_loc      0x00000000     0x8a8e
 *(.debug_loc)
 .debug_loc     0x00000000      0x926 .\CortexM0\ARM_GCC_541\Debug\CANCommon.o
 .debug_loc     0x00000926      0x620 .\CortexM0\ARM_GCC_541\Debug\CANGPIO.o
 .debug_loc     0x00000f46      0xd32 .\CortexM0\ARM_GCC_541\Debug\CANMotorUnit.o
 .debug_loc     0x00001c78      0x540 .\CortexM0\ARM_GCC_541\Debug\CANPacket.o
 .debug_loc     0x000021b8      0x1bb .\CortexM0\ARM_GCC_541\Debug\CANPower.o
 .debug_loc     0x00002373      0x289 .\CortexM0\ARM_GCC_541\Debug\CANScience.o
 .debug_loc     0x000025fc      0x112 .\CortexM0\ARM_GCC_541\Debug\PortPSOC_CY8C4248AZI_L485.o
 .debug_loc     0x0000270e      0x3b9 .\CortexM0\ARM_GCC_541\Debug\PCA9685.o
 .debug_loc     0x00002ac7      0x108 .\CortexM0\ARM_GCC_541\Debug\main.o
 .debug_loc     0x00002bcf      0x3f6 .\CortexM0\ARM_GCC_541\Debug\sensor.o
 .debug_loc     0x00002fc5      0x2fc .\CortexM0\ARM_GCC_541\Debug\servo.o
 .debug_loc     0x000032c1      0x136 .\CortexM0\ARM_GCC_541\Debug\cyfitter_cfg.o
 .debug_loc     0x000033f7      0x14f .\CortexM0\ARM_GCC_541\Debug\Cm0Start.o
 .debug_loc     0x00003546      0xa5d .\CortexM0\ARM_GCC_541\Debug\science wow.a(CAN.o)
 .debug_loc     0x00003fa3      0x17f .\CortexM0\ARM_GCC_541\Debug\science wow.a(CAN_TX_RX_func.o)
 .debug_loc     0x00004122     0x18f5 .\CortexM0\ARM_GCC_541\Debug\science wow.a(CyLib.o)
 .debug_loc     0x00005a17      0xdb7 .\CortexM0\ARM_GCC_541\Debug\science wow.a(CyLFClk.o)
 .debug_loc     0x000067ce       0xa2 .\CortexM0\ARM_GCC_541\Debug\science wow.a(ERR_LED.o)
 .debug_loc     0x00006870       0xa2 .\CortexM0\ARM_GCC_541\Debug\science wow.a(CAN_LED.o)
 .debug_loc     0x00006912      0x4ba .\CortexM0\ARM_GCC_541\Debug\science wow.a(ADC.o)
 .debug_loc     0x00006dcc       0x7e .\CortexM0\ARM_GCC_541\Debug\science wow.a(I2C.o)
 .debug_loc     0x00006e4a      0xa49 .\CortexM0\ARM_GCC_541\Debug\science wow.a(I2C_I2C_MASTER.o)
 .debug_loc     0x00007893       0x44 .\CortexM0\ARM_GCC_541\Debug\science wow.a(Status_Reg_LIM.o)
 .debug_loc     0x000078d7       0x82 .\CortexM0\ARM_GCC_541\Debug\science wow.a(isr_LIM.o)
 .debug_loc     0x00007959      0x547 .\CortexM0\ARM_GCC_541\Debug\science wow.a(QuadDec_1.o)
 .debug_loc     0x00007ea0      0x547 .\CortexM0\ARM_GCC_541\Debug\science wow.a(QuadDec_2.o)
 .debug_loc     0x000083e7       0x7e .\CortexM0\ARM_GCC_541\Debug\science wow.a(UART.o)
 .debug_loc     0x00008465      0x223 .\CortexM0\ARM_GCC_541\Debug\science wow.a(UART_UART.o)
 .debug_loc     0x00008688       0x82 .\CortexM0\ARM_GCC_541\Debug\science wow.a(isr_1ms.o)
 .debug_loc     0x0000870a       0x82 .\CortexM0\ARM_GCC_541\Debug\science wow.a(CC2_isr.o)
 .debug_loc     0x0000878c      0x160 .\CortexM0\ARM_GCC_541\Debug\science wow.a(CyFlash.o)
 .debug_loc     0x000088ec      0x10c .\CortexM0\ARM_GCC_541\Debug\science wow.a(I2C_I2C_INT.o)
 .debug_loc     0x000089f8       0x96 .\CortexM0\ARM_GCC_541\Debug\science wow.a(UART_SPI_UART.o)

.debug_macinfo
 *(.debug_macinfo)

.debug_ranges   0x00000000     0x1180
 *(.debug_ranges)
 .debug_ranges  0x00000000       0xb0 .\CortexM0\ARM_GCC_541\Debug\CANCommon.o
 .debug_ranges  0x000000b0       0x78 .\CortexM0\ARM_GCC_541\Debug\CANGPIO.o
 .debug_ranges  0x00000128      0x100 .\CortexM0\ARM_GCC_541\Debug\CANMotorUnit.o
 .debug_ranges  0x00000228       0xc8 .\CortexM0\ARM_GCC_541\Debug\CANPacket.o
 .debug_ranges  0x000002f0       0x30 .\CortexM0\ARM_GCC_541\Debug\CANPower.o
 .debug_ranges  0x00000320       0x40 .\CortexM0\ARM_GCC_541\Debug\CANScience.o
 .debug_ranges  0x00000360       0x58 .\CortexM0\ARM_GCC_541\Debug\PortPSOC_CY8C4248AZI_L485.o
 .debug_ranges  0x000003b8       0x50 .\CortexM0\ARM_GCC_541\Debug\PCA9685.o
 .debug_ranges  0x00000408       0x30 .\CortexM0\ARM_GCC_541\Debug\main.o
 .debug_ranges  0x00000438       0x40 .\CortexM0\ARM_GCC_541\Debug\sensor.o
 .debug_ranges  0x00000478       0x28 .\CortexM0\ARM_GCC_541\Debug\servo.o
 .debug_ranges  0x000004a0       0x18 .\CortexM0\ARM_GCC_541\Debug\Milliseconds.o
 .debug_ranges  0x000004b8       0x38 .\CortexM0\ARM_GCC_541\Debug\cyfitter_cfg.o
 .debug_ranges  0x000004f0       0x38 .\CortexM0\ARM_GCC_541\Debug\Cm0Start.o
 .debug_ranges  0x00000528       0xd8 .\CortexM0\ARM_GCC_541\Debug\science wow.a(CAN.o)
 .debug_ranges  0x00000600       0x10 .\CortexM0\ARM_GCC_541\Debug\science wow.a(CAN_INT.o)
 .debug_ranges  0x00000610       0x20 .\CortexM0\ARM_GCC_541\Debug\science wow.a(CAN_TX_RX_func.o)
 .debug_ranges  0x00000630      0x260 .\CortexM0\ARM_GCC_541\Debug\science wow.a(CyLib.o)
 .debug_ranges  0x00000890      0x178 .\CortexM0\ARM_GCC_541\Debug\science wow.a(CyLFClk.o)
 .debug_ranges  0x00000a08       0x38 .\CortexM0\ARM_GCC_541\Debug\science wow.a(ERR_LED.o)
 .debug_ranges  0x00000a40       0x38 .\CortexM0\ARM_GCC_541\Debug\science wow.a(CAN_LED.o)
 .debug_ranges  0x00000a78       0x98 .\CortexM0\ARM_GCC_541\Debug\science wow.a(ADC.o)
 .debug_ranges  0x00000b10       0x10 .\CortexM0\ARM_GCC_541\Debug\science wow.a(ADC_INT.o)
 .debug_ranges  0x00000b20       0x50 .\CortexM0\ARM_GCC_541\Debug\science wow.a(I2C.o)
 .debug_ranges  0x00000b70       0x20 .\CortexM0\ARM_GCC_541\Debug\science wow.a(I2C_I2C.o)
 .debug_ranges  0x00000b90       0x88 .\CortexM0\ARM_GCC_541\Debug\science wow.a(I2C_I2C_MASTER.o)
 .debug_ranges  0x00000c18       0x30 .\CortexM0\ARM_GCC_541\Debug\science wow.a(Status_Reg_LIM.o)
 .debug_ranges  0x00000c48       0x70 .\CortexM0\ARM_GCC_541\Debug\science wow.a(isr_LIM.o)
 .debug_ranges  0x00000cb8      0x148 .\CortexM0\ARM_GCC_541\Debug\science wow.a(QuadDec_1.o)
 .debug_ranges  0x00000e00      0x148 .\CortexM0\ARM_GCC_541\Debug\science wow.a(QuadDec_2.o)
 .debug_ranges  0x00000f48       0x48 .\CortexM0\ARM_GCC_541\Debug\science wow.a(UART.o)
 .debug_ranges  0x00000f90       0x80 .\CortexM0\ARM_GCC_541\Debug\science wow.a(UART_UART.o)
 .debug_ranges  0x00001010       0x70 .\CortexM0\ARM_GCC_541\Debug\science wow.a(isr_1ms.o)
 .debug_ranges  0x00001080       0x70 .\CortexM0\ARM_GCC_541\Debug\science wow.a(CC2_isr.o)
 .debug_ranges  0x000010f0       0x30 .\CortexM0\ARM_GCC_541\Debug\science wow.a(CyFlash.o)
 .debug_ranges  0x00001120       0x10 .\CortexM0\ARM_GCC_541\Debug\science wow.a(I2C_I2C_INT.o)
 .debug_ranges  0x00001130       0x50 .\CortexM0\ARM_GCC_541\Debug\science wow.a(UART_SPI_UART.o)

.comment        0x00000000       0x6e
 .comment       0x00000000       0x6e .\CortexM0\ARM_GCC_541\Debug\CANCommon.o
                                 0x6f (size before relaxing)
 .comment       0x0000006e       0x6f .\CortexM0\ARM_GCC_541\Debug\CANGPIO.o
 .comment       0x0000006e       0x6f .\CortexM0\ARM_GCC_541\Debug\CANLocalization.o
 .comment       0x0000006e       0x6f .\CortexM0\ARM_GCC_541\Debug\CANMotorUnit.o
 .comment       0x0000006e       0x6f .\CortexM0\ARM_GCC_541\Debug\CANPacket.o
 .comment       0x0000006e       0x6f .\CortexM0\ARM_GCC_541\Debug\CANPower.o
 .comment       0x0000006e       0x6f .\CortexM0\ARM_GCC_541\Debug\CANScience.o
 .comment       0x0000006e       0x6f .\CortexM0\ARM_GCC_541\Debug\PortPSOC_CY8C4248AZI_L485.o
 .comment       0x0000006e       0x6f .\CortexM0\ARM_GCC_541\Debug\PCA9685.o
 .comment       0x0000006e       0x6f .\CortexM0\ARM_GCC_541\Debug\main.o
 .comment       0x0000006e       0x6f .\CortexM0\ARM_GCC_541\Debug\sensor.o
 .comment       0x0000006e       0x6f .\CortexM0\ARM_GCC_541\Debug\servo.o
 .comment       0x0000006e       0x6f .\CortexM0\ARM_GCC_541\Debug\Milliseconds.o
 .comment       0x0000006e       0x6f .\CortexM0\ARM_GCC_541\Debug\cyfitter_cfg.o
 .comment       0x0000006e       0x6f .\CortexM0\ARM_GCC_541\Debug\cymetadata.o
 .comment       0x0000006e       0x6f .\CortexM0\ARM_GCC_541\Debug\Cm0Start.o
 .comment       0x0000006e       0x6f .\CortexM0\ARM_GCC_541\Debug\science wow.a(CAN.o)
 .comment       0x0000006e       0x6f .\CortexM0\ARM_GCC_541\Debug\science wow.a(CAN_INT.o)
 .comment       0x0000006e       0x6f .\CortexM0\ARM_GCC_541\Debug\science wow.a(CAN_TX_RX_func.o)
 .comment       0x0000006e       0x6f .\CortexM0\ARM_GCC_541\Debug\science wow.a(CyLib.o)
 .comment       0x0000006e       0x6f .\CortexM0\ARM_GCC_541\Debug\science wow.a(CyLFClk.o)