Archive member included to satisfy reference by file (symbol)

.\CortexM0\ARM_GCC_541\Debug\science wow.a(CAN.o)
                              .\CortexM0\ARM_GCC_541\Debug\PortPSOC_CY8C4248AZI_L485.o (CAN_GlobalIntEnable)
.\CortexM0\ARM_GCC_541\Debug\science wow.a(CAN_INT.o)
                              .\CortexM0\ARM_GCC_541\Debug\science wow.a(CAN.o) (CAN_ISR)
.\CortexM0\ARM_GCC_541\Debug\science wow.a(CAN_TX_RX_func.o)
                              .\CortexM0\ARM_GCC_541\Debug\PortPSOC_CY8C4248AZI_L485.o (CAN_SendMsg)
.\CortexM0\ARM_GCC_541\Debug\science wow.a(CyLib.o)
                              .\CortexM0\ARM_GCC_541\Debug\science wow.a(CAN.o) (CyIntEnable)
.\CortexM0\ARM_GCC_541\Debug\science wow.a(CyLFClk.o)
                              .\CortexM0\ARM_GCC_541\Debug\science wow.a(CyLib.o) (CySysClkWcoEnabled)
.\CortexM0\ARM_GCC_541\Debug\science wow.a(DBG_LED.o)
                              .\CortexM0\ARM_GCC_541\Debug\main.o (DBG_LED_Write)
.\CortexM0\ARM_GCC_541\Debug\science wow.a(ERR_LED.o)
                              .\CortexM0\ARM_GCC_541\Debug\main.o (ERR_LED_Write)
.\CortexM0\ARM_GCC_541\Debug\science wow.a(CAN_LED.o)
                              .\CortexM0\ARM_GCC_541\Debug\main.o (CAN_LED_Write)
.\CortexM0\ARM_GCC_541\Debug\science wow.a(ADC.o)
                              .\CortexM0\ARM_GCC_541\Debug\main.o (ADC_Start)
.\CortexM0\ARM_GCC_541\Debug\science wow.a(ADC_INT.o)
                              .\CortexM0\ARM_GCC_541\Debug\science wow.a(ADC.o) (ADC_ISR)
.\CortexM0\ARM_GCC_541\Debug\science wow.a(I2C.o)
                              .\CortexM0\ARM_GCC_541\Debug\PCA9685.o (I2C_Enable)
.\CortexM0\ARM_GCC_541\Debug\science wow.a(I2C_I2C.o)
                              .\CortexM0\ARM_GCC_541\Debug\science wow.a(I2C.o) (I2C_I2CInit)
.\CortexM0\ARM_GCC_541\Debug\science wow.a(I2C_I2C_MASTER.o)
                              .\CortexM0\ARM_GCC_541\Debug\sensor.o (I2C_I2CMasterSendStart)
.\CortexM0\ARM_GCC_541\Debug\science wow.a(Status_Reg_LIM.o)
                              .\CortexM0\ARM_GCC_541\Debug\main.o (Status_Reg_LIM_Read)
.\CortexM0\ARM_GCC_541\Debug\science wow.a(isr_LIM.o)
                              .\CortexM0\ARM_GCC_541\Debug\main.o (isr_LIM_StartEx)
.\CortexM0\ARM_GCC_541\Debug\science wow.a(QuadDec_1.o)
                              .\CortexM0\ARM_GCC_541\Debug\main.o (QuadDec_1_Start)
.\CortexM0\ARM_GCC_541\Debug\science wow.a(QuadDec_2.o)
                              .\CortexM0\ARM_GCC_541\Debug\main.o (QuadDec_2_ReadCounter)
.\CortexM0\ARM_GCC_541\Debug\science wow.a(UART.o)
                              .\CortexM0\ARM_GCC_541\Debug\main.o (UART_Start)
.\CortexM0\ARM_GCC_541\Debug\science wow.a(UART_UART.o)
                              .\CortexM0\ARM_GCC_541\Debug\science wow.a(UART.o) (UART_UartInit)
.\CortexM0\ARM_GCC_541\Debug\science wow.a(Timer_1ms.o)
                              .\CortexM0\ARM_GCC_541\Debug\main.o (Timer_1ms_Start)
.\CortexM0\ARM_GCC_541\Debug\science wow.a(isr_1ms.o)
                              .\CortexM0\ARM_GCC_541\Debug\Milliseconds.o (isr_1ms_StartEx)
.\CortexM0\ARM_GCC_541\Debug\science wow.a(CC2_isr.o)
                              .\CortexM0\ARM_GCC_541\Debug\main.o (CC2_isr_StartEx)
.\CortexM0\ARM_GCC_541\Debug\science wow.a(Timer_LEDs.o)
                              .\CortexM0\ARM_GCC_541\Debug\main.o (Timer_LEDs_ReadStatusRegister)
.\CortexM0\ARM_GCC_541\Debug\science wow.a(isr_LEDs.o)
                              .\CortexM0\ARM_GCC_541\Debug\main.o (isr_LEDs_StartEx)
.\CortexM0\ARM_GCC_541\Debug\science wow.a(CyBootAsmGnu.o)
                              .\CortexM0\ARM_GCC_541\Debug\science wow.a(CyLib.o) (CyDelayCycles)
.\CortexM0\ARM_GCC_541\Debug\science wow.a(CyFlash.o)
                              .\CortexM0\ARM_GCC_541\Debug\science wow.a(CyLib.o) (CySysFlashSetWaitCycles)
.\CortexM0\ARM_GCC_541\Debug\science wow.a(cyutils.o)
                              .\CortexM0\ARM_GCC_541\Debug\science wow.a(Timer_LEDs.o) (CySetReg24)
.\CortexM0\ARM_GCC_541\Debug\science wow.a(I2C_I2C_INT.o)
                              .\CortexM0\ARM_GCC_541\Debug\science wow.a(I2C_I2C.o) (I2C_I2C_ISR)
.\CortexM0\ARM_GCC_541\Debug\science wow.a(UART_SPI_UART.o)
                              .\CortexM0\ARM_GCC_541\Debug\science wow.a(UART_UART.o) (UART_SpiUartReadRxData)
c:/program files (x86)/cypress/psoc creator/4.4/psoc creator/import/gnu/arm/5.4.1/bin/../lib/gcc/arm-none-eabi/5.4.1/../../../../arm-none-eabi/lib/armv6-m\libm.a(lib_a-s_round.o)
                              .\CortexM0\ARM_GCC_541\Debug\main.o (round)
c:/program files (x86)/cypress/psoc creator/4.4/psoc creator/import/gnu/arm/5.4.1/bin/../lib/gcc/arm-none-eabi/5.4.1/armv6-m\libgcc.a(_udivsi3.o)
                              .\CortexM0\ARM_GCC_541\Debug\science wow.a(CyLib.o) (__aeabi_uidiv)
c:/program files (x86)/cypress/psoc creator/4.4/psoc creator/import/gnu/arm/5.4.1/bin/../lib/gcc/arm-none-eabi/5.4.1/armv6-m\libgcc.a(_divsi3.o)
[...]
Memory Configuration

Name             Origin             Length             Attributes
rom              0x00000000         0x00040000         xr
ram              0x20000000         0x00008000         xrw
*default*        0x00000000         0xffffffff

Linker script and memory map

LOAD c:/program files (x86)/cypress/psoc creator/4.4/psoc creator/import/gnu/arm/5.4.1/bin/../lib/gcc/arm-none-eabi/5.4.1/armv6-m/crti.o
LOAD c:/program files (x86)/cypress/psoc creator/4.4/psoc creator/import/gnu/arm/5.4.1/bin/../lib/gcc/arm-none-eabi/5.4.1/armv6-m/crtbegin.o
LOAD c:/program files (x86)/cypress/psoc creator/4.4/psoc creator/import/gnu/arm/5.4.1/bin/../lib/gcc/arm-none-eabi/5.4.1/../../../../arm-none-eabi/lib/armv6-m/crt0.o
START GROUP
LOAD .\CortexM0\ARM_GCC_541\Debug\CANCommon.o
LOAD .\CortexM0\ARM_GCC_541\Debug\CANGPIO.o
LOAD .\CortexM0\ARM_GCC_541\Debug\CANLocalization.o
LOAD .\CortexM0\ARM_GCC_541\Debug\CANMotorUnit.o
LOAD .\CortexM0\ARM_GCC_541\Debug\CANPacket.o
LOAD .\CortexM0\ARM_GCC_541\Debug\CANPower.o
LOAD .\CortexM0\ARM_GCC_541\Debug\CANScience.o
LOAD .\CortexM0\ARM_GCC_541\Debug\PortPSOC_CY8C4248AZI_L485.o
LOAD .\CortexM0\ARM_GCC_541\Debug\PCA9685.o
LOAD .\CortexM0\ARM_GCC_541\Debug\main.o
LOAD .\CortexM0\ARM_GCC_541\Debug\sensor.o
LOAD .\CortexM0\ARM_GCC_541\Debug\servo.o
LOAD .\CortexM0\ARM_GCC_541\Debug\Milliseconds.o
LOAD .\CortexM0\ARM_GCC_541\Debug\cyfitter_cfg.o
LOAD .\CortexM0\ARM_GCC_541\Debug\cymetadata.o
LOAD .\CortexM0\ARM_GCC_541\Debug\Cm0Start.o
LOAD .\CortexM0\ARM_GCC_541\Debug\science wow.a
LOAD c:/program files (x86)/cypress/psoc creator/4.4/psoc creator/import/gnu/arm/5.4.1/bin/../lib/gcc/arm-none-eabi/5.4.1/../../../../arm-none-eabi/lib/armv6-m\libm.a
END GROUP
START GROUP
LOAD c:/program files (x86)/cypress/psoc creator/4.4/psoc creator/import/gnu/arm/5.4.1/bin/../lib/gcc/arm-none-eabi/5.4.1/armv6-m\libgcc.a
LOAD c:/program files (x86)/cypress/psoc creator/4.4/psoc creator/import/gnu/arm/5.4.1/bin/../lib/gcc/arm-none-eabi/5.4.1/../../../../arm-none-eabi/lib/armv6-m\libg_nano.a
LOAD c:/program files (x86)/cypress/psoc creator/4.4/psoc creator/import/gnu/arm/5.4.1/bin/../lib/gcc/arm-none-eabi/5.4.1/../../../../arm-none-eabi/lib/armv6-m\libc_nano.a
END GROUP
START GROUP
LOAD c:/program files (x86)/cypress/psoc creator/4.4/psoc creator/import/gnu/arm/5.4.1/bin/../lib/gcc/arm-none-eabi/5.4.1/armv6-m\libgcc.a
LOAD c:/program files (x86)/cypress/psoc creator/4.4/psoc creator/import/gnu/arm/5.4.1/bin/../lib/gcc/arm-none-eabi/5.4.1/../../../../arm-none-eabi/lib/armv6-m\libc_nano.a
END GROUP
LOAD c:/program files (x86)/cypress/psoc creator/4.4/psoc creator/import/gnu/arm/5.4.1/bin/../lib/gcc/arm-none-eabi/5.4.1/armv6-m/crtend.o
LOAD c:/program files (x86)/cypress/psoc creator/4.4/psoc creator/import/gnu/arm/5.4.1/bin/../lib/gcc/arm-none-eabi/5.4.1/armv6-m/crtn.o
START GROUP
LOAD c:/program files (x86)/cypress/psoc creator/4.4/psoc creator/import/gnu/arm/5.4.1/bin/../lib/gcc/arm-none-eabi/5.4.1/armv6-m\libgcc.a
LOAD c:/program files (x86)/cypress/psoc creator/4.4/psoc creator/import/gnu/arm/5.4.1/bin/../lib/gcc/arm-none-eabi/5.4.1/../../../../arm-none-eabi/lib/armv6-m\libc.a
LOAD c:/program files (x86)/cypress/psoc creator/4.4/psoc creator/import/gnu/arm/5.4.1/bin/../lib/gcc/arm-none-eabi/5.4.1/../../../../arm-none-eabi/lib/armv6-m\libnosys.a
END GROUP
                0x00000000                CY_APPL_ORIGIN = 0x0
                0x00000100                CY_FLASH_ROW_SIZE = 0x100
                0x00000001                CY_APPL_NUM = 0x1
                0x00000001                CY_APPL_MAX = 0x1
                0x00000040                CY_METADATA_SIZE = 0x40
                0x00000000                CY_APPL_LOADABLE = 0x0
                0x00000000                CY_CHECKSUM_EXCLUDE_SIZE = ALIGN (0x0, CY_FLASH_ROW_SIZE)
                0x00000000                CY_APP_FOR_STACK_AND_COPIER = 0x0
                [!provide]                PROVIDE (__cy_heap_start, _end)
                0x00000001                PROVIDE (__cy_region_num, ((__cy_regions_end - __cy_regions) / 0x10))
                0x20008000                PROVIDE (__cy_stack, (ORIGIN (ram) + LENGTH (ram)))
                [!provide]                PROVIDE (__cy_heap_end, (__cy_stack - 0x800))

.cybootloader   0x00000000        0x0
 *(.cybootloader)
                0x00000000                appl1_start = CY_APPL_ORIGIN?CY_APPL_ORIGIN:ALIGN (CY_FLASH_ROW_SIZE)
                0x0001ff00                appl2_start = (appl1_start + ALIGN ((((LENGTH (rom) - appl1_start) - (0x2 * CY_FLASH_ROW_SIZE)) / 0x2), CY_FLASH_ROW_SIZE))
                0x00000000                appl_start = (CY_APPL_NUM == 0x1)?appl1_start:appl2_start
                0x00000001                cy_project_type_bootloader = (appl_start == 0x0)?0x1:0x0
                0x00000000                cy_project_type_app_for_stack_and_copier = (CY_APP_FOR_STACK_AND_COPIER == 0x1)?0x1:0x0

.text           0x00000000     0x538a
 CREATE_OBJECT_SYMBOLS
                0x00000000                PROVIDE (__cy_interrupt_vector, RomVectors)
 *(.romvectors)
 .romvectors    0x00000000       0x10 .\CortexM0\ARM_GCC_541\Debug\Cm0Start.o
                0x00000000                RomVectors
                0x00000001                ASSERT ((. != __cy_interrupt_vector), No interrupt vector)
                0x00000001                ASSERT (CY_APPL_ORIGIN?(SIZEOF (.cybootloader) <= CY_APPL_ORIGIN):0x1, Wrong image location)
                0x00000010                PROVIDE (__cy_reset, Reset)
 *(.text.Reset)
 .text.Reset    0x00000010        0x8 .\CortexM0\ARM_GCC_541\Debug\Cm0Start.o
                0x00000010                Reset
                0x00000001                ASSERT ((. != __cy_reset), No reset code)
 *(.psocinit)
 .psocinit      0x00000018      0x2ac .\CortexM0\ARM_GCC_541\Debug\cyfitter_cfg.o
                0x0000011c                cyfitter_cfg
                0x000002c4                . = MAX (., 0x100)
 *(.text .text.* .gnu.linkonce.t.*)
 .text          0x000002c4       0x60 c:/program files (x86)/cypress/psoc creator/4.4/psoc creator/import/gnu/arm/5.4.1/bin/../lib/gcc/arm-none-eabi/5.4.1/armv6-m/crtbegin.o
 .text.AssembleTelemetryReportPacket
                0x00000324       0x2c .\CortexM0\ARM_GCC_541\Debug\CANCommon.o
                0x00000324                AssembleTelemetryReportPacket
 .text.DecodeTelemetryDataSigned
                0x00000350       0x10 .\CortexM0\ARM_GCC_541\Debug\CANCommon.o
                0x00000350                DecodeTelemetryDataSigned
 .text.DecodeTelemetryDataUnsigned
                0x00000360        0x8 .\CortexM0\ARM_GCC_541\Debug\CANCommon.o
                0x00000360                DecodeTelemetryDataUnsigned
 .text.GetTelemetryTimingFromPacket
                0x00000368        0x8 .\CortexM0\ARM_GCC_541\Debug\CANCommon.o
                0x00000368                GetTelemetryTimingFromPacket
 .text.DecodeTelemetryType
                0x00000370        0x4 .\CortexM0\ARM_GCC_541\Debug\CANCommon.o
                0x00000370                DecodeTelemetryType
 .text.AssembleLimitSwitchAlertPacket
                0x00000374       0x20 .\CortexM0\ARM_GCC_541\Debug\CANMotorUnit.o
                0x00000374                AssembleLimitSwitchAlertPacket
 .text.ConstructCANID
                0x00000394       0x1c .\CortexM0\ARM_GCC_541\Debug\CANPacket.o
                0x00000394                ConstructCANID
 .text.WriteSenderSerialAndPacketID
                0x000003b0       0x18 .\CortexM0\ARM_GCC_541\Debug\CANPacket.o
                0x000003b0                WriteSenderSerialAndPacketID
 .text.GetSenderDeviceSerialNumber
                0x000003c8        0x4 .\CortexM0\ARM_GCC_541\Debug\CANPacket.o
                0x000003c8                GetSenderDeviceSerialNumber
 .text.GetSenderDeviceGroupCode
                0x000003cc        0x4 .\CortexM0\ARM_GCC_541\Debug\CANPacket.o
                0x000003cc                GetSenderDeviceGroupCode
 .text.GetPacketID
                0x000003d0        0x4 .\CortexM0\ARM_GCC_541\Debug\CANPacket.o
                0x000003d0                GetPacketID
 .text.PackIntIntoDataMSBFirst
                0x000003d4       0x18 .\CortexM0\ARM_GCC_541\Debug\CANPacket.o
                0x000003d4                PackIntIntoDataMSBFirst
 .text.DecodeBytesToIntMSBFirst
                0x000003ec       0x44 .\CortexM0\ARM_GCC_541\Debug\CANPacket.o
                0x000003ec                DecodeBytesToIntMSBFirst
 .text.GetScienceContServoPowerFromPacket
                0x00000430        0x8 .\CortexM0\ARM_GCC_541\Debug\CANScience.o
                0x00000430                GetScienceContServoPowerFromPacket
 .text.GetScienceServoAngleFromPacket
                0x00000438        0x4 .\CortexM0\ARM_GCC_541\Debug\CANScience.o
                0x00000438                GetScienceServoAngleFromPacket
 .text.GetScienceLazySusanPosFromPacket
                0x0000043c        0x4 .\CortexM0\ARM_GCC_541\Debug\CANScience.o
                0x0000043c                GetScienceLazySusanPosFromPacket
 .text.GetScienceServoIDFromPacket
                0x00000440        0x4 .\CortexM0\ARM_GCC_541\Debug\CANScience.o
                0x00000440                GetScienceServoIDFromPacket
 .text.InitCAN  0x00000444       0x98 .\CortexM0\ARM_GCC_541\Debug\PortPSOC_CY8C4248AZI_L485.o
                0x00000444                InitCAN
 .text.SendCANPacket
                0x000004dc       0x40 .\CortexM0\ARM_GCC_541\Debug\PortPSOC_CY8C4248AZI_L485.o
                0x000004dc                SendCANPacket
 .text.getLocalDeviceSerial
                0x0000051c        0xc .\CortexM0\ARM_GCC_541\Debug\PortPSOC_CY8C4248AZI_L485.o
                0x0000051c                getLocalDeviceSerial
 .text.getLocalDeviceGroup
                0x00000528        0xc .\CortexM0\ARM_GCC_541\Debug\PortPSOC_CY8C4248AZI_L485.o
                0x00000528                getLocalDeviceGroup
 .text.FIFOSize
                0x00000534       0x48 .\CortexM0\ARM_GCC_541\Debug\PortPSOC_CY8C4248AZI_L485.o
                0x00000534                FIFOSize
 .text.countAddFIFO
                0x0000057c       0x50 .\CortexM0\ARM_GCC_541\Debug\PortPSOC_CY8C4248AZI_L485.o
                0x0000057c                countAddFIFO
 .text.CAN_FLAG_ISR
                0x000005cc      0x12c .\CortexM0\ARM_GCC_541\Debug\PortPSOC_CY8C4248AZI_L485.o
                0x000005cc                CAN_FLAG_ISR
 .text.countRemoveFIFO
                0x000006f8       0x28 .\CortexM0\ARM_GCC_541\Debug\PortPSOC_CY8C4248AZI_L485.o
                0x000006f8                countRemoveFIFO
 .text.PollAndReceiveCANPacket
                0x00000720       0x4c .\CortexM0\ARM_GCC_541\Debug\PortPSOC_CY8C4248AZI_L485.o
                0x00000720                PollAndReceiveCANPacket
 .text.TurnOnTimeL
                0x0000076c        0x4 .\CortexM0\ARM_GCC_541\Debug\PCA9685.o
                0x0000076c                TurnOnTimeL
 .text.TurnOnTimeH
                0x00000770        0x4 .\CortexM0\ARM_GCC_541\Debug\PCA9685.o
                0x00000770                TurnOnTimeH
 .text.TurnOffTimeL
                0x00000774       0x58 .\CortexM0\ARM_GCC_541\Debug\PCA9685.o
                0x00000774                TurnOffTimeL
 .text.TurnOffTimeH
                0x000007cc       0x54 .\CortexM0\ARM_GCC_541\Debug\PCA9685.o
                0x000007cc                TurnOffTimeH
 .text.writeBuffer
                0x00000820       0x44 .\CortexM0\ARM_GCC_541\Debug\PCA9685.o
                0x00000820                writeBuffer
 .text.pca_init
                0x00000864       0x44 .\CortexM0\ARM_GCC_541\Debug\PCA9685.o
                0x00000864                pca_init
 .text.writeByte
                0x000008a8       0x18 .\CortexM0\ARM_GCC_541\Debug\PCA9685.o
                0x000008a8                writeByte
 .text.setPWMFromDutyCycle
                0x000008c0       0x4c .\CortexM0\ARM_GCC_541\Debug\PCA9685.o
                0x000008c0                setPWMFromDutyCycle
 .text.Enc2_Handler
                0x0000090c        0xc .\CortexM0\ARM_GCC_541\Debug\main.o
                0x0000090c                Enc2_Handler
 .text.Limit_Handler
                0x00000918       0x24 .\CortexM0\ARM_GCC_541\Debug\main.o
                0x00000918                Limit_Handler
 .text.LED_Timer_Handler
                0x0000093c       0x3c .\CortexM0\ARM_GCC_541\Debug\main.o
                0x0000093c                LED_Timer_Handler
 .text.main     0x00000978      0x344 .\CortexM0\ARM_GCC_541\Debug\main.o
                0x00000978                main
 .text.read_ADC
                0x00000cbc       0x1c .\CortexM0\ARM_GCC_541\Debug\sensor.o
                0x00000cbc                read_ADC
 .text.I2C_bus_read
                0x00000cd8       0x50 .\CortexM0\ARM_GCC_541\Debug\sensor.o
                0x00000cd8                I2C_bus_read
 .text.VEML6070_init
                0x00000d28       0x38 .\CortexM0\ARM_GCC_541\Debug\sensor.o
                0x00000d28                VEML6070_init
 .text.read_uv_sensor
                0x00000d60       0x34 .\CortexM0\ARM_GCC_541\Debug\sensor.o
                0x00000d60                read_uv_sensor
 .text.get_data
                0x00000d94       0x58 .\CortexM0\ARM_GCC_541\Debug\sensor.o
                0x00000d94                get_data
 .text.periodicSend
                0x00000dec       0x24 .\CortexM0\ARM_GCC_541\Debug\sensor.o
                0x00000dec                periodicSend
 .text.set_servo_position
                0x00000e10       0x58 .\CortexM0\ARM_GCC_541\Debug\servo.o
                0x00000e10                set_servo_position
 .text.set_servo_continuous
                0x00000e68       0x68 .\CortexM0\ARM_GCC_541\Debug\servo.o
                0x00000e68                set_servo_continuous
 .text.reset_servo_cont
                0x00000ed0       0x1c .\CortexM0\ARM_GCC_541\Debug\servo.o
                0x00000ed0                reset_servo_cont
 .text.MillisecondInterrupt
                0x00000eec       0x10 .\CortexM0\ARM_GCC_541\Debug\Milliseconds.o
                0x00000eec                MillisecondInterrupt
 .text.init_milliseconds
                0x00000efc       0x18 .\CortexM0\ARM_GCC_541\Debug\Milliseconds.o
                0x00000efc                init_milliseconds
 .text.cfg_write_bytes32
                0x00000f14       0x34 .\CortexM0\ARM_GCC_541\Debug\cyfitter_cfg.o
 .text.CYMEMZERO
                0x00000f48        0xc .\CortexM0\ARM_GCC_541\Debug\cyfitter_cfg.o
 .text.SetAnalogRoutingPumps
                0x00000f54       0x20 .\CortexM0\ARM_GCC_541\Debug\cyfitter_cfg.o
                0x00000f54                SetAnalogRoutingPumps
 .text.AnalogSetDefault
                0x00000f74       0x44 .\CortexM0\ARM_GCC_541\Debug\cyfitter_cfg.o
 .text.IntDefaultHandler
                0x00000fb8       0x10 .\CortexM0\ARM_GCC_541\Debug\Cm0Start.o
                0x00000fb8                IntDefaultHandler
 .text.Start_c  0x00000fc8       0x48 .\CortexM0\ARM_GCC_541\Debug\Cm0Start.o
                0x00000fc8                Start_c
 .text.initialize_psoc
                0x00001010       0x4c .\CortexM0\ARM_GCC_541\Debug\Cm0Start.o
                0x00001010                initialize_psoc
 .text.CAN_GlobalIntEnable
                0x0000105c       0x1c .\CortexM0\ARM_GCC_541\Debug\science wow.a(CAN.o)
                0x0000105c                CAN_GlobalIntEnable
 .text.CAN_Enable
                0x00001078       0x48 .\CortexM0\ARM_GCC_541\Debug\science wow.a(CAN.o)
                0x00001078                CAN_Enable
 .text.CAN_SetPreScaler
                0x000010c0       0x38 .\CortexM0\ARM_GCC_541\Debug\science wow.a(CAN.o)
                0x000010c0                CAN_SetPreScaler
 .text.CAN_SetArbiter
                0x000010f8       0x40 .\CortexM0\ARM_GCC_541\Debug\science wow.a(CAN.o)
                0x000010f8                CAN_SetArbiter
 .text.CAN_SetTsegSample
                0x00001138       0xa0 .\CortexM0\ARM_GCC_541\Debug\science wow.a(CAN.o)
                0x00001138                CAN_SetTsegSample
 .text.CAN_SetRestartType
                0x000011d8       0x38 .\CortexM0\ARM_GCC_541\Debug\science wow.a(CAN.o)
                0x000011d8                CAN_SetRestartType
 .text.CAN_SetEdgeMode
                0x00001210       0x38 .\CortexM0\ARM_GCC_541\Debug\science wow.a(CAN.o)
                0x00001210                CAN_SetEdgeMode
 .text.CAN_SetIrqMask
                0x00001248       0x1c .\CortexM0\ARM_GCC_541\Debug\science wow.a(CAN.o)
                0x00001248                CAN_SetIrqMask
 .text.CAN_RxBufConfig
                0x00001264       0x98 .\CortexM0\ARM_GCC_541\Debug\science wow.a(CAN.o)
                0x00001264                CAN_RxBufConfig
 .text.CAN_TxBufConfig
                0x000012fc       0x58 .\CortexM0\ARM_GCC_541\Debug\science wow.a(CAN.o)
                0x000012fc                CAN_TxBufConfig
 .text.CAN_RxTxBuffersConfig
                0x00001354       0x54 .\CortexM0\ARM_GCC_541\Debug\science wow.a(CAN.o)
                0x00001354                CAN_RxTxBuffersConfig
 .text.CAN_SetSwapDataEndianness
                0x000013a8       0x40 .\CortexM0\ARM_GCC_541\Debug\science wow.a(CAN.o)
                0x000013a8                CAN_SetSwapDataEndianness
 .text.CAN_Init
                0x000013e8       0xe8 .\CortexM0\ARM_GCC_541\Debug\science wow.a(CAN.o)
                0x000013e8                CAN_Init
 .text.CAN_Start
                0x000014d0       0x28 .\CortexM0\ARM_GCC_541\Debug\science wow.a(CAN.o)
                0x000014d0                CAN_Start
 .text.CAN_ISR  0x000014f8        0x4 .\CortexM0\ARM_GCC_541\Debug\science wow.a(CAN_INT.o)
                0x000014f8                CAN_ISR
 .text.CAN_SendMsg
                0x000014fc      0x154 .\CortexM0\ARM_GCC_541\Debug\science wow.a(CAN_TX_RX_func.o)
                0x000014fc                CAN_SendMsg
 .text.CySysClkImoSetPwrBgTrim5
                0x00001650       0x30 .\CortexM0\ARM_GCC_541\Debug\science wow.a(CyLib.o)
 .text.CySysClkImoSetImoTrims
                0x00001680       0xb0 .\CortexM0\ARM_GCC_541\Debug\science wow.a(CyLib.o)
 .text.CySysClkImoDisableWcoLock
                0x00001730       0x54 .\CortexM0\ARM_GCC_541\Debug\science wow.a(CyLib.o)
                0x00001730                CySysClkImoDisableWcoLock
 .text.CySysClkImoGetWcoLock
                0x00001784       0x14 .\CortexM0\ARM_GCC_541\Debug\science wow.a(CyLib.o)
                0x00001784                CySysClkImoGetWcoLock
 .text.CySysClkImoEnableUsbLock
                0x00001798       0x44 .\CortexM0\ARM_GCC_541\Debug\science wow.a(CyLib.o)
                0x00001798                CySysClkImoEnableUsbLock
 .text.CySysClkImoDisableUsbLock
                0x000017dc       0x74 .\CortexM0\ARM_GCC_541\Debug\science wow.a(CyLib.o)
                0x000017dc                CySysClkImoDisableUsbLock
 .text.CySysClkImoGetUsbLock
                0x00001850       0x14 .\CortexM0\ARM_GCC_541\Debug\science wow.a(CyLib.o)
                0x00001850                CySysClkImoGetUsbLock
 .text.CyIntEnable
                0x00001864       0x14 .\CortexM0\ARM_GCC_541\Debug\science wow.a(CyLib.o)
                0x00001864                CyIntEnable
 .text.CyIntDisable
                0x00001878       0x14 .\CortexM0\ARM_GCC_541\Debug\science wow.a(CyLib.o)
                0x00001878                CyIntDisable
 .text.CyHalt   0x0000188c        0x4 .\CortexM0\ARM_GCC_541\Debug\science wow.a(CyLib.o)
                0x0000188c                CyHalt
 .text.CyIntSetVector
                0x00001890       0x24 .\CortexM0\ARM_GCC_541\Debug\science wow.a(CyLib.o)
                0x00001890                CyIntSetVector
 .text.CyIntSetPriority
                0x000018b4       0x4c .\CortexM0\ARM_GCC_541\Debug\science wow.a(CyLib.o)
                0x000018b4                CyIntSetPriority
 .text.CyDelay  0x00001900       0x30 .\CortexM0\ARM_GCC_541\Debug\science wow.a(CyLib.o)
                0x00001900                CyDelay
 .text.CySysClkImoEnableWcoLock
                0x00001930      0x104 .\CortexM0\ARM_GCC_541\Debug\science wow.a(CyLib.o)
                0x00001930                CySysClkImoEnableWcoLock
 .text.CyDelayUs
                0x00001a34       0x14 .\CortexM0\ARM_GCC_541\Debug\science wow.a(CyLib.o)
                0x00001a34                CyDelayUs
 .text.CySysClkWriteImoFreq
                0x00001a48      0x1bc .\CortexM0\ARM_GCC_541\Debug\science wow.a(CyLib.o)
                0x00001a48                CySysClkWriteImoFreq
 .text.CySysClkWcoEnabled
                0x00001c04       0x14 .\CortexM0\ARM_GCC_541\Debug\science wow.a(CyLFClk.o)
                0x00001c04                CySysClkWcoEnabled
 .text.DBG_LED_Write
                0x00001c18       0x18 .\CortexM0\ARM_GCC_541\Debug\science wow.a(DBG_LED.o)
                0x00001c18                DBG_LED_Write
 .text.ERR_LED_Write
                0x00001c30       0x18 .\CortexM0\ARM_GCC_541\Debug\science wow.a(ERR_LED.o)
                0x00001c30                ERR_LED_Write
 .text.CAN_LED_Write
                0x00001c48       0x18 .\CortexM0\ARM_GCC_541\Debug\science wow.a(CAN_LED.o)
                0x00001c48                CAN_LED_Write
 .text.ADC_Init
                0x00001c60      0x184 .\CortexM0\ARM_GCC_541\Debug\science wow.a(ADC.o)
                0x00001c60                ADC_Init
 .text.ADC_Enable
                0x00001de4       0x30 .\CortexM0\ARM_GCC_541\Debug\science wow.a(ADC.o)
                0x00001de4                ADC_Enable
 .text.ADC_Start
                0x00001e14       0x20 .\CortexM0\ARM_GCC_541\Debug\science wow.a(ADC.o)
                0x00001e14                ADC_Start
 .text.ADC_StartConvert
                0x00001e34       0x14 .\CortexM0\ARM_GCC_541\Debug\science wow.a(ADC.o)
                0x00001e34                ADC_StartConvert
 .text.ADC_StopConvert
                0x00001e48       0x14 .\CortexM0\ARM_GCC_541\Debug\science wow.a(ADC.o)
                0x00001e48                ADC_StopConvert
 .text.ADC_IsEndConversion
                0x00001e5c       0x28 .\CortexM0\ARM_GCC_541\Debug\science wow.a(ADC.o)
                0x00001e5c                ADC_IsEndConversion
 .text.ADC_GetResult16
                0x00001e84       0x2c .\CortexM0\ARM_GCC_541\Debug\science wow.a(ADC.o)
                0x00001e84                ADC_GetResult16
 .text.ADC_ISR  0x00001eb0        0xc .\CortexM0\ARM_GCC_541\Debug\science wow.a(ADC_INT.o)
                0x00001eb0                ADC_ISR
 .text.I2C_ScbEnableIntr
                0x00001ebc        0xc .\CortexM0\ARM_GCC_541\Debug\science wow.a(I2C.o)
 .text.I2C_Init
                0x00001ec8        0x8 .\CortexM0\ARM_GCC_541\Debug\science wow.a(I2C.o)
                0x00001ec8                I2C_Init
 .text.I2C_Enable
                0x00001ed0       0x18 .\CortexM0\ARM_GCC_541\Debug\science wow.a(I2C.o)
                0x00001ed0                I2C_Enable
 .text.I2C_Start
                0x00001ee8       0x20 .\CortexM0\ARM_GCC_541\Debug\science wow.a(I2C.o)
                0x00001ee8                I2C_Start
 .text.I2C_I2CInit
                0x00001f08       0xbc .\CortexM0\ARM_GCC_541\Debug\science wow.a(I2C_I2C.o)
                0x00001f08                I2C_I2CInit
 .text.I2C_I2CFwBlockReset
                0x00001fc4       0x5c .\CortexM0\ARM_GCC_541\Debug\science wow.a(I2C_I2C.o)
                0x00001fc4                I2C_I2CFwBlockReset
 .text.I2C_I2CMasterWaitOneUnit
                0x00002020       0x28 .\CortexM0\ARM_GCC_541\Debug\science wow.a(I2C_I2C_MASTER.o)
 .text.I2C_I2CMasterHandleStatus
                0x00002048       0xc4 .\CortexM0\ARM_GCC_541\Debug\science wow.a(I2C_I2C_MASTER.o)
 .text.I2C_I2CMasterSendStart
                0x0000210c       0xc4 .\CortexM0\ARM_GCC_541\Debug\science wow.a(I2C_I2C_MASTER.o)
                0x0000210c                I2C_I2CMasterSendStart
 .text.I2C_I2CMasterSendStop
                0x000021d0       0x58 .\CortexM0\ARM_GCC_541\Debug\science wow.a(I2C_I2C_MASTER.o)
                0x000021d0                I2C_I2CMasterSendStop
 .text.I2C_I2CMasterReadByte
                0x00002228       0x7c .\CortexM0\ARM_GCC_541\Debug\science wow.a(I2C_I2C_MASTER.o)
                0x00002228                I2C_I2CMasterReadByte
 .text.I2C_I2CMasterGetWriteBufSize
                0x000022a4        0xc .\CortexM0\ARM_GCC_541\Debug\science wow.a(I2C_I2C_MASTER.o)
                0x000022a4                I2C_I2CMasterGetWriteBufSize
 .text.I2C_I2CMasterStatus
                0x000022b0       0x30 .\CortexM0\ARM_GCC_541\Debug\science wow.a(I2C_I2C_MASTER.o)
                0x000022b0                I2C_I2CMasterStatus
 .text.I2C_I2CMasterClearStatus
                0x000022e0       0x20 .\CortexM0\ARM_GCC_541\Debug\science wow.a(I2C_I2C_MASTER.o)
                0x000022e0                I2C_I2CMasterClearStatus
 .text.I2C_I2CReStartGeneration
                0x00002300       0x20 .\CortexM0\ARM_GCC_541\Debug\science wow.a(I2C_I2C_MASTER.o)
                0x00002300                I2C_I2CReStartGeneration
 .text.I2C_I2CMasterWriteBuf
                0x00002320       0xf8 .\CortexM0\ARM_GCC_541\Debug\science wow.a(I2C_I2C_MASTER.o)
                0x00002320                I2C_I2CMasterWriteBuf
 .text.Status_Reg_LIM_Read
                0x00002418        0xc .\CortexM0\ARM_GCC_541\Debug\science wow.a(Status_Reg_LIM.o)
                0x00002418                Status_Reg_LIM_Read
 .text.Status_Reg_LIM_InterruptEnable
                0x00002424       0x1c .\CortexM0\ARM_GCC_541\Debug\science wow.a(Status_Reg_LIM.o)
                0x00002424                Status_Reg_LIM_InterruptEnable
 .text.isr_LIM_SetVector
                0x00002440        0xc .\CortexM0\ARM_GCC_541\Debug\science wow.a(isr_LIM.o)
                0x00002440                isr_LIM_SetVector
 .text.isr_LIM_SetPriority
                0x0000244c       0x24 .\CortexM0\ARM_GCC_541\Debug\science wow.a(isr_LIM.o)
                0x0000244c                isr_LIM_SetPriority
 .text.isr_LIM_Enable
                0x00002470        0xc .\CortexM0\ARM_GCC_541\Debug\science wow.a(isr_LIM.o)
                0x00002470                isr_LIM_Enable
 .text.isr_LIM_Disable
                0x0000247c        0xc .\CortexM0\ARM_GCC_541\Debug\science wow.a(isr_LIM.o)
                0x0000247c                isr_LIM_Disable
 .text.isr_LIM_StartEx
                0x00002488       0x1c .\CortexM0\ARM_GCC_541\Debug\science wow.a(isr_LIM.o)
                0x00002488                isr_LIM_StartEx
 .text.QuadDec_1_WriteCounter
                0x000024a4       0x10 .\CortexM0\ARM_GCC_541\Debug\science wow.a(QuadDec_1.o)
                0x000024a4                QuadDec_1_WriteCounter
 .text.QuadDec_1_SetCounterMode
                0x000024b4       0x28 .\CortexM0\ARM_GCC_541\Debug\science wow.a(QuadDec_1.o)
                0x000024b4                QuadDec_1_SetCounterMode
 .text.QuadDec_1_WritePeriod
                0x000024dc       0x10 .\CortexM0\ARM_GCC_541\Debug\science wow.a(QuadDec_1.o)
                0x000024dc                QuadDec_1_WritePeriod
 .text.QuadDec_1_TriggerCommand
                0x000024ec       0x1c .\CortexM0\ARM_GCC_541\Debug\science wow.a(QuadDec_1.o)
                0x000024ec                QuadDec_1_TriggerCommand
 .text.QuadDec_1_Enable
                0x00002508       0x24 .\CortexM0\ARM_GCC_541\Debug\science wow.a(QuadDec_1.o)
                0x00002508                QuadDec_1_Enable
 .text.QuadDec_1_SetInterruptMode
                0x0000252c        0xc .\CortexM0\ARM_GCC_541\Debug\science wow.a(QuadDec_1.o)
                0x0000252c                QuadDec_1_SetInterruptMode
 .text.QuadDec_1_Init
                0x00002538       0x3c .\CortexM0\ARM_GCC_541\Debug\science wow.a(QuadDec_1.o)
                0x00002538                QuadDec_1_Init
 .text.QuadDec_1_Start
                0x00002574       0x20 .\CortexM0\ARM_GCC_541\Debug\science wow.a(QuadDec_1.o)
                0x00002574                QuadDec_1_Start
 .text.QuadDec_2_WriteCounter
                0x00002594       0x10 .\CortexM0\ARM_GCC_541\Debug\science wow.a(QuadDec_2.o)
                0x00002594                QuadDec_2_WriteCounter
 .text.QuadDec_2_ReadCounter
                0x000025a4       0x10 .\CortexM0\ARM_GCC_541\Debug\science wow.a(QuadDec_2.o)
                0x000025a4                QuadDec_2_ReadCounter
 .text.QuadDec_2_SetCounterMode
                0x000025b4       0x28 .\CortexM0\ARM_GCC_541\Debug\science wow.a(QuadDec_2.o)
                0x000025b4                QuadDec_2_SetCounterMode
 .text.QuadDec_2_WritePeriod
                0x000025dc       0x10 .\CortexM0\ARM_GCC_541\Debug\science wow.a(QuadDec_2.o)
                0x000025dc                QuadDec_2_WritePeriod
 .text.QuadDec_2_TriggerCommand
                0x000025ec       0x1c .\CortexM0\ARM_GCC_541\Debug\science wow.a(QuadDec_2.o)
                0x000025ec                QuadDec_2_TriggerCommand
 .text.QuadDec_2_Enable
                0x00002608       0x24 .\CortexM0\ARM_GCC_541\Debug\science wow.a(QuadDec_2.o)
                0x00002608                QuadDec_2_Enable
 .text.QuadDec_2_SetInterruptMode
                0x0000262c        0xc .\CortexM0\ARM_GCC_541\Debug\science wow.a(QuadDec_2.o)
                0x0000262c                QuadDec_2_SetInterruptMode
 .text.QuadDec_2_Init
                0x00002638       0x3c .\CortexM0\ARM_GCC_541\Debug\science wow.a(QuadDec_2.o)
                0x00002638                QuadDec_2_Init
 .text.QuadDec_2_Start
                0x00002674       0x20 .\CortexM0\ARM_GCC_541\Debug\science wow.a(QuadDec_2.o)
                0x00002674                QuadDec_2_Start
 .text.QuadDec_2_ClearInterrupt
                0x00002694        0xc .\CortexM0\ARM_GCC_541\Debug\science wow.a(QuadDec_2.o)
                0x00002694                QuadDec_2_ClearInterrupt
 .text.UART_ScbModePostEnable
                0x000026a0        0x8 .\CortexM0\ARM_GCC_541\Debug\science wow.a(UART.o)
 .text.UART_Init
                0x000026a8        0x8 .\CortexM0\ARM_GCC_541\Debug\science wow.a(UART.o)
                0x000026a8                UART_Init
 .text.UART_Enable
                0x000026b0       0x18 .\CortexM0\ARM_GCC_541\Debug\science wow.a(UART.o)
                0x000026b0                UART_Enable
 .text.UART_Start
                0x000026c8       0x20 .\CortexM0\ARM_GCC_541\Debug\science wow.a(UART.o)
                0x000026c8                UART_Start
 .text.UART_UartInit
                0x000026e8       0xa8 .\CortexM0\ARM_GCC_541\Debug\science wow.a(UART_UART.o)
                0x000026e8                UART_UartInit
 .text.UART_UartPostEnable
                0x00002790       0x24 .\CortexM0\ARM_GCC_541\Debug\science wow.a(UART_UART.o)
                0x00002790                UART_UartPostEnable
 .text.Timer_1ms_Enable
                0x000027b4       0x14 .\CortexM0\ARM_GCC_541\Debug\science wow.a(Timer_1ms.o)
                0x000027b4                Timer_1ms_Enable
 .text.Timer_1ms_SetInterruptMode
                0x000027c8        0xc .\CortexM0\ARM_GCC_541\Debug\science wow.a(Timer_1ms.o)
                0x000027c8                Timer_1ms_SetInterruptMode
 .text.Timer_1ms_ReadStatusRegister
                0x000027d4        0xc .\CortexM0\ARM_GCC_541\Debug\science wow.a(Timer_1ms.o)
                0x000027d4                Timer_1ms_ReadStatusRegister
 .text.Timer_1ms_WritePeriod
                0x000027e0        0xc .\CortexM0\ARM_GCC_541\Debug\science wow.a(Timer_1ms.o)
                0x000027e0                Timer_1ms_WritePeriod
 .text.Timer_1ms_ReadCapture
                0x000027ec        0xc .\CortexM0\ARM_GCC_541\Debug\science wow.a(Timer_1ms.o)
                0x000027ec                Timer_1ms_ReadCapture
 .text.Timer_1ms_WriteCounter
                0x000027f8        0xc .\CortexM0\ARM_GCC_541\Debug\science wow.a(Timer_1ms.o)
                0x000027f8                Timer_1ms_WriteCounter
 .text.Timer_1ms_ClearFIFO
                0x00002804       0x14 .\CortexM0\ARM_GCC_541\Debug\science wow.a(Timer_1ms.o)
                0x00002804                Timer_1ms_ClearFIFO
 .text.Timer_1ms_Init
                0x00002818       0x38 .\CortexM0\ARM_GCC_541\Debug\science wow.a(Timer_1ms.o)
                0x00002818                Timer_1ms_Init
 .text.Timer_1ms_Start
                0x00002850       0x20 .\CortexM0\ARM_GCC_541\Debug\science wow.a(Timer_1ms.o)
                0x00002850                Timer_1ms_Start
 .text.isr_1ms_SetVector
                0x00002870        0xc .\CortexM0\ARM_GCC_541\Debug\science wow.a(isr_1ms.o)
                0x00002870                isr_1ms_SetVector
 .text.isr_1ms_SetPriority
                0x0000287c       0x20 .\CortexM0\ARM_GCC_541\Debug\science wow.a(isr_1ms.o)
                0x0000287c                isr_1ms_SetPriority
 .text.isr_1ms_Enable
                0x0000289c        0xc .\CortexM0\ARM_GCC_541\Debug\science wow.a(isr_1ms.o)
                0x0000289c                isr_1ms_Enable
 .text.isr_1ms_Disable
                0x000028a8        0xc .\CortexM0\ARM_GCC_541\Debug\science wow.a(isr_1ms.o)
                0x000028a8                isr_1ms_Disable
 .text.isr_1ms_StartEx
                0x000028b4       0x1c .\CortexM0\ARM_GCC_541\Debug\science wow.a(isr_1ms.o)
                0x000028b4                isr_1ms_StartEx
 .text.isr_1ms_Stop
                0x000028d0       0x14 .\CortexM0\ARM_GCC_541\Debug\science wow.a(isr_1ms.o)
                0x000028d0                isr_1ms_Stop
 .text.CC2_isr_SetVector
                0x000028e4        0xc .\CortexM0\ARM_GCC_541\Debug\science wow.a(CC2_isr.o)
                0x000028e4                CC2_isr_SetVector
 .text.CC2_isr_SetPriority
                0x000028f0       0x24 .\CortexM0\ARM_GCC_541\Debug\science wow.a(CC2_isr.o)
                0x000028f0                CC2_isr_SetPriority
 .text.CC2_isr_Enable
                0x00002914       0x10 .\CortexM0\ARM_GCC_541\Debug\science wow.a(CC2_isr.o)
                0x00002914                CC2_isr_Enable
 .text.CC2_isr_Disable
                0x00002924       0x10 .\CortexM0\ARM_GCC_541\Debug\science wow.a(CC2_isr.o)
                0x00002924                CC2_isr_Disable
 .text.CC2_isr_StartEx
                0x00002934       0x1c .\CortexM0\ARM_GCC_541\Debug\science wow.a(CC2_isr.o)
                0x00002934                CC2_isr_StartEx
 .text.Timer_LEDs_Enable
                0x00002950       0x14 .\CortexM0\ARM_GCC_541\Debug\science wow.a(Timer_LEDs.o)
                0x00002950                Timer_LEDs_Enable
 .text.Timer_LEDs_SetInterruptMode
                0x00002964        0xc .\CortexM0\ARM_GCC_541\Debug\science wow.a(Timer_LEDs.o)
                0x00002964                Timer_LEDs_SetInterruptMode
 .text.Timer_LEDs_ReadStatusRegister
                0x00002970        0xc .\CortexM0\ARM_GCC_541\Debug\science wow.a(Timer_LEDs.o)
                0x00002970                Timer_LEDs_ReadStatusRegister
 .text.Timer_LEDs_WritePeriod
                0x0000297c       0x10 .\CortexM0\ARM_GCC_541\Debug\science wow.a(Timer_LEDs.o)
                0x0000297c                Timer_LEDs_WritePeriod
 .text.Timer_LEDs_ReadCapture
                0x0000298c       0x10 .\CortexM0\ARM_GCC_541\Debug\science wow.a(Timer_LEDs.o)
                0x0000298c                Timer_LEDs_ReadCapture
 .text.Timer_LEDs_WriteCounter
                0x0000299c       0x10 .\CortexM0\ARM_GCC_541\Debug\science wow.a(Timer_LEDs.o)
                0x0000299c                Timer_LEDs_WriteCounter
 .text.Timer_LEDs_ClearFIFO
                0x000029ac       0x14 .\CortexM0\ARM_GCC_541\Debug\science wow.a(Timer_LEDs.o)
                0x000029ac                Timer_LEDs_ClearFIFO
 .text.Timer_LEDs_Init
                0x000029c0       0x38 .\CortexM0\ARM_GCC_541\Debug\science wow.a(Timer_LEDs.o)
                0x000029c0                Timer_LEDs_Init
 .text.Timer_LEDs_Start
                0x000029f8       0x20 .\CortexM0\ARM_GCC_541\Debug\science wow.a(Timer_LEDs.o)
                0x000029f8                Timer_LEDs_Start
 .text.isr_LEDs_SetVector
                0x00002a18        0xc .\CortexM0\ARM_GCC_541\Debug\science wow.a(isr_LEDs.o)
                0x00002a18                isr_LEDs_SetVector
 .text.isr_LEDs_SetPriority
                0x00002a24       0x24 .\CortexM0\ARM_GCC_541\Debug\science wow.a(isr_LEDs.o)
                0x00002a24                isr_LEDs_SetPriority
 .text.isr_LEDs_Enable
                0x00002a48        0xc .\CortexM0\ARM_GCC_541\Debug\science wow.a(isr_LEDs.o)
                0x00002a48                isr_LEDs_Enable
 .text.isr_LEDs_Disable
                0x00002a54        0xc .\CortexM0\ARM_GCC_541\Debug\science wow.a(isr_LEDs.o)
                0x00002a54                isr_LEDs_Disable
 .text.isr_LEDs_StartEx
                0x00002a60       0x1c .\CortexM0\ARM_GCC_541\Debug\science wow.a(isr_LEDs.o)
                0x00002a60                isr_LEDs_StartEx
 *fill*         0x00002a7c        0x4 
 .text          0x00002a80       0x20 .\CortexM0\ARM_GCC_541\Debug\science wow.a(CyBootAsmGnu.o)
                0x00002a80                CyDelayCycles
                0x00002a92                CyEnterCriticalSection
                0x00002a9a                CyExitCriticalSection
 .text.CySysFlashSetWaitCycles
                0x00002aa0       0x54 .\CortexM0\ARM_GCC_541\Debug\science wow.a(CyFlash.o)
                0x00002aa0                CySysFlashSetWaitCycles
 .text.CySetReg24
                0x00002af4       0x14 .\CortexM0\ARM_GCC_541\Debug\science wow.a(cyutils.o)
                0x00002af4                CySetReg24
 .text.CyGetReg24
                0x00002b08       0x14 .\CortexM0\ARM_GCC_541\Debug\science wow.a(cyutils.o)
                0x00002b08                CyGetReg24
 .text.I2C_I2C_ISR
                0x00002b1c      0x340 .\CortexM0\ARM_GCC_541\Debug\science wow.a(I2C_I2C_INT.o)
                0x00002b1c                I2C_I2C_ISR
 .text.round    0x00002e5c       0xa8 c:/program files (x86)/cypress/psoc creator/4.4/psoc creator/import/gnu/arm/5.4.1/bin/../lib/gcc/arm-none-eabi/5.4.1/../../../../arm-none-eabi/lib/armv6-m\libm.a(lib_a-s_round.o)
                0x00002e5c                round
 .text          0x00002f04      0x1d4 c:/program files (x86)/cypress/psoc creator/4.4/psoc creator/import/gnu/arm/5.4.1/bin/../lib/gcc/arm-none-eabi/5.4.1/armv6-m\libgcc.a(_divsi3.o)
                0x00002f04                __divsi3
                0x00002f04                __aeabi_idiv
                0x000030d0                __aeabi_idivmod
 .text          0x000030d8        0x4 c:/program files (x86)/cypress/psoc creator/4.4/psoc creator/import/gnu/arm/5.4.1/bin/../lib/gcc/arm-none-eabi/5.4.1/armv6-m\libgcc.a(_dvmd_tls.o)
                0x000030d8                __aeabi_idiv0
                0x000030d8                __aeabi_ldiv0
 .text          0x000030dc       0x7c c:/program files (x86)/cypress/psoc creator/4.4/psoc creator/import/gnu/arm/5.4.1/bin/../lib/gcc/arm-none-eabi/5.4.1/armv6-m\libgcc.a(_arm_cmpdf2.o)
                0x000030dc                __aeabi_cdrcmple
                0x000030ec                __aeabi_cdcmple
                0x000030ec                __aeabi_cdcmpeq
                0x000030fc                __aeabi_dcmpeq
                0x00003108                __aeabi_dcmplt
                0x0000311c                __aeabi_dcmple
                0x00003130                __aeabi_dcmpgt
                0x00003144                __aeabi_dcmpge
 .text          0x00003158      0x2ec c:/program files (x86)/cypress/psoc creator/4.4/psoc creator/import/gnu/arm/5.4.1/bin/../lib/gcc/arm-none-eabi/5.4.1/armv6-m\libgcc.a(addsf3.o)
                0x00003158                __aeabi_fadd
 .text          0x00003444      0x234 c:/program files (x86)/cypress/psoc creator/4.4/psoc creator/import/gnu/arm/5.4.1/bin/../lib/gcc/arm-none-eabi/5.4.1/armv6-m\libgcc.a(divsf3.o)
                0x00003444                __aeabi_fdiv
 .text          0x00003678      0x228 c:/program files (x86)/cypress/psoc creator/4.4/psoc creator/import/gnu/arm/5.4.1/bin/../lib/gcc/arm-none-eabi/5.4.1/armv6-m\libgcc.a(mulsf3.o)
                0x00003678                __aeabi_fmul
 .text          0x000038a0      0x30c c:/program files (x86)/cypress/psoc creator/4.4/psoc creator/import/gnu/arm/5.4.1/bin/../lib/gcc/arm-none-eabi/5.4.1/armv6-m\libgcc.a(subsf3.o)
                0x000038a0                __aeabi_fsub
 .text          0x00003bac       0x44 c:/program files (x86)/cypress/psoc creator/4.4/psoc creator/import/gnu/arm/5.4.1/bin/../lib/gcc/arm-none-eabi/5.4.1/armv6-m\libgcc.a(fixsfsi.o)
                0x00003bac                __aeabi_f2iz
 .text          0x00003bf0       0x90 c:/program files (x86)/cypress/psoc creator/4.4/psoc creator/import/gnu/arm/5.4.1/bin/../lib/gcc/arm-none-eabi/5.4.1/armv6-m\libgcc.a(floatsisf.o)
                0x00003bf0                __aeabi_i2f
 .text          0x00003c80      0x658 c:/program files (x86)/cypress/psoc creator/4.4/psoc creator/import/gnu/arm/5.4.1/bin/../lib/gcc/arm-none-eabi/5.4.1/armv6-m\libgcc.a(adddf3.o)
                0x00003c80                __aeabi_dadd
 .text          0x000042d8       0x80 c:/program files (x86)/cypress/psoc creator/4.4/psoc creator/import/gnu/arm/5.4.1/bin/../lib/gcc/arm-none-eabi/5.4.1/armv6-m\libgcc.a(eqdf2.o)
                0x000042d8                __nedf2
                0x000042d8                __eqdf2
 .text          0x00004358       0xc8 c:/program files (x86)/cypress/psoc creator/4.4/psoc creator/import/gnu/arm/5.4.1/bin/../lib/gcc/arm-none-eabi/5.4.1/armv6-m\libgcc.a(gedf2.o)
                0x00004358                __gedf2
                0x00004358                __gtdf2
 .text          0x00004420       0xd4 c:/program files (x86)/cypress/psoc creator/4.4/psoc creator/import/gnu/arm/5.4.1/bin/../lib/gcc/arm-none-eabi/5.4.1/armv6-m\libgcc.a(ledf2.o)
                0x00004420                __ledf2
                0x00004420                __ltdf2
 .text          0x000044f4      0x4f4 c:/program files (x86)/cypress/psoc creator/4.4/psoc creator/import/gnu/arm/5.4.1/bin/../lib/gcc/arm-none-eabi/5.4.1/armv6-m\libgcc.a(muldf3.o)
                0x000044f4                __aeabi_dmul
 .text          0x000049e8      0x6a8 c:/program files (x86)/cypress/psoc creator/4.4/psoc creator/import/gnu/arm/5.4.1/bin/../lib/gcc/arm-none-eabi/5.4.1/armv6-m\libgcc.a(subdf3.o)
                0x000049e8                __aeabi_dsub
 .text          0x00005090       0x84 c:/program files (x86)/cypress/psoc creator/4.4/psoc creator/import/gnu/arm/5.4.1/bin/../lib/gcc/arm-none-eabi/5.4.1/armv6-m\libgcc.a(floatsidf.o)
                0x00005090                __aeabi_i2d
 .text          0x00005114       0xa8 c:/program files (x86)/cypress/psoc creator/4.4/psoc creator/import/gnu/arm/5.4.1/bin/../lib/gcc/arm-none-eabi/5.4.1/armv6-m\libgcc.a(extendsfdf2.o)
                0x00005114                __aeabi_f2d
 .text          0x000051bc      0x118 c:/program files (x86)/cypress/psoc creator/4.4/psoc creator/import/gnu/arm/5.4.1/bin/../lib/gcc/arm-none-eabi/5.4.1/armv6-m\libgcc.a(truncdfsf2.o)
                0x000051bc                __aeabi_d2f
 .text          0x000052d4       0x3c c:/program files (x86)/cypress/psoc creator/4.4/psoc creator/import/gnu/arm/5.4.1/bin/../lib/gcc/arm-none-eabi/5.4.1/armv6-m\libgcc.a(_clzsi2.o)
                0x000052d4                __clzsi2
 .text.__errno  0x00005310        0xc c:/program files (x86)/cypress/psoc creator/4.4/psoc creator/import/gnu/arm/5.4.1/bin/../lib/gcc/arm-none-eabi/5.4.1/../../../../arm-none-eabi/lib/armv6-m\libg_nano.a(lib_a-errno.o)
                0x00005310                __errno
 .text.__libc_init_array
                0x0000531c       0x4c c:/program files (x86)/cypress/psoc creator/4.4/psoc creator/import/gnu/arm/5.4.1/bin/../lib/gcc/arm-none-eabi/5.4.1/../../../../arm-none-eabi/lib/armv6-m\libg_nano.a(lib_a-init.o)
                0x0000531c                __libc_init_array
 .text.memcpy   0x00005368       0x12 c:/program files (x86)/cypress/psoc creator/4.4/psoc creator/import/gnu/arm/5.4.1/bin/../lib/gcc/arm-none-eabi/5.4.1/../../../../arm-none-eabi/lib/armv6-m\libg_nano.a(lib_a-memcpy-stub.o)
                0x00005368                memcpy
 .text.memset   0x0000537a       0x10 c:/program files (x86)/cypress/psoc creator/4.4/psoc creator/import/gnu/arm/5.4.1/bin/../lib/gcc/arm-none-eabi/5.4.1/../../../../arm-none-eabi/lib/armv6-m\libg_nano.a(lib_a-memset.o)
                0x0000537a                memset
 *(.plt)
 *(.gnu.warning)
 *(.glue_7t)
 .glue_7t       0x0000538a        0x0 linker stubs
 *(.glue_7)
 .glue_7        0x0000538a        0x0 linker stubs
 *(.vfp11_veneer)
 .vfp11_veneer  0x0000538a        0x0 linker stubs
 *(.bootloader)
 *(.ARM.extab* .gnu.linkonce.armextab.*)
 *(.gcc_except_table)

.v4_bx          0x0000538c        0x0
 .v4_bx         0x0000538c        0x0 linker stubs

.iplt           0x0000538c        0x0
 .iplt          0x0000538c        0x0 c:/program files (x86)/cypress/psoc creator/4.4/psoc creator/import/gnu/arm/5.4.1/bin/../lib/gcc/arm-none-eabi/5.4.1/armv6-m/crtbegin.o

.eh_frame_hdr
 *(.eh_frame_hdr)

.eh_frame       0x0000538c        0x4
 *(.eh_frame)
 .eh_frame      0x0000538c        0x0 c:/program files (x86)/cypress/psoc creator/4.4/psoc creator/import/gnu/arm/5.4.1/bin/../lib/gcc/arm-none-eabi/5.4.1/armv6-m/crtbegin.o
 .eh_frame      0x0000538c        0x4 c:/program files (x86)/cypress/psoc creator/4.4/psoc creator/import/gnu/arm/5.4.1/bin/../lib/gcc/arm-none-eabi/5.4.1/armv6-m/crtend.o
                [!provide]                PROVIDE (__exidx_start, .)

.ARM.exidx
 *(.ARM.exidx* .gnu.linkonce.armexidx.*)
                0x00005390                __exidx_end = .

.rodata         0x00005390      0x590
 *(.rodata .rodata.* .gnu.linkonce.r.*)
 .rodata        0x00005390        0x2 .\CortexM0\ARM_GCC_541\Debug\PCA9685.o
 *fill*         0x00005392        0x2 
 .rodata        0x00005394        0x2 .\CortexM0\ARM_GCC_541\Debug\sensor.o
 *fill*         0x00005396        0x2 
 .rodata        0x00005398      0x2b4 .\CortexM0\ARM_GCC_541\Debug\cyfitter_cfg.o
 .rodata        0x0000564c      0x160 .\CortexM0\ARM_GCC_541\Debug\science wow.a(CAN.o)
 .rodata        0x000057ac       0x2e .\CortexM0\ARM_GCC_541\Debug\science wow.a(CyLib.o)
                0x000057ac                cyImoFreqMhz2Reg
 *fill*         0x000057da        0x2 
 .rodata        0x000057dc        0xa .\CortexM0\ARM_GCC_541\Debug\science wow.a(ADC.o)
 *fill*         0x000057e6        0x2 
 .rodata        0x000057e8       0x80 c:/program files (x86)/cypress/psoc creator/4.4/psoc creator/import/gnu/arm/5.4.1/bin/../lib/gcc/arm-none-eabi/5.4.1/armv6-m\libgcc.a(divsf3.o)
 .rodata        0x00005868       0x40 c:/program files (x86)/cypress/psoc creator/4.4/psoc creator/import/gnu/arm/5.4.1/bin/../lib/gcc/arm-none-eabi/5.4.1/armv6-m\libgcc.a(mulsf3.o)
 .rodata        0x000058a8       0x40 c:/program files (x86)/cypress/psoc creator/4.4/psoc creator/import/gnu/arm/5.4.1/bin/../lib/gcc/arm-none-eabi/5.4.1/armv6-m\libgcc.a(muldf3.o)
 .rodata.str1.1
                0x000058e8        0x2 c:/program files (x86)/cypress/psoc creator/4.4/psoc creator/import/gnu/arm/5.4.1/bin/../lib/gcc/arm-none-eabi/5.4.1/../../../../arm-none-eabi/lib/armv6-m\libg_nano.a(lib_a-impure.o)
                0x000058ec                . = ALIGN (0x4)
 *fill*         0x000058ea        0x2 
 *(.init)
 .init          0x000058ec        0x4 c:/program files (x86)/cypress/psoc creator/4.4/psoc creator/import/gnu/arm/5.4.1/bin/../lib/gcc/arm-none-eabi/5.4.1/armv6-m/crti.o
                0x000058ec                _init
 .init          0x000058f0        0x8 c:/program files (x86)/cypress/psoc creator/4.4/psoc creator/import/gnu/arm/5.4.1/bin/../lib/gcc/arm-none-eabi/5.4.1/armv6-m/crtn.o
                0x000058f8                . = ALIGN (0x4)
                0x000058f8                __preinit_array_start = .
 *(.preinit_array)
                0x000058f8                __preinit_array_end = .
                0x000058f8                . = ALIGN (0x4)
                0x000058f8                __init_array_start = .
 *(SORT(.init_array.*))
 *(.init_array)
 .init_array    0x000058f8        0x4 c:/program files (x86)/cypress/psoc creator/4.4/psoc creator/import/gnu/arm/5.4.1/bin/../lib/gcc/arm-none-eabi/5.4.1/armv6-m/crtbegin.o
 .init_array    0x000058fc        0x4 .\CortexM0\ARM_GCC_541\Debug\Cm0Start.o
                0x00005900                __init_array_end = .
                0x00005900                . = ALIGN (0x4)
 *(.fini)
 .fini          0x00005900        0x4 c:/program files (x86)/cypress/psoc creator/4.4/psoc creator/import/gnu/arm/5.4.1/bin/../lib/gcc/arm-none-eabi/5.4.1/armv6-m/crti.o
                0x00005900                _fini
 .fini          0x00005904        0x8 c:/program files (x86)/cypress/psoc creator/4.4/psoc creator/import/gnu/arm/5.4.1/bin/../lib/gcc/arm-none-eabi/5.4.1/armv6-m/crtn.o
                0x0000590c                . = ALIGN (0x4)
                0x0000590c                __fini_array_start = .
 *(.fini_array)
 .fini_array    0x0000590c        0x4 c:/program files (x86)/cypress/psoc creator/4.4/psoc creator/import/gnu/arm/5.4.1/bin/../lib/gcc/arm-none-eabi/5.4.1/armv6-m/crtbegin.o
 *(SORT(.fini_array.*))
                0x00005910                __fini_array_end = .
                0x00005910                . = ALIGN (0x4)
 *crtbegin.o(.ctors)
 *(EXCLUDE_FILE(*crtend.o) .ctors)
 *(SORT(.ctors.*))
 *crtend.o(.ctors)
                0x00005910                . = ALIGN (0x4)
 *crtbegin.o(.dtors)
 *(EXCLUDE_FILE(*crtend.o) .dtors)
 *(SORT(.dtors.*))
 *crtend.o(.dtors)
                0x00005910                . = ALIGN (0x4)
                0x00005910                __cy_regions = .
                0x00005910        0x4 LONG 0x5920 __cy_region_init_ram
                0x00005914        0x4 LONG 0x200000c0 __cy_region_start_data
                0x00005918        0x4 LONG 0x80 __cy_region_init_size_ram
                0x0000591c        0x4 LONG 0x1b0 __cy_region_zero_size_ram
                0x00005920                __cy_regions_end = .
                0x00005920                . = ALIGN (0x8)
                0x00005920                _etext = .

.cy_checksum_exclude
                0x00005920        0x0
 *(.cy_checksum_exclude)

.ramvectors     0x20000000       0xc0
                0x20000000                __cy_region_start_ram = .
 *(.ramvectors)
 .ramvectors    0x20000000       0xc0 .\CortexM0\ARM_GCC_541\Debug\Cm0Start.o
                0x20000000                CyRamVectors

.noinit
 *(.noinit)

.data           0x200000c0       0x80 load address 0x00005920
                0x200000c0                __cy_region_start_data = .
 *(.jcr)
 .jcr           0x200000c0        0x0 c:/program files (x86)/cypress/psoc creator/4.4/psoc creator/import/gnu/arm/5.4.1/bin/../lib/gcc/arm-none-eabi/5.4.1/armv6-m/crtbegin.o
 .jcr           0x200000c0        0x4 c:/program files (x86)/cypress/psoc creator/4.4/psoc creator/import/gnu/arm/5.4.1/bin/../lib/gcc/arm-none-eabi/5.4.1/armv6-m/crtend.o
 *(.got.plt)
 *(.got)
 *(.shdata)
 *(.data .data.* .gnu.linkonce.d.*)
 .data          0x200000c4       0x14 .\CortexM0\ARM_GCC_541\Debug\science wow.a(CyLib.o)
                0x200000c4                CySysClkPumpConfig
                0x200000c8                cydelay32kMs
                0x200000cc                cydelayFreqKhz
                0x200000d0                cydelayFreqMhz
                0x200000d4                cydelayFreqHz
 .data.impure_data
                0x200000d8       0x60 c:/program files (x86)/cypress/psoc creator/4.4/psoc creator/import/gnu/arm/5.4.1/bin/../lib/gcc/arm-none-eabi/5.4.1/../../../../arm-none-eabi/lib/armv6-m\libg_nano.a(lib_a-impure.o)
 .data._impure_ptr
                0x20000138        0x4 c:/program files (x86)/cypress/psoc creator/4.4/psoc creator/import/gnu/arm/5.4.1/bin/../lib/gcc/arm-none-eabi/5.4.1/../../../../arm-none-eabi/lib/armv6-m\libg_nano.a(lib_a-impure.o)
                0x20000138                _impure_ptr
                0x20000140                . = ALIGN (0x8)
 *fill*         0x2000013c        0x4 
 *(.ram)
                0x20000140                _edata = .

.igot.plt       0x20000140        0x0 load address 0x000059a0
 .igot.plt      0x20000140        0x0 c:/program files (x86)/cypress/psoc creator/4.4/psoc creator/import/gnu/arm/5.4.1/bin/../lib/gcc/arm-none-eabi/5.4.1/armv6-m/crtbegin.o

.bss            0x20000140      0x1b0 load address 0x000059a0
                0x20000140                PROVIDE (__bss_start__, .)
 *(.shbss)
 *(.bss .bss.* .gnu.linkonce.b.*)
 .bss           0x20000140       0x1c c:/program files (x86)/cypress/psoc creator/4.4/psoc creator/import/gnu/arm/5.4.1/bin/../lib/gcc/arm-none-eabi/5.4.1/armv6-m/crtbegin.o
 .bss           0x2000015c        0x4 .\CortexM0\ARM_GCC_541\Debug\PortPSOC_CY8C4248AZI_L485.o
                0x2000015c                latestMessageFull
                0x2000015d                latestMessageHead
                0x2000015e                latestMessageTail
                0x2000015f                messageReadFlag
 .bss           0x20000160        0x2 .\CortexM0\ARM_GCC_541\Debug\main.o
                0x20000160                CAN_time_LED
                0x20000161                ERRORTimeLED
 .bss           0x20000162        0x1 .\CortexM0\ARM_GCC_541\Debug\science wow.a(CAN.o)
                0x20000162                CAN_initVar
 *fill*         0x20000163        0x1 
 .bss           0x20000164       0x20 .\CortexM0\ARM_GCC_541\Debug\science wow.a(CyLib.o)
                0x20000164                CySysClkImoTrim4
                0x20000168                CySysClkImoTrim5
                0x20000180                CySysTickInitVar
 .bss           0x20000184        0x1 .\CortexM0\ARM_GCC_541\Debug\science wow.a(ADC.o)
                0x20000184                ADC_initVar
 *fill*         0x20000185        0x3 
 .bss           0x20000188        0x8 .\CortexM0\ARM_GCC_541\Debug\science wow.a(I2C.o)
                0x20000188                I2C_initVar
                0x2000018c                I2C_customIntrHandler
 .bss           0x20000190        0x1 .\CortexM0\ARM_GCC_541\Debug\science wow.a(QuadDec_1.o)
                0x20000190                QuadDec_1_initVar
 .bss           0x20000191        0x1 .\CortexM0\ARM_GCC_541\Debug\science wow.a(QuadDec_2.o)
                0x20000191                QuadDec_2_initVar
 .bss           0x20000192        0x4 .\CortexM0\ARM_GCC_541\Debug\science wow.a(UART.o)
                0x20000192                UART_initVar
                0x20000194                UART_IntrTxMask
 .bss           0x20000196        0x1 .\CortexM0\ARM_GCC_541\Debug\science wow.a(Timer_1ms.o)
                0x20000196                Timer_1ms_initVar
 .bss           0x20000197        0x1 .\CortexM0\ARM_GCC_541\Debug\science wow.a(Timer_LEDs.o)
                0x20000197                Timer_LEDs_initVar
 *(COMMON)
 COMMON         0x20000198       0xd8 .\CortexM0\ARM_GCC_541\Debug\PortPSOC_CY8C4248AZI_L485.o
                0x20000198                deviceGroup
                0x2000019c                rxMailbox
                0x200001ac                deviceAddress
                0x200001b0                latestMessage
 COMMON         0x20000270       0x44 .\CortexM0\ARM_GCC_541\Debug\main.o
                0x20000270                first_cup_pos
                0x20000271                has_moved
                0x20000274                can_send
                0x20000280                moving
                0x20000284                current
                0x20000290                target_cup_pos
                0x20000298                target_encoder_val
                0x200002a0                ideal_encoder_val
                0x200002a8                encoder_val
                0x200002ac                curr_power
                0x200002b0                time_ms
 COMMON         0x200002b4        0x4 .\CortexM0\ARM_GCC_541\Debug\Milliseconds.o
                0x200002b4                milliseconds
 COMMON         0x200002b8        0xc .\CortexM0\ARM_GCC_541\Debug\science wow.a(ADC.o)
                0x200002b8                ADC_countsPer10Volt
                0x200002c0                ADC_offset
 COMMON         0x200002c4        0x1 .\CortexM0\ARM_GCC_541\Debug\science wow.a(I2C_I2C.o)
                0x200002c4                I2C_state
 *fill*         0x200002c5        0x3 
 COMMON         0x200002c8       0x24 .\CortexM0\ARM_GCC_541\Debug\science wow.a(I2C_I2C_MASTER.o)
                0x200002c8                I2C_mstrWrBufIndexTmp
                0x200002cc                I2C_mstrWrBufIndex
                0x200002d0                I2C_mstrWrBufSize
                0x200002d4                I2C_mstrStatus
                0x200002d8                I2C_mstrRdBufPtr
                0x200002dc                I2C_mstrControl
                0x200002e0                I2C_mstrRdBufSize
                0x200002e4                I2C_mstrRdBufIndex
                0x200002e8                I2C_mstrWrBufPtr
                0x200002f0                . = ALIGN (0x8)
 *fill*         0x200002ec        0x4 
 *(.ram.b)
                0x200002f0                _end = .
                0x200002f0                __end = .
                0x200002f0                PROVIDE (end, .)
                0x200002f0                PROVIDE (__bss_end__, .)
                0x00005920                __cy_region_init_ram = LOADADDR (.data)
                0x00000080                __cy_region_init_size_ram = (_edata - ADDR (.data))
                0x000001b0                __cy_region_zero_size_ram = (_end - _edata)

.heap           0x200002f0       0x80 load address 0x000059a0
                0x200002f0                . = _end
                0x20000370                . = (. + 0x80)
 *fill*         0x200002f0       0x80 
                0x20000370                __cy_heap_limit = .

.stack          0x20007800      0x800
                0x20007800                __cy_stack_limit = .
                0x20008000                . = (. + 0x800)
 *fill*         0x20007800      0x800 
                0x00000001                ASSERT ((__cy_stack_limit >= __cy_heap_limit), region RAM overflowed with stack)
                0x00000000                cy_checksum_exclude_size = (CY_APPL_LOADABLE == 0x1)?SIZEOF (.cy_checksum_exclude):0x0
                0x00000001                ASSERT ((cy_checksum_exclude_size <= CY_CHECKSUM_EXCLUDE_SIZE), CY_BOOT: Section .cy_checksum_exclude size exceedes specified limit.)
                0x0003ffc0                cyloadermeta_start = (cy_project_type_bootloader || cy_project_type_app_for_stack_and_copier)?(LENGTH (rom) - CY_METADATA_SIZE):0xf0000000

.cyloadermeta
 *(.cyloadermeta)
                0x0003ffc0                cyloadablemeta_start = cy_project_type_app_for_stack_and_copier?((LENGTH (rom) - CY_FLASH_ROW_SIZE) - CY_METADATA_SIZE):((LENGTH (rom) - (CY_FLASH_ROW_SIZE * (CY_APPL_NUM - 0x1))) - CY_METADATA_SIZE)

.cyloadablemeta
 *(.cyloadablemeta)

.cyflashprotect
                0x90400000       0x80
 *(.cyflashprotect)
 .cyflashprotect
                0x90400000       0x80 .\CortexM0\ARM_GCC_541\Debug\cymetadata.o
                0x90400000                cy_meta_flashprotect

.cymeta         0x90500000        0xc
 *(.cymeta)
 .cymeta        0x90500000        0xc .\CortexM0\ARM_GCC_541\Debug\cymetadata.o
                0x90500000                cy_metadata

.cychipprotect  0x90600000        0x1
 *(.cychipprotect)
 .cychipprotect
                0x90600000        0x1 .\CortexM0\ARM_GCC_541\Debug\cymetadata.o
                0x90600000                cy_meta_chipprotect

.rel.dyn        0x000059a0        0x0 load address 0x90600004
 .rel.iplt      0x000059a0        0x0 c:/program files (x86)/cypress/psoc creator/4.4/psoc creator/import/gnu/arm/5.4.1/bin/../lib/gcc/arm-none-eabi/5.4.1/armv6-m/crtbegin.o

.stab
 *(.stab)

.stabstr
 *(.stabstr)

.debug
 *(.debug)

.line
 *(.line)

.debug_srcinfo
 *(.debug_srcinfo)

.debug_sfnames
 *(.debug_sfnames)

.debug_aranges  0x00000000     0x15f8
 *(.debug_aranges)
 .debug_aranges
                0x00000000       0xc0 .\CortexM0\ARM_GCC_541\Debug\CANCommon.o
 .debug_aranges
                0x000000c0       0x88 .\CortexM0\ARM_GCC_541\Debug\CANGPIO.o
 .debug_aranges
                0x00000148       0x18 .\CortexM0\ARM_GCC_541\Debug\CANLocalization.o
 .debug_aranges
                0x00000160      0x110 .\CortexM0\ARM_GCC_541\Debug\CANMotorUnit.o
 .debug_aranges
                0x00000270       0xa8 .\CortexM0\ARM_GCC_541\Debug\CANPacket.o
 .debug_aranges
                0x00000318       0x40 .\CortexM0\ARM_GCC_541\Debug\CANPower.o
 .debug_aranges
                0x00000358       0x50 .\CortexM0\ARM_GCC_541\Debug\CANScience.o
 .debug_aranges
                0x000003a8       0x68 .\CortexM0\ARM_GCC_541\Debug\PortPSOC_CY8C4248AZI_L485.o
 .debug_aranges
                0x00000410       0x60 .\CortexM0\ARM_GCC_541\Debug\PCA9685.o
 .debug_aranges
                0x00000470       0x38 .\CortexM0\ARM_GCC_541\Debug\main.o
 .debug_aranges
                0x000004a8       0x50 .\CortexM0\ARM_GCC_541\Debug\sensor.o
 .debug_aranges
                0x000004f8       0x38 .\CortexM0\ARM_GCC_541\Debug\servo.o
 .debug_aranges
                0x00000530       0x28 .\CortexM0\ARM_GCC_541\Debug\Milliseconds.o
 .debug_aranges
                0x00000558       0x48 .\CortexM0\ARM_GCC_541\Debug\cyfitter_cfg.o
 .debug_aranges
                0x000005a0       0x18 .\CortexM0\ARM_GCC_541\Debug\cymetadata.o
 .debug_aranges
                0x000005b8       0x48 .\CortexM0\ARM_GCC_541\Debug\Cm0Start.o
 .debug_aranges
                0x00000600       0xe8 .\CortexM0\ARM_GCC_541\Debug\science wow.a(CAN.o)
 .debug_aranges
                0x000006e8       0x20 .\CortexM0\ARM_GCC_541\Debug\science wow.a(CAN_INT.o)
 .debug_aranges
                0x00000708       0x30 .\CortexM0\ARM_GCC_541\Debug\science wow.a(CAN_TX_RX_func.o)
 .debug_aranges
                0x00000738      0x270 .\CortexM0\ARM_GCC_541\Debug\science wow.a(CyLib.o)
 .debug_aranges
                0x000009a8      0x188 .\CortexM0\ARM_GCC_541\Debug\science wow.a(CyLFClk.o)
 .debug_aranges
                0x00000b30       0x48 .\CortexM0\ARM_GCC_541\Debug\science wow.a(DBG_LED.o)
 .debug_aranges
                0x00000b78       0x48 .\CortexM0\ARM_GCC_541\Debug\science wow.a(ERR_LED.o)
 .debug_aranges
                0x00000bc0       0x48 .\CortexM0\ARM_GCC_541\Debug\science wow.a(CAN_LED.o)
 .debug_aranges
                0x00000c08       0xa8 .\CortexM0\ARM_GCC_541\Debug\science wow.a(ADC.o)
 .debug_aranges
                0x00000cb0       0x20 .\CortexM0\ARM_GCC_541\Debug\science wow.a(ADC_INT.o)
 .debug_aranges
                0x00000cd0       0x60 .\CortexM0\ARM_GCC_541\Debug\science wow.a(I2C.o)
 .debug_aranges
                0x00000d30       0x30 .\CortexM0\ARM_GCC_541\Debug\science wow.a(I2C_I2C.o)
 .debug_aranges
                0x00000d60       0x98 .\CortexM0\ARM_GCC_541\Debug\science wow.a(I2C_I2C_MASTER.o)
 .debug_aranges
                0x00000df8       0x40 .\CortexM0\ARM_GCC_541\Debug\science wow.a(Status_Reg_LIM.o)
 .debug_aranges
                0x00000e38       0x80 .\CortexM0\ARM_GCC_541\Debug\science wow.a(isr_LIM.o)
 .debug_aranges
                0x00000eb8      0x158 .\CortexM0\ARM_GCC_541\Debug\science wow.a(QuadDec_1.o)
 .debug_aranges
                0x00001010      0x158 .\CortexM0\ARM_GCC_541\Debug\science wow.a(QuadDec_2.o)
 .debug_aranges
                0x00001168       0x58 .\CortexM0\ARM_GCC_541\Debug\science wow.a(UART.o)
 .debug_aranges
                0x000011c0       0x90 .\CortexM0\ARM_GCC_541\Debug\science wow.a(UART_UART.o)
 .debug_aranges
                0x00001250       0x90 .\CortexM0\ARM_GCC_541\Debug\science wow.a(Timer_1ms.o)
 .debug_aranges
                0x000012e0       0x80 .\CortexM0\ARM_GCC_541\Debug\science wow.a(isr_1ms.o)
 .debug_aranges
                0x00001360       0x80 .\CortexM0\ARM_GCC_541\Debug\science wow.a(CC2_isr.o)
 .debug_aranges
                0x000013e0       0x90 .\CortexM0\ARM_GCC_541\Debug\science wow.a(Timer_LEDs.o)
 .debug_aranges
                0x00001470       0x80 .\CortexM0\ARM_GCC_541\Debug\science wow.a(isr_LEDs.o)
 .debug_aranges
                0x000014f0       0x20 .\CortexM0\ARM_GCC_541\Debug\science wow.a(CyBootAsmGnu.o)
 .debug_aranges
                0x00001510       0x40 .\CortexM0\ARM_GCC_541\Debug\science wow.a(CyFlash.o)
 .debug_aranges
                0x00001550       0x28 .\CortexM0\ARM_GCC_541\Debug\science wow.a(cyutils.o)
 .debug_aranges
                0x00001578       0x20 .\CortexM0\ARM_GCC_541\Debug\science wow.a(I2C_I2C_INT.o)
 .debug_aranges
                0x00001598       0x60 .\CortexM0\ARM_GCC_541\Debug\science wow.a(UART_SPI_UART.o)

.debug_pubnames
 *(.debug_pubnames)

.debug_info     0x00000000     0xd5e1
 *(.debug_info .gnu.linkonce.wi.*)
 .debug_info    0x00000000      0xa46 .\CortexM0\ARM_GCC_541\Debug\CANCommon.o
 .debug_info    0x00000a46      0x60d .\CortexM0\ARM_GCC_541\Debug\CANGPIO.o
 .debug_info    0x00001053       0x6b .\CortexM0\ARM_GCC_541\Debug\CANLocalization.o
 .debug_info    0x000010be      0xe62 .\CortexM0\ARM_GCC_541\Debug\CANMotorUnit.o
 .debug_info    0x00001f20      0x641 .\CortexM0\ARM_GCC_541\Debug\CANPacket.o
 .debug_info    0x00002561      0x2ff .\CortexM0\ARM_GCC_541\Debug\CANPower.o
 .debug_info    0x00002860      0x353 .\CortexM0\ARM_GCC_541\Debug\CANScience.o
 .debug_info    0x00002bb3      0x639 .\CortexM0\ARM_GCC_541\Debug\PortPSOC_CY8C4248AZI_L485.o
 .debug_info    0x000031ec      0x552 .\CortexM0\ARM_GCC_541\Debug\PCA9685.o
 .debug_info    0x0000373e      0x910 .\CortexM0\ARM_GCC_541\Debug\main.o
 .debug_info    0x0000404e      0x720 .\CortexM0\ARM_GCC_541\Debug\sensor.o
 .debug_info    0x0000476e      0x252 .\CortexM0\ARM_GCC_541\Debug\servo.o
 .debug_info    0x000049c0       0xf6 .\CortexM0\ARM_GCC_541\Debug\Milliseconds.o
 .debug_info    0x00004ab6      0x3db .\CortexM0\ARM_GCC_541\Debug\cyfitter_cfg.o
 .debug_info    0x00004e91       0xf8 .\CortexM0\ARM_GCC_541\Debug\cymetadata.o
 .debug_info    0x00004f89      0x3a2 .\CortexM0\ARM_GCC_541\Debug\Cm0Start.o
 .debug_info    0x0000532b      0x9c6 .\CortexM0\ARM_GCC_541\Debug\science wow.a(CAN.o)
 .debug_info    0x00005cf1       0xa0 .\CortexM0\ARM_GCC_541\Debug\science wow.a(CAN_INT.o)
 .debug_info    0x00005d91      0x37e .\CortexM0\ARM_GCC_541\Debug\science wow.a(CAN_TX_RX_func.o)
 .debug_info    0x0000610f     0x17e4 .\CortexM0\ARM_GCC_541\Debug\science wow.a(CyLib.o)
 .debug_info    0x000078f3     0x1058 .\CortexM0\ARM_GCC_541\Debug\science wow.a(CyLFClk.o)
 .debug_info    0x0000894b      0x19d .\CortexM0\ARM_GCC_541\Debug\science wow.a(DBG_LED.o)
 .debug_info    0x00008ae8      0x19d .\CortexM0\ARM_GCC_541\Debug\science wow.a(ERR_LED.o)
 .debug_info    0x00008c85      0x19d .\CortexM0\ARM_GCC_541\Debug\science wow.a(CAN_LED.o)
 .debug_info    0x00008e22      0x5a5 .\CortexM0\ARM_GCC_541\Debug\science wow.a(ADC.o)
 .debug_info    0x000093c7       0xcb .\CortexM0\ARM_GCC_541\Debug\science wow.a(ADC_INT.o)
 .debug_info    0x00009492      0x298 .\CortexM0\ARM_GCC_541\Debug\science wow.a(I2C.o)
 .debug_info    0x0000972a      0x195 .\CortexM0\ARM_GCC_541\Debug\science wow.a(I2C_I2C.o)
 .debug_info    0x000098bf      0x813 .\CortexM0\ARM_GCC_541\Debug\science wow.a(I2C_I2C_MASTER.o)
 .debug_info    0x0000a0d2      0x17f .\CortexM0\ARM_GCC_541\Debug\science wow.a(Status_Reg_LIM.o)
 .debug_info    0x0000a251      0x305 .\CortexM0\ARM_GCC_541\Debug\science wow.a(isr_LIM.o)
 .debug_info    0x0000a556      0x90b .\CortexM0\ARM_GCC_541\Debug\science wow.a(QuadDec_1.o)
 .debug_info    0x0000ae61      0x90b .\CortexM0\ARM_GCC_541\Debug\science wow.a(QuadDec_2.o)
 .debug_info    0x0000b76c      0x23a .\CortexM0\ARM_GCC_541\Debug\science wow.a(UART.o)
 .debug_info    0x0000b9a6      0x3b5 .\CortexM0\ARM_GCC_541\Debug\science wow.a(UART_UART.o)
 .debug_info    0x0000bd5b      0x2ee .\CortexM0\ARM_GCC_541\Debug\science wow.a(Timer_1ms.o)
 .debug_info    0x0000c049      0x305 .\CortexM0\ARM_GCC_541\Debug\science wow.a(isr_1ms.o)
 .debug_info    0x0000c34e      0x305 .\CortexM0\ARM_GCC_541\Debug\science wow.a(CC2_isr.o)
 .debug_info    0x0000c653      0x386 .\CortexM0\ARM_GCC_541\Debug\science wow.a(Timer_LEDs.o)
 .debug_info    0x0000c9d9      0x305 .\CortexM0\ARM_GCC_541\Debug\science wow.a(isr_LEDs.o)
 .debug_info    0x0000ccde       0x9e .\CortexM0\ARM_GCC_541\Debug\science wow.a(CyBootAsmGnu.o)
 .debug_info    0x0000cd7c      0x352 .\CortexM0\ARM_GCC_541\Debug\science wow.a(CyFlash.o)
 .debug_info    0x0000d0ce      0x14b .\CortexM0\ARM_GCC_541\Debug\science wow.a(cyutils.o)
 .debug_info    0x0000d219      0x1a8 .\CortexM0\ARM_GCC_541\Debug\science wow.a(I2C_I2C_INT.o)
 .debug_info    0x0000d3c1      0x220 .\CortexM0\ARM_GCC_541\Debug\science wow.a(UART_SPI_UART.o)

.debug_abbrev   0x00000000     0x3611
 *(.debug_abbrev)
 .debug_abbrev  0x00000000      0x149 .\CortexM0\ARM_GCC_541\Debug\CANCommon.o
 .debug_abbrev  0x00000149      0x106 .\CortexM0\ARM_GCC_541\Debug\CANGPIO.o
 .debug_abbrev  0x0000024f       0x26 .\CortexM0\ARM_GCC_541\Debug\CANLocalization.o
 .debug_abbrev  0x00000275      0x18e .\CortexM0\ARM_GCC_541\Debug\CANMotorUnit.o
 .debug_abbrev  0x00000403      0x16f .\CortexM0\ARM_GCC_541\Debug\CANPacket.o
 .debug_abbrev  0x00000572      0x124 .\CortexM0\ARM_GCC_541\Debug\CANPower.o
 .debug_abbrev  0x00000696       0xfe .\CortexM0\ARM_GCC_541\Debug\CANScience.o
 .debug_abbrev  0x00000794      0x1ad .\CortexM0\ARM_GCC_541\Debug\PortPSOC_CY8C4248AZI_L485.o
 .debug_abbrev  0x00000941      0x18c .\CortexM0\ARM_GCC_541\Debug\PCA9685.o
 .debug_abbrev  0x00000acd      0x1a4 .\CortexM0\ARM_GCC_541\Debug\main.o
 .debug_abbrev  0x00000c71      0x1ec .\CortexM0\ARM_GCC_541\Debug\sensor.o
 .debug_abbrev  0x00000e5d       0xee .\CortexM0\ARM_GCC_541\Debug\servo.o
 .debug_abbrev  0x00000f4b       0xa7 .\CortexM0\ARM_GCC_541\Debug\Milliseconds.o
 .debug_abbrev  0x00000ff2      0x1cb .\CortexM0\ARM_GCC_541\Debug\cyfitter_cfg.o
 .debug_abbrev  0x000011bd       0x5d .\CortexM0\ARM_GCC_541\Debug\cymetadata.o
 .debug_abbrev  0x0000121a      0x1d7 .\CortexM0\ARM_GCC_541\Debug\Cm0Start.o
 .debug_abbrev  0x000013f1      0x186 .\CortexM0\ARM_GCC_541\Debug\science wow.a(CAN.o)
 .debug_abbrev  0x00001577       0x42 .\CortexM0\ARM_GCC_541\Debug\science wow.a(CAN_INT.o)
 .debug_abbrev  0x000015b9      0x159 .\CortexM0\ARM_GCC_541\Debug\science wow.a(CAN_TX_RX_func.o)
 .debug_abbrev  0x00001712      0x293 .\CortexM0\ARM_GCC_541\Debug\science wow.a(CyLib.o)
 .debug_abbrev  0x000019a5      0x248 .\CortexM0\ARM_GCC_541\Debug\science wow.a(CyLFClk.o)
 .debug_abbrev  0x00001bed       0xc8 .\CortexM0\ARM_GCC_541\Debug\science wow.a(DBG_LED.o)
 .debug_abbrev  0x00001cb5       0xc8 .\CortexM0\ARM_GCC_541\Debug\science wow.a(ERR_LED.o)
 .debug_abbrev  0x00001d7d       0xc8 .\CortexM0\ARM_GCC_541\Debug\science wow.a(CAN_LED.o)
 .debug_abbrev  0x00001e45      0x19e .\CortexM0\ARM_GCC_541\Debug\science wow.a(ADC.o)
 .debug_abbrev  0x00001fe3       0x65 .\CortexM0\ARM_GCC_541\Debug\science wow.a(ADC_INT.o)
 .debug_abbrev  0x00002048      0x118 .\CortexM0\ARM_GCC_541\Debug\science wow.a(I2C.o)
 .debug_abbrev  0x00002160       0xc7 .\CortexM0\ARM_GCC_541\Debug\science wow.a(I2C_I2C.o)
 .debug_abbrev  0x00002227      0x1c2 .\CortexM0\ARM_GCC_541\Debug\science wow.a(I2C_I2C_MASTER.o)
 .debug_abbrev  0x000023e9       0xac .\CortexM0\ARM_GCC_541\Debug\science wow.a(Status_Reg_LIM.o)
 .debug_abbrev  0x00002495      0x19a .\CortexM0\ARM_GCC_541\Debug\science wow.a(isr_LIM.o)
 .debug_abbrev  0x0000262f      0x119 .\CortexM0\ARM_GCC_541\Debug\science wow.a(QuadDec_1.o)
 .debug_abbrev  0x00002748      0x119 .\CortexM0\ARM_GCC_541\Debug\science wow.a(QuadDec_2.o)
 .debug_abbrev  0x00002861       0xd5 .\CortexM0\ARM_GCC_541\Debug\science wow.a(UART.o)
 .debug_abbrev  0x00002936      0x132 .\CortexM0\ARM_GCC_541\Debug\science wow.a(UART_UART.o)
 .debug_abbrev  0x00002a68      0x12b .\CortexM0\ARM_GCC_541\Debug\science wow.a(Timer_1ms.o)
 .debug_abbrev  0x00002b93      0x19a .\CortexM0\ARM_GCC_541\Debug\science wow.a(isr_1ms.o)
 .debug_abbrev  0x00002d2d      0x19a .\CortexM0\ARM_GCC_541\Debug\science wow.a(CC2_isr.o)
 .debug_abbrev  0x00002ec7      0x167 .\CortexM0\ARM_GCC_541\Debug\science wow.a(Timer_LEDs.o)
 .debug_abbrev  0x0000302e      0x19a .\CortexM0\ARM_GCC_541\Debug\science wow.a(isr_LEDs.o)
 .debug_abbrev  0x000031c8       0x14 .\CortexM0\ARM_GCC_541\Debug\science wow.a(CyBootAsmGnu.o)
 .debug_abbrev  0x000031dc      0x182 .\CortexM0\ARM_GCC_541\Debug\science wow.a(CyFlash.o)
 .debug_abbrev  0x0000335e       0xc0 .\CortexM0\ARM_GCC_541\Debug\science wow.a(cyutils.o)
 .debug_abbrev  0x0000341e       0xa4 .\CortexM0\ARM_GCC_541\Debug\science wow.a(I2C_I2C_INT.o)
 .debug_abbrev  0x000034c2      0x14f .\CortexM0\ARM_GCC_541\Debug\science wow.a(UART_SPI_UART.o)

.debug_line     0x00000000     0x583d
 *(.debug_line)
 .debug_line    0x00000000      0x300 .\CortexM0\ARM_GCC_541\Debug\CANCommon.o
 .debug_line    0x00000300      0x25b .\CortexM0\ARM_GCC_541\Debug\CANGPIO.o
 .debug_line    0x0000055b       0x1d .\CortexM0\ARM_GCC_541\Debug\CANLocalization.o
 .debug_line    0x00000578      0x3ae .\CortexM0\ARM_GCC_541\Debug\CANMotorUnit.o
 .debug_line    0x00000926      0x2e9 .\CortexM0\ARM_GCC_541\Debug\CANPacket.o
 .debug_line    0x00000c0f      0x1aa .\CortexM0\ARM_GCC_541\Debug\CANPower.o
 .debug_line    0x00000db9      0x1d2 .\CortexM0\ARM_GCC_541\Debug\CANScience.o
 .debug_line    0x00000f8b      0x30d .\CortexM0\ARM_GCC_541\Debug\PortPSOC_CY8C4248AZI_L485.o
 .debug_line    0x00001298      0x222 .\CortexM0\ARM_GCC_541\Debug\PCA9685.o
 .debug_line    0x000014ba      0x3da .\CortexM0\ARM_GCC_541\Debug\main.o
 .debug_line    0x00001894      0x295 .\CortexM0\ARM_GCC_541\Debug\sensor.o
 .debug_line    0x00001b29      0x1d2 .\CortexM0\ARM_GCC_541\Debug\servo.o
 .debug_line    0x00001cfb       0x83 .\CortexM0\ARM_GCC_541\Debug\Milliseconds.o
 .debug_line    0x00001d7e      0x1b2 .\CortexM0\ARM_GCC_541\Debug\cyfitter_cfg.o
 .debug_line    0x00001f30      0x141 .\CortexM0\ARM_GCC_541\Debug\cymetadata.o
 .debug_line    0x00002071      0x236 .\CortexM0\ARM_GCC_541\Debug\Cm0Start.o
 .debug_line    0x000022a7      0x3e7 .\CortexM0\ARM_GCC_541\Debug\science wow.a(CAN.o)
 .debug_line    0x0000268e       0x53 .\CortexM0\ARM_GCC_541\Debug\science wow.a(CAN_INT.o)
 .debug_line    0x000026e1       0xfc .\CortexM0\ARM_GCC_541\Debug\science wow.a(CAN_TX_RX_func.o)
 .debug_line    0x000027dd      0x8ef .\CortexM0\ARM_GCC_541\Debug\science wow.a(CyLib.o)
 .debug_line    0x000030cc      0x5d1 .\CortexM0\ARM_GCC_541\Debug\science wow.a(CyLFClk.o)
 .debug_line    0x0000369d       0xbf .\CortexM0\ARM_GCC_541\Debug\science wow.a(DBG_LED.o)
 .debug_line    0x0000375c       0xbf .\CortexM0\ARM_GCC_541\Debug\science wow.a(ERR_LED.o)
 .debug_line    0x0000381b       0xbf .\CortexM0\ARM_GCC_541\Debug\science wow.a(CAN_LED.o)
 .debug_line    0x000038da      0x292 .\CortexM0\ARM_GCC_541\Debug\science wow.a(ADC.o)
 .debug_line    0x00003b6c       0x62 .\CortexM0\ARM_GCC_541\Debug\science wow.a(ADC_INT.o)
 .debug_line    0x00003bce      0x124 .\CortexM0\ARM_GCC_541\Debug\science wow.a(I2C.o)
 .debug_line    0x00003cf2       0xc2 .\CortexM0\ARM_GCC_541\Debug\science wow.a(I2C_I2C.o)
 .debug_line    0x00003db4      0x2fc .\CortexM0\ARM_GCC_541\Debug\science wow.a(I2C_I2C_MASTER.o)
 .debug_line    0x000040b0       0xbd .\CortexM0\ARM_GCC_541\Debug\science wow.a(Status_Reg_LIM.o)
 .debug_line    0x0000416d      0x153 .\CortexM0\ARM_GCC_541\Debug\science wow.a(isr_LIM.o)
 .debug_line    0x000042c0      0x378 .\CortexM0\ARM_GCC_541\Debug\science wow.a(QuadDec_1.o)
 .debug_line    0x00004638      0x378 .\CortexM0\ARM_GCC_541\Debug\science wow.a(QuadDec_2.o)
 .debug_line    0x000049b0      0x108 .\CortexM0\ARM_GCC_541\Debug\science wow.a(UART.o)
 .debug_line    0x00004ab8      0x1cf .\CortexM0\ARM_GCC_541\Debug\science wow.a(UART_UART.o)
 .debug_line    0x00004c87      0x17d .\CortexM0\ARM_GCC_541\Debug\science wow.a(Timer_1ms.o)
 .debug_line    0x00004e04      0x14f .\CortexM0\ARM_GCC_541\Debug\science wow.a(isr_1ms.o)
 .debug_line    0x00004f53      0x153 .\CortexM0\ARM_GCC_541\Debug\science wow.a(CC2_isr.o)
 .debug_line    0x000050a6      0x17e .\CortexM0\ARM_GCC_541\Debug\science wow.a(Timer_LEDs.o)
 .debug_line    0x00005224      0x154 .\CortexM0\ARM_GCC_541\Debug\science wow.a(isr_LEDs.o)
 .debug_line    0x00005378       0x68 .\CortexM0\ARM_GCC_541\Debug\science wow.a(CyBootAsmGnu.o)
 .debug_line    0x000053e0      0x173 .\CortexM0\ARM_GCC_541\Debug\science wow.a(CyFlash.o)
 .debug_line    0x00005553       0x74 .\CortexM0\ARM_GCC_541\Debug\science wow.a(cyutils.o)
 .debug_line    0x000055c7      0x15c .\CortexM0\ARM_GCC_541\Debug\science wow.a(I2C_I2C_INT.o)
 .debug_line    0x00005723      0x11a .\CortexM0\ARM_GCC_541\Debug\science wow.a(UART_SPI_UART.o)

.debug_frame    0x00000000     0x3b90
 *(.debug_frame)
 .debug_frame   0x00000000      0x27c .\CortexM0\ARM_GCC_541\Debug\CANCommon.o
 .debug_frame   0x0000027c      0x178 .\CortexM0\ARM_GCC_541\Debug\CANGPIO.o
 .debug_frame   0x000003f4      0x360 .\CortexM0\ARM_GCC_541\Debug\CANMotorUnit.o
 .debug_frame   0x00000754      0x1a4 .\CortexM0\ARM_GCC_541\Debug\CANPacket.o
 .debug_frame   0x000008f8       0x8c .\CortexM0\ARM_GCC_541\Debug\CANPower.o
 .debug_frame   0x00000984       0xb0 .\CortexM0\ARM_GCC_541\Debug\CANScience.o
 .debug_frame   0x00000a34       0xfc .\CortexM0\ARM_GCC_541\Debug\PortPSOC_CY8C4248AZI_L485.o
 .debug_frame   0x00000b30      0x108 .\CortexM0\ARM_GCC_541\Debug\PCA9685.o
 .debug_frame   0x00000c38       0x90 .\CortexM0\ARM_GCC_541\Debug\main.o
 .debug_frame   0x00000cc8       0xf8 .\CortexM0\ARM_GCC_541\Debug\sensor.o
 .debug_frame   0x00000dc0       0x7c .\CortexM0\ARM_GCC_541\Debug\servo.o
 .debug_frame   0x00000e3c       0x3c .\CortexM0\ARM_GCC_541\Debug\Milliseconds.o
 .debug_frame   0x00000e78       0xb4 .\CortexM0\ARM_GCC_541\Debug\cyfitter_cfg.o
 .debug_frame   0x00000f2c       0xbc .\CortexM0\ARM_GCC_541\Debug\Cm0Start.o
 .debug_frame   0x00000fe8      0x238 .\CortexM0\ARM_GCC_541\Debug\science wow.a(CAN.o)
 .debug_frame   0x00001220       0x20 .\CortexM0\ARM_GCC_541\Debug\science wow.a(CAN_INT.o)
 .debug_frame   0x00001240       0x60 .\CortexM0\ARM_GCC_541\Debug\science wow.a(CAN_TX_RX_func.o)
 .debug_frame   0x000012a0      0x718 .\CortexM0\ARM_GCC_541\Debug\science wow.a(CyLib.o)
 .debug_frame   0x000019b8      0x4a4 .\CortexM0\ARM_GCC_541\Debug\science wow.a(CyLFClk.o)
 .debug_frame   0x00001e5c       0x70 .\CortexM0\ARM_GCC_541\Debug\science wow.a(DBG_LED.o)
 .debug_frame   0x00001ecc       0x70 .\CortexM0\ARM_GCC_541\Debug\science wow.a(ERR_LED.o)
 .debug_frame   0x00001f3c       0x70 .\CortexM0\ARM_GCC_541\Debug\science wow.a(CAN_LED.o)
 .debug_frame   0x00001fac      0x1b0 .\CortexM0\ARM_GCC_541\Debug\science wow.a(ADC.o)
 .debug_frame   0x0000215c       0x20 .\CortexM0\ARM_GCC_541\Debug\science wow.a(ADC_INT.o)
 .debug_frame   0x0000217c       0xe8 .\CortexM0\ARM_GCC_541\Debug\science wow.a(I2C.o)
 .debug_frame   0x00002264       0x58 .\CortexM0\ARM_GCC_541\Debug\science wow.a(I2C_I2C.o)
 .debug_frame   0x000022bc      0x1d8 .\CortexM0\ARM_GCC_541\Debug\science wow.a(I2C_I2C_MASTER.o)
 .debug_frame   0x00002494       0x78 .\CortexM0\ARM_GCC_541\Debug\science wow.a(Status_Reg_LIM.o)
 .debug_frame   0x0000250c      0x110 .\CortexM0\ARM_GCC_541\Debug\science wow.a(isr_LIM.o)
 .debug_frame   0x0000261c      0x3a0 .\CortexM0\ARM_GCC_541\Debug\science wow.a(QuadDec_1.o)
 .debug_frame   0x000029bc      0x3a0 .\CortexM0\ARM_GCC_541\Debug\science wow.a(QuadDec_2.o)
 .debug_frame   0x00002d5c       0xd8 .\CortexM0\ARM_GCC_541\Debug\science wow.a(UART.o)
 .debug_frame   0x00002e34      0x144 .\CortexM0\ARM_GCC_541\Debug\science wow.a(UART_UART.o)
 .debug_frame   0x00002f78      0x124 .\CortexM0\ARM_GCC_541\Debug\science wow.a(Timer_1ms.o)
 .debug_frame   0x0000309c      0x110 .\CortexM0\ARM_GCC_541\Debug\science wow.a(isr_1ms.o)
 .debug_frame   0x000031ac      0x110 .\CortexM0\ARM_GCC_541\Debug\science wow.a(CC2_isr.o)
 .debug_frame   0x000032bc      0x160 .\CortexM0\ARM_GCC_541\Debug\science wow.a(Timer_LEDs.o)
 .debug_frame   0x0000341c      0x110 .\CortexM0\ARM_GCC_541\Debug\science wow.a(isr_LEDs.o)
 .debug_frame   0x0000352c       0x90 .\CortexM0\ARM_GCC_541\Debug\science wow.a(CyFlash.o)
 .debug_frame   0x000035bc       0x30 .\CortexM0\ARM_GCC_541\Debug\science wow.a(cyutils.o)
 .debug_frame   0x000035ec       0x2c .\CortexM0\ARM_GCC_541\Debug\science wow.a(I2C_I2C_INT.o)
 .debug_frame   0x00003618       0xb0 .\CortexM0\ARM_GCC_541\Debug\science wow.a(UART_SPI_UART.o)
 .debug_frame   0x000036c8       0x30 c:/program files (x86)/cypress/psoc creator/4.4/psoc creator/import/gnu/arm/5.4.1/bin/../lib/gcc/arm-none-eabi/5.4.1/../../../../arm-none-eabi/lib/armv6-m\libm.a(lib_a-s_round.o)
 .debug_frame   0x000036f8       0x20 c:/program files (x86)/cypress/psoc creator/4.4/psoc creator/import/gnu/arm/5.4.1/bin/../lib/gcc/arm-none-eabi/5.4.1/armv6-m\libgcc.a(_udivsi3.o)
 .debug_frame   0x00003718       0x20 c:/program files (x86)/cypress/psoc creator/4.4/psoc creator/import/gnu/arm/5.4.1/bin/../lib/gcc/arm-none-eabi/5.4.1/armv6-m\libgcc.a(_divsi3.o)
 .debug_frame   0x00003738       0x34 c:/program files (x86)/cypress/psoc creator/4.4/psoc creator/import/gnu/arm/5.4.1/bin/../lib/gcc/arm-none-eabi/5.4.1/armv6-m\libgcc.a(_muldi3.o)
 .debug_frame   0x0000376c       0x30 c:/program files (x86)/cypress/psoc creator/4.4/psoc creator/import/gnu/arm/5.4.1/bin/../lib/gcc/arm-none-eabi/5.4.1/armv6-m\libgcc.a(bpabi.o)
 .debug_frame   0x0000379c       0x30 c:/program files (x86)/cypress/psoc creator/4.4/psoc creator/import/gnu/arm/5.4.1/bin/../lib/gcc/arm-none-eabi/5.4.1/armv6-m\libgcc.a(addsf3.o)
 .debug_frame   0x000037cc       0x3c c:/program files (x86)/cypress/psoc creator/4.4/psoc creator/import/gnu/arm/5.4.1/bin/../lib/gcc/arm-none-eabi/5.4.1/armv6-m\libgcc.a(divsf3.o)
 .debug_frame   0x00003808       0x38 c:/program files (x86)/cypress/psoc creator/4.4/psoc creator/import/gnu/arm/5.4.1/bin/../lib/gcc/arm-none-eabi/5.4.1/armv6-m\libgcc.a(mulsf3.o)
 .debug_frame   0x00003840       0x30 c:/program files (x86)/cypress/psoc creator/4.4/psoc creator/import/gnu/arm/5.4.1/bin/../lib/gcc/arm-none-eabi/5.4.1/armv6-m\libgcc.a(subsf3.o)
 .debug_frame   0x00003870       0x20 c:/program files (x86)/cypress/psoc creator/4.4/psoc creator/import/gnu/arm/5.4.1/bin/../lib/gcc/arm-none-eabi/5.4.1/armv6-m\libgcc.a(fixsfsi.o)
 .debug_frame   0x00003890       0x2c c:/program files (x86)/cypress/psoc creator/4.4/psoc creator/import/gnu/arm/5.4.1/bin/../lib/gcc/arm-none-eabi/5.4.1/armv6-m\libgcc.a(floatsisf.o)
 .debug_frame   0x000038bc       0x3c c:/program files (x86)/cypress/psoc creator/4.4/psoc creator/import/gnu/arm/5.4.1/bin/../lib/gcc/arm-none-eabi/5.4.1/armv6-m\libgcc.a(adddf3.o)
 .debug_frame   0x000038f8       0x38 c:/program files (x86)/cypress/psoc creator/4.4/psoc creator/import/gnu/arm/5.4.1/bin/../lib/gcc/arm-none-eabi/5.4.1/armv6-m\libgcc.a(eqdf2.o)
 .debug_frame   0x00003930       0x38 c:/program files (x86)/cypress/psoc creator/4.4/psoc creator/import/gnu/arm/5.4.1/bin/../lib/gcc/arm-none-eabi/5.4.1/armv6-m\libgcc.a(gedf2.o)
 .debug_frame   0x00003968       0x38 c:/program files (x86)/cypress/psoc creator/4.4/psoc creator/import/gnu/arm/5.4.1/bin/../lib/gcc/arm-none-eabi/5.4.1/armv6-m\libgcc.a(ledf2.o)
 .debug_frame   0x000039a0       0x3c c:/program files (x86)/cypress/psoc creator/4.4/psoc creator/import/gnu/arm/5.4.1/bin/../lib/gcc/arm-none-eabi/5.4.1/armv6-m\libgcc.a(muldf3.o)
 .debug_frame   0x000039dc       0x38 c:/program files (x86)/cypress/psoc creator/4.4/psoc creator/import/gnu/arm/5.4.1/bin/../lib/gcc/arm-none-eabi/5.4.1/armv6-m\libgcc.a(subdf3.o)
 .debug_frame   0x00003a14       0x2c c:/program files (x86)/cypress/psoc creator/4.4/psoc creator/import/gnu/arm/5.4.1/bin/../lib/gcc/arm-none-eabi/5.4.1/armv6-m\libgcc.a(floatsidf.o)
 .debug_frame   0x00003a40       0x2c c:/program files (x86)/cypress/psoc creator/4.4/psoc creator/import/gnu/arm/5.4.1/bin/../lib/gcc/arm-none-eabi/5.4.1/armv6-m\libgcc.a(extendsfdf2.o)
 .debug_frame   0x00003a6c       0x2c c:/program files (x86)/cypress/psoc creator/4.4/psoc creator/import/gnu/arm/5.4.1/bin/../lib/gcc/arm-none-eabi/5.4.1/armv6-m\libgcc.a(truncdfsf2.o)
 .debug_frame   0x00003a98       0x3c c:/program files (x86)/cypress/psoc creator/4.4/psoc creator/import/gnu/arm/5.4.1/bin/../lib/gcc/arm-none-eabi/5.4.1/armv6-m\libgcc.a(_divdi3.o)
 .debug_frame   0x00003ad4       0x20 c:/program files (x86)/cypress/psoc creator/4.4/psoc creator/import/gnu/arm/5.4.1/bin/../lib/gcc/arm-none-eabi/5.4.1/../../../../arm-none-eabi/lib/armv6-m\libg_nano.a(lib_a-errno.o)
 .debug_frame   0x00003af4       0x28 c:/program files (x86)/cypress/psoc creator/4.4/psoc creator/import/gnu/arm/5.4.1/bin/../lib/gcc/arm-none-eabi/5.4.1/../../../../arm-none-eabi/lib/armv6-m\libg_nano.a(lib_a-exit.o)
 .debug_frame   0x00003b1c       0x2c c:/program files (x86)/cypress/psoc creator/4.4/psoc creator/import/gnu/arm/5.4.1/bin/../lib/gcc/arm-none-eabi/5.4.1/../../../../arm-none-eabi/lib/armv6-m\libg_nano.a(lib_a-init.o)
 .debug_frame   0x00003b48       0x28 c:/program files (x86)/cypress/psoc creator/4.4/psoc creator/import/gnu/arm/5.4.1/bin/../lib/gcc/arm-none-eabi/5.4.1/../../../../arm-none-eabi/lib/armv6-m\libg_nano.a(lib_a-memcpy-stub.o)
 .debug_frame   0x00003b70       0x20 c:/program files (x86)/cypress/psoc creator/4.4/psoc creator/import/gnu/arm/5.4.1/bin/../lib/gcc/arm-none-eabi/5.4.1/../../../../arm-none-eabi/lib/armv6-m\libg_nano.a(lib_a-memset.o)

.debug_str      0x00000000     0x4831
 *(.debug_str)
 .debug_str     0x00000000      0x552 .\CortexM0\ARM_GCC_541\Debug\CANCommon.o
                                0x5be (size before relaxing)
 .debug_str     0x00000552      0x209 .\CortexM0\ARM_GCC_541\Debug\CANGPIO.o
                                0x447 (size before relaxing)
 .debug_str     0x0000075b       0x29 .\CortexM0\ARM_GCC_541\Debug\CANLocalization.o
                                0x194 (size before relaxing)
 .debug_str     0x00000784      0x3b0 .\CortexM0\ARM_GCC_541\Debug\CANMotorUnit.o
                                0x633 (size before relaxing)
 .debug_str     0x00000b34      0x19e .\CortexM0\ARM_GCC_541\Debug\CANPacket.o
                                0x446 (size before relaxing)
 .debug_str     0x00000cd2       0xc9 .\CortexM0\ARM_GCC_541\Debug\CANPower.o
                                0x32c (size before relaxing)
 .debug_str     0x00000d9b      0x121 .\CortexM0\ARM_GCC_541\Debug\CANScience.o
                                0x34e (size before relaxing)
 .debug_str     0x00000ebc      0x28e .\CortexM0\ARM_GCC_541\Debug\PortPSOC_CY8C4248AZI_L485.o
                                0x490 (size before relaxing)
 .debug_str     0x0000114a      0x18c .\CortexM0\ARM_GCC_541\Debug\PCA9685.o
                                0x34e (size before relaxing)
 .debug_str     0x000012d6      0x322 .\CortexM0\ARM_GCC_541\Debug\main.o
                                0x68f (size before relaxing)
 .debug_str     0x000015f8      0x132 .\CortexM0\ARM_GCC_541\Debug\sensor.o
                                0x441 (size before relaxing)
 .debug_str     0x0000172a       0x29 .\CortexM0\ARM_GCC_541\Debug\servo.o
                                0x242 (size before relaxing)
 .debug_str     0x00001753       0x34 .\CortexM0\ARM_GCC_541\Debug\Milliseconds.o
                                0x1e3 (size before relaxing)
 .debug_str     0x00001787      0x11e .\CortexM0\ARM_GCC_541\Debug\cyfitter_cfg.o
                                0x2f6 (size before relaxing)
 .debug_str     0x000018a5       0x59 .\CortexM0\ARM_GCC_541\Debug\cymetadata.o
                                0x1d6 (size before relaxing)
 .debug_str     0x000018fe      0x135 .\CortexM0\ARM_GCC_541\Debug\Cm0Start.o
                                0x30f (size before relaxing)
 .debug_str     0x00001a33      0x2e2 .\CortexM0\ARM_GCC_541\Debug\science wow.a(CAN.o)
                                0x544 (size before relaxing)
 .debug_str     0x00001d15       0x29 .\CortexM0\ARM_GCC_541\Debug\science wow.a(CAN_INT.o)
                                0x1b2 (size before relaxing)
 .debug_str     0x00001d3e       0x69 .\CortexM0\ARM_GCC_541\Debug\science wow.a(CAN_TX_RX_func.o)
                                0x2d7 (size before relaxing)
 .debug_str     0x00001da7      0x8b9 .\CortexM0\ARM_GCC_541\Debug\science wow.a(CyLib.o)
                                0xb56 (size before relaxing)
 .debug_str     0x00002660      0x6d9 .\CortexM0\ARM_GCC_541\Debug\science wow.a(CyLFClk.o)
                                0x92b (size before relaxing)
 .debug_str     0x00002d39       0xa2 .\CortexM0\ARM_GCC_541\Debug\science wow.a(DBG_LED.o)
                                0x252 (size before relaxing)
 .debug_str     0x00002ddb       0x87 .\CortexM0\ARM_GCC_541\Debug\science wow.a(ERR_LED.o)
                                0x252 (size before relaxing)
 .debug_str     0x00002e62       0x87 .\CortexM0\ARM_GCC_541\Debug\science wow.a(CAN_LED.o)
                                0x252 (size before relaxing)
 .debug_str     0x00002ee9      0x180 .\CortexM0\ARM_GCC_541\Debug\science wow.a(ADC.o)
                                0x3e6 (size before relaxing)
 .debug_str     0x00003069       0x35 .\CortexM0\ARM_GCC_541\Debug\science wow.a(ADC_INT.o)
                                0x1cb (size before relaxing)
 .debug_str     0x0000309e       0xf0 .\CortexM0\ARM_GCC_541\Debug\science wow.a(I2C.o)
                                0x2cc (size before relaxing)
 .debug_str     0x0000318e       0x74 .\CortexM0\ARM_GCC_541\Debug\science wow.a(I2C_I2C.o)
                                0x25c (size before relaxing)
 .debug_str     0x00003202      0x1f4 .\CortexM0\ARM_GCC_541\Debug\science wow.a(I2C_I2C_MASTER.o)
                                0x4c4 (size before relaxing)
 .debug_str     0x000033f6       0x79 .\CortexM0\ARM_GCC_541\Debug\science wow.a(Status_Reg_LIM.o)
                                0x281 (size before relaxing)
 .debug_str     0x0000346f      0x101 .\CortexM0\ARM_GCC_541\Debug\science wow.a(isr_LIM.o)
                                0x314 (size before relaxing)
 .debug_str     0x00003570      0x46d .\CortexM0\ARM_GCC_541\Debug\science wow.a(QuadDec_1.o)
                                0x667 (size before relaxing)
 .debug_str     0x000039dd      0x377 .\CortexM0\ARM_GCC_541\Debug\science wow.a(QuadDec_2.o)
                                0x667 (size before relaxing)
 .debug_str     0x00003d54       0xdb .\CortexM0\ARM_GCC_541\Debug\science wow.a(UART.o)
                                0x2a5 (size before relaxing)
 .debug_str     0x00003e2f      0x1eb .\CortexM0\ARM_GCC_541\Debug\science wow.a(UART_UART.o)
                                0x3d6 (size before relaxing)
 .debug_str     0x0000401a      0x1ac .\CortexM0\ARM_GCC_541\Debug\science wow.a(Timer_1ms.o)
                                0x391 (size before relaxing)
 .debug_str     0x000041c6       0xe5 .\CortexM0\ARM_GCC_541\Debug\science wow.a(isr_1ms.o)
                                0x314 (size before relaxing)
 .debug_str     0x000042ab       0xf2 .\CortexM0\ARM_GCC_541\Debug\science wow.a(CC2_isr.o)
                                0x314 (size before relaxing)
 .debug_str     0x0000439d      0x197 .\CortexM0\ARM_GCC_541\Debug\science wow.a(Timer_LEDs.o)
                                0x3b9 (size before relaxing)
 .debug_str     0x00004534       0xff .\CortexM0\ARM_GCC_541\Debug\science wow.a(isr_LEDs.o)
                                0x322 (size before relaxing)
 .debug_str     0x00004633       0xab .\CortexM0\ARM_GCC_541\Debug\science wow.a(CyFlash.o)
                                0x2be (size before relaxing)
 .debug_str     0x000046de       0x29 .\CortexM0\ARM_GCC_541\Debug\science wow.a(cyutils.o)
                                0x1cb (size before relaxing)
 .debug_str     0x00004707       0x47 .\CortexM0\ARM_GCC_541\Debug\science wow.a(I2C_I2C_INT.o)
                                0x2cc (size before relaxing)
 .debug_str     0x0000474e       0xe3 .\CortexM0\ARM_GCC_541\Debug\science wow.a(UART_SPI_UART.o)
                                0x2dc (size before relaxing)

.debug_loc      0x00000000     0x8b1d
 *(.debug_loc)
 .debug_loc     0x00000000      0x926 .\CortexM0\ARM_GCC_541\Debug\CANCommon.o
 .debug_loc     0x00000926      0x620 .\CortexM0\ARM_GCC_541\Debug\CANGPIO.o
 .debug_loc     0x00000f46      0xd32 .\CortexM0\ARM_GCC_541\Debug\CANMotorUnit.o
 .debug_loc     0x00001c78      0x540 .\CortexM0\ARM_GCC_541\Debug\CANPacket.o
 .debug_loc     0x000021b8      0x1bb .\CortexM0\ARM_GCC_541\Debug\CANPower.o
 .debug_loc     0x00002373      0x289 .\CortexM0\ARM_GCC_541\Debug\CANScience.o
 .debug_loc     0x000025fc      0x112 .\CortexM0\ARM_GCC_541\Debug\PortPSOC_CY8C4248AZI_L485.o
 .debug_loc     0x0000270e      0x37f .\CortexM0\ARM_GCC_541\Debug\PCA9685.o
 .debug_loc     0x00002a8d      0x114 .\CortexM0\ARM_GCC_541\Debug\main.o
 .debug_loc     0x00002ba1      0x3f6 .\CortexM0\ARM_GCC_541\Debug\sensor.o
 .debug_loc     0x00002f97      0x185 .\CortexM0\ARM_GCC_541\Debug\servo.o
 .debug_loc     0x0000311c      0x136 .\CortexM0\ARM_GCC_541\Debug\cyfitter_cfg.o
 .debug_loc     0x00003252      0x14f .\CortexM0\ARM_GCC_541\Debug\Cm0Start.o
 .debug_loc     0x000033a1      0xa5e .\CortexM0\ARM_GCC_541\Debug\science wow.a(CAN.o)
 .debug_loc     0x00003dff      0x17f .\CortexM0\ARM_GCC_541\Debug\science wow.a(CAN_TX_RX_func.o)
 .debug_loc     0x00003f7e     0x18f5 .\CortexM0\ARM_GCC_541\Debug\science wow.a(CyLib.o)
 .debug_loc     0x00005873      0xdb7 .\CortexM0\ARM_GCC_541\Debug\science wow.a(CyLFClk.o)
 .debug_loc     0x0000662a       0xa2 .\CortexM0\ARM_GCC_541\Debug\science wow.a(DBG_LED.o)
 .debug_loc     0x000066cc       0xa2 .\CortexM0\ARM_GCC_541\Debug\science wow.a(ERR_LED.o)
 .debug_loc     0x0000676e       0xa2 .\CortexM0\ARM_GCC_541\Debug\science wow.a(CAN_LED.o)
 .debug_loc     0x00006810      0x4ba .\CortexM0\ARM_GCC_541\Debug\science wow.a(ADC.o)
 .debug_loc     0x00006cca       0x7e .\CortexM0\ARM_GCC_541\Debug\science wow.a(I2C.o)
 .debug_loc     0x00006d48      0xa49 .\CortexM0\ARM_GCC_541\Debug\science wow.a(I2C_I2C_MASTER.o)
 .debug_loc     0x00007791       0x44 .\CortexM0\ARM_GCC_541\Debug\science wow.a(Status_Reg_LIM.o)
 .debug_loc     0x000077d5       0x82 .\CortexM0\ARM_GCC_541\Debug\science wow.a(isr_LIM.o)
 .debug_loc     0x00007857      0x547 .\CortexM0\ARM_GCC_541\Debug\science wow.a(QuadDec_1.o)